ClioInput - version @@VERSION@@ - build @@BUILD@@ @@DATE@@
10-8-2018 14-28

Processing data file /Users/jrc/mhk-home/sources/soure/documents/irmaos_misericordia/eleicoes3.cli
-------------------------------------------
Generic Act translation module with geoentities (XML).
     Joaquim Ramos de Carvalho (joaquim@uc.pt) 
** New document: kleio
=========================
kleio translation started
=========================
Structure: gacto2.str
Prefix: 
Autorel: 
Translation count: 
Obs: 
Translation count not set or invalid, counting as zero: 
** Processing source fonte$mis mesa3
9: amz$amz1
53: amz$amz2
97: amz$amz3
100: amz$amz4
146: amz$amz5
194: amz$amz6
197: amz$amz7
259: amz$amz8
*** End of File
** Processed file- /Users/jrc/mhk-home/sources/soure/documents/irmaos_misericordia/eleicoes3.cli
** Original file- /Users/jrc/mhk-home/sources/soure/documents/irmaos_misericordia/eleicoes3.org
** Previous version- /Users/jrc/mhk-home/sources/soure/documents/irmaos_misericordia/eleicoes3.old
** Temp file with ids- /Users/jrc/mhk-home/sources/soure/documents/irmaos_misericordia/eleicoes3.ids
0  errors. 
0  warnings.
Translation finished.
