ClioInput - version 2019.A1 - build 507 15/07/2019 21:58 
9-2-2020 15-45

Processing data file b1695.cli
-------------------------------------------
Generic Act translation module with geoentities (XML).
     Joaquim Ramos de Carvalho (joaquim@uc.pt) 
** New document: kleio
=========================
kleio translation started
=========================
Structure: gacto.str
Prefix: 
Autorel: 
Translation count: 2
Obs: 
** Processing source fonte$baptismos 1695
6: b$b1695.1
21: b$b1695.2
41: b$b1695.3
67: b$b1695.4
84: b$b1695.5
103: b$b1695.6
122: b$b1695.7
135: b$b1695.8
152: b$b1695.9
169: b$b1695.10
194: b$b1695.11
211: b$b1695.12
237: b$b1695.13
254: b$b1695.14
272: b$b1695.15
288: b$b1695.16
305: b$b1695.17
325: b$b1695.18
346: b$b1695.19
363: b$b1695.20
372: b$b1695.21
390: b$b1695.22
407: b$b1695.23
425: b$b1695.24
442: b$b1695.25
462: b$b1695.26
481: b$b1695.27
499: b$b1695.28
517: b$b1695.29
534: b$b1695.30
550: b$b1695.31
568: b$b1695.32
586: b$b1695.33
603: b$b1695.34
625: b$b1695.35
643: b$b1695.36
661: b$b1695.37
679: b$b1695.38
701: b$b1695.39
717: b$b1695.40
736: b$b1695.41
751: b$b1695.42
769: b$b1695.43
781: b$b1695.44
796: b$b1695.45
812: b$b1695.46
830: b$b1695.47
847: b$b1695.48
864: b$b1695.49
883: b$b1695.50
900: b$b1695.51
917: b$b1695.52
936: b$b1695.53
959: b$b1695.54
970: b$b1695.55
987: b$b1695.56
1004: b$b1695.57
1021: b$b1695.58
1038: b$b1695.59
1057: b$b1695.60
1074: b$b1695.61
1091: b$b1695.62
1110: b$b1695.63
1129: b$b1695.64
1147: b$b1695.65
1165: b$b1695.66
1183: b$b1695.67
1202: b$b1695.68
1223: b$b1695.69
1241: b$b1695.70
1259: b$b1695.71
1277: b$b1695.72
1293: b$b1695.76
1309: b$b1695.77
1326: b$b1695.78
1341: b$b1695.79
1357: b$b1695.80
1376: b$b1695.81
1399: b$b1695.82
1416: b$b1695.83
1431: b$b1695.84
1446: b$b1695.85
1464: b$b1695.86
1483: b$b1695.87
1498: b$b1695.88
1515: b$b1695.89
1535: b$b1695.90
1553: b$b1695.91
1568: b$b1695.92
1587: b$b1695.93
1604: b$b1695.94
1621: b$b1695.95
*** End of File

WARNING: b1695.cli line 177  "SAME AS" TO EXTERNAL REFERENCE EXPORTED (c113-7) CHECK IF IT EXISTS BEFORE IMPORTING THIS FILE.
Near lines: 177 Near line: 178 

WARNING: b1695.cli line 201  "SAME AS" TO EXTERNAL REFERENCE EXPORTED (c180-7) CHECK IF IT EXISTS BEFORE IMPORTING THIS FILE.
Near lines: 201 Near line: 202 

WARNING: b1695.cli line 382  "SAME AS" TO EXTERNAL REFERENCE EXPORTED (c24-7) CHECK IF IT EXISTS BEFORE IMPORTING THIS FILE.
Near lines: 382 Near line: 383 

WARNING: b1695.cli line 632  "SAME AS" TO EXTERNAL REFERENCE EXPORTED (c180-7) CHECK IF IT EXISTS BEFORE IMPORTING THIS FILE.
Near lines: 632 Near line: 633 

WARNING: b1695.cli line 771  "SAME AS" TO EXTERNAL REFERENCE EXPORTED (c6-7) CHECK IF IT EXISTS BEFORE IMPORTING THIS FILE.
Near lines: 771 Near line: 772 

WARNING: b1695.cli line 1099  "SAME AS" TO EXTERNAL REFERENCE EXPORTED (c12-7) CHECK IF IT EXISTS BEFORE IMPORTING THIS FILE.
Near lines: 1099 Near line: 1100 

WARNING: b1695.cli line 1102  "SAME AS" TO EXTERNAL REFERENCE EXPORTED (c1712.14-r1) CHECK IF IT EXISTS BEFORE IMPORTING THIS FILE.
Near lines: 1102 Near line: 1103 

WARNING: b1695.cli line 1105  "SAME AS" TO EXTERNAL REFERENCE EXPORTED (c1712.14-r2) CHECK IF IT EXISTS BEFORE IMPORTING THIS FILE.
Near lines: 1105 Near line: 1106 

WARNING: b1695.cli line 1301  "SAME AS" TO EXTERNAL REFERENCE EXPORTED (c24-7) CHECK IF IT EXISTS BEFORE IMPORTING THIS FILE.
Near lines: 1301 Near line: 1302 

WARNING: b1695.cli line 1413  "SAME AS" TO EXTERNAL REFERENCE EXPORTED (c119-9) CHECK IF IT EXISTS BEFORE IMPORTING THIS FILE.
Near lines: 1413 Near line: 1414 

WARNING: b1695.cli line 1439  "SAME AS" TO EXTERNAL REFERENCE EXPORTED (c180-7) CHECK IF IT EXISTS BEFORE IMPORTING THIS FILE.
Near lines: 1439 Near line: 1440 

WARNING: b1695.cli line 1455  "SAME AS" TO EXTERNAL REFERENCE EXPORTED (c24-7) CHECK IF IT EXISTS BEFORE IMPORTING THIS FILE.
Near lines: 1455 Near line: 1456 

WARNING: b1695.cli line 1491  "SAME AS" TO EXTERNAL REFERENCE EXPORTED (c180-7) CHECK IF IT EXISTS BEFORE IMPORTING THIS FILE.
Near lines: 1491 Near line: 1492 

WARNING: b1695.cli line 1576  "SAME AS" TO EXTERNAL REFERENCE EXPORTED (c180-7) CHECK IF IT EXISTS BEFORE IMPORTING THIS FILE.
Near lines: 1576 Near line: 1577 

WARNING: b1695.cli line 1631  "SAME AS" TO EXTERNAL REFERENCE EXPORTED (c5-8) CHECK IF IT EXISTS BEFORE IMPORTING THIS FILE.
Near lines: 1631 Near line: 1632 
** Processed file- /kleio-home/sources/soure/soure-sources/sources/soure_fase1/baptismos/b1695.cli
** Original file- /kleio-home/sources/soure/soure-sources/sources/soure_fase1/baptismos/b1695.org
** Previous version- /kleio-home/sources/soure/soure-sources/sources/soure_fase1/baptismos/b1695.old
** Temp file with ids- /kleio-home/sources/soure/soure-sources/sources/soure_fase1/baptismos/b1695.ids
0  errors. 
15  warnings.
Translation finished.
