ClioInput - version @@VERSION@@ - build @@BUILD@@ @@DATE@@
10-8-2018 14-44

Processing data file /Users/jrc/mhk-home/sources/soure/documents/obitos/ob1693.cli
-------------------------------------------
Generic Act translation module with geoentities (XML).
     Joaquim Ramos de Carvalho (joaquim@uc.pt) 
** New document: kleio
=========================
kleio translation started
=========================
Structure: gacto2.str
Prefix: 
Autorel: 
Translation count: 
Obs: 
Translation count not set or invalid, counting as zero: 
** Processing source fonte$obitos-1693
6: o$obitos-1693-his4333
17: o$obitos-1693-his4334
28: o$obitos-1693-his4335
38: o$obitos-1693-his4336
47: o$obitos-1693-his4337
59: o$obitos-1693-his4338
70: o$obitos-1693-his4339
83: o$obitos-1693-his4340
90: o$obitos-1693-his4341
99: o$obitos-1693-his4342
113: o$obitos-1693-his4343
129: o$obitos-1693-his4344
144: o$obitos-1693-his4345
153: o$obitos-1693-his4346
167: o$obitos-1693-his4347
179: o$obitos-1693-his4348
189: o$obitos-1693-his4349
200: o$obitos-1693-his4350
211: o$obitos-1693-his4351
220: o$obitos-1693-his4352
232: o$obitos-1693-his4353
245: o$obitos-1693-his4354
258: o$obitos-1693-his4355
269: o$obitos-1693-his4356
278: o$obitos-1693-his4357
290: o$obitos-1693-his4358
301: o$obitos-1693-his4359
312: o$obitos-1693-his4360
325: o$obitos-1693-his4361
336: o$obitos-1693-his4362
347: o$obitos-1693-his4363
358: o$obitos-1693-his4364
369: o$obitos-1693-his4365
*** End of File
** Processed file- /Users/jrc/mhk-home/sources/soure/documents/obitos/ob1693.cli
** Original file- /Users/jrc/mhk-home/sources/soure/documents/obitos/ob1693.org
** Previous version- /Users/jrc/mhk-home/sources/soure/documents/obitos/ob1693.old
** Temp file with ids- /Users/jrc/mhk-home/sources/soure/documents/obitos/ob1693.ids
0  errors. 
0  warnings.
Translation finished.
