ClioInput - version @@VERSION@@ - build @@BUILD@@ @@DATE@@
10-8-2018 14-44

Processing data file /Users/jrc/mhk-home/sources/soure/documents/obitos/ob1695.cli
-------------------------------------------
Generic Act translation module with geoentities (XML).
     Joaquim Ramos de Carvalho (joaquim@uc.pt) 
** New document: kleio
=========================
kleio translation started
=========================
Structure: gacto2.str
Prefix: 
Autorel: 
Translation count: 
Obs: 
Translation count not set or invalid, counting as zero: 
** Processing source fonte$obitos-1695
6: o$obitos-1695-his4404
18: o$obitos-1695-his4405
29: o$obitos-1695-his4406
43: o$obitos-1695-his4407
56: o$obitos-1695-his4408
67: o$obitos-1695-his4409
80: o$obitos-1695-his4410
91: o$obitos-1695-his4411
101: o$obitos-1695-his4412
112: o$obitos-1695-his4413
125: o$obitos-1695-his4414
139: o$obitos-1695-his4415
151: o$obitos-1695-his4416
162: o$obitos-1695-his4417
176: o$obitos-1695-his4418
189: o$obitos-1695-his4419
201: o$obitos-1695-his4420
214: o$obitos-1695-his4421
226: o$obitos-1695-his4422
243: o$obitos-1695-his4423
258: o$obitos-1695-his4424
272: o$obitos-1695-his4425
288: o$obitos-1695-his4426
299: o$obitos-1695-his4427
313: o$obitos-1695-his4428
326: o$obitos-1695-his4429
337: o$obitos-1695-his4430
351: o$obitos-1695-his4431
361: o$obitos-1695-his4432
373: o$obitos-1695-his4433
380: o$obitos-1695-his4434
394: o$obitos-1695-his4435
407: o$obitos-1695-his4436
420: o$obitos-1695-his4437
435: o$obitos-1695-his4438
445: o$obitos-1695-his4439
456: o$obitos-1695-his4440
468: o$obitos-1695-his4441
481: o$obitos-1695-his4442
490: o$obitos-1695-his4443
*** End of File
** Processed file- /Users/jrc/mhk-home/sources/soure/documents/obitos/ob1695.cli
** Original file- /Users/jrc/mhk-home/sources/soure/documents/obitos/ob1695.org
** Previous version- /Users/jrc/mhk-home/sources/soure/documents/obitos/ob1695.old
** Temp file with ids- /Users/jrc/mhk-home/sources/soure/documents/obitos/ob1695.ids
0  errors. 
0  warnings.
Translation finished.
