ClioInput - version @@VERSION@@ - build @@BUILD@@ @@DATE@@
13-6-2019 16-39

Processing data file ob1694.cli
-------------------------------------------
Generic Act translation module with geoentities (XML).
     Joaquim Ramos de Carvalho (joaquim@uc.pt) 
** New document: kleio
1: kleio$gacto2.str/translations=1
=========================
kleio translation started
=========================
Structure: gacto2.str
Prefix: 
Autorel: 
Translation count: 1
Obs: 
2:    fonte$obitos-1694/tipo=reg paroquiais/localizacao=53-56/data=16940000/obs=luis alvares pinto
3: 
** Processing source fonte$obitos-1694
4:       o$3/1/1694/id=obitos-1694-his4366
5: 
6: o$obitos-1694-his4366
6:          n$maria carvalha/f/id=obitos-1694-his4366-per1
7:             ls$ec/v
8:             ls$residencia/soure
9: 
10:          locs$igreja de nossa senhora de finisterra
11: 
12:       o$7/1/1694/id=obitos-1694-his4367
13: 
14: o$obitos-1694-his4367
14:          n$antonia colaco?/f/id=obitos-1694-his4367-per1
15:             ls$residencia/soure
16: 
17:             mae$manuel duarte/m/id=obitos-1694-his4367-per1-per2
18: 
19:          sacr$sim
20: 
21:          locs$igreja de s.tiago
22: 
23:          oficios$1 de 9
24: 
25:       o$18/1/1694/id=obitos-1694-his4368
26: 
27: o$obitos-1694-his4368
27:          n$manuel joao guarriapa?/m/id=obitos-1694-his4368-per1
28:             ls$residencia/moinhos dos simoes
29: 
30:          sacr$sim
31: 
32:          locs$igreja de nossa senhora de finisterra
33: 
34:          oficios$1 de 9
35: 
36:       o$21/1/1694/id=obitos-1694-his4369
37: 
38: o$obitos-1694-his4369
38:          n$simao luis/m/id=obitos-1694-his4369-per1
39:             ls$residencia/paleao
40: 
41:          sacr$sim
42: 
43:          locs$igreja de nossa senhora de finisterra
44: 
45:          oficios$3 de 9
46: 
47:       o$23/1/1694/obs=fora de ordem/id=obitos-1694-his4370
48: 
49: o$obitos-1694-his4370
49:          n$maria luis/f/id=obitos-1694-his4370-per1
50: 
51:             marido$mateus gomes carreiro/m/id=obitos-1694-his4370-per1-per2
52:                ls$residencia/soure
53: 
54:          locs$adro
55: 
56:          sacr$sim
57: 
58:       o$28/1/1694/id=obitos-1694-his4371
59: 
60: o$obitos-1694-his4371
60:          n$maria cardoso/f/id=obitos-1694-his4371-per1
61:             ls$residencia/paleao
62:             ls$ec/v
63: 
64:          causa$acidente
65: 
66:          sacr$nao
67: 
68:          locs$adro
69: 
70:       o$29/1/1694/id=obitos-1694-his4372
71: 
72: o$obitos-1694-his4372
72:          n$catarina luisa/f/id=obitos-1694-his4372-per1
73: 
74:             marido$simao jorge/m/id=obitos-1694-his4372-per1-per2
75:                ls$residencia/casal do rei
76: 
77:          locs$adro
78: 
79:          sacr$sim
80: 
81:          oficios$1 de 3
82: 
83:       o$4/2/1694/id=obitos-1694-his4373
84: 
85: o$obitos-1694-his4373
85:          n$manuel rodrigues galvao/m/id=obitos-1694-his4373-per1
86:             ls$residencia/sobral
87: 
88:          sacr$sim
89: 
90:          locs$adro
91: 
92:       o$7/2/1694/id=obitos-1694-his4374
93: 
94: o$obitos-1694-his4374
94:          n$domingas rodrigues/f/id=obitos-1694-his4374-per1
95:             ls$ec/v
96:             ls$residencia/soure
97: 
98:          oficios$3 de 3
99: 
100:          locs$adro
101: 
102:       o$30/3/1694/id=obitos-1694-his4375
103: 
104: o$obitos-1694-his4375
104:          n$manuel/m/id=obitos-1694-his4375-per1
105:             rel$parentesco/filho/manuel domingues melenas/ro16940330
106: 
107:             referido$manuel domingues melenas/m/id=ro16940330
108:                ls$residencia/sobral
109: 
110:          sacr$sim
111: 
112:          locs$adro
113: 
114:          oficios$1 de 9
115: 
116:       o$30/3/1694/id=obitos-1694-his4376
117: 
118: o$obitos-1694-his4376
118:          n$isabel joao/f/id=obitos-1694-his4376-per1
119:             ls$residencia/sobral
120:             ls$ec/v
121: 
122:          sacr$sim
123: 
124:          locs$adro
125: 
126:          oficios$1 de 3
127: 
128:       o$1/4/1694/id=obitos-1694-his4377
129: 
130: o$obitos-1694-his4377
130:          n$antonia carrasco/f/id=obitos-1694-his4377-per1
131:             ls$residencia/soure
132: 
133:          sacr$sim
134: 
135:          locs$adro
136: 
137:       o$19/4/1694/id=obitos-1694-his4378
138: 
139: o$obitos-1694-his4378
139:          n$maria morais/f/id=obitos-1694-his4378-per1
140:             ls$residencia/soure
141: 
142:          sacr$nao
143: 
144:          causa$acidente
145: 
146:          locs$adro
147: 
148:          oficios$1 de 3
149: 
150:       o$19/4/1694/id=obitos-1694-his4379
151: 
152: o$obitos-1694-his4379
152:          n$manuel de oliveira paleao/m/id=obitos-1694-his4379-per1
153:             ls$residencia/soure
154: 
155:          sacr$sim
156: 
157:          locs$adro
158: 
159:       o$20/4/1694/id=obitos-1694-his4380
160: 
161: o$obitos-1694-his4380
161:          n$maria joao/f/id=obitos-1694-his4380-per1
162:             ls$ec/v
163:             ls$residencia/soure
164: 
165:          sacr$sim
166: 
167:          locs$igreja de s.francisco
168: 
169:       o$2/5/1694/obs=fora de ordem/id=obitos-1694-his4381
170: 
171: o$obitos-1694-his4381
171:          n$inacio coelho/m/id=obitos-1694-his4381-per1
172: 
173:          sacr$sim
174: 
175:          locs$igreja de s.francisco
176: 
177:       o$5/5/1694/id=obitos-1694-his4382
178: 
179: o$obitos-1694-his4382
179:          n$diogo da costa gramasso/m/id=obitos-1694-his4382-per1
180:             ls$residencia/quinta do pai daniel%quinta de paio daniel
181: 
182:          locs$igreja de s.tiago na sepultura de seus antepassados
183: 
184:          sacr$sim
185: 
186:          oficios$1 de corpo presente e 2 de 9
187: 
188:       o$11/5/1694/id=obitos-1694-his4383
189: 
190: o$obitos-1694-his4383
190:          n$maria gomes/f/id=obitos-1694-his4383-per1
191:             ls$ec/v
192: 
193:             marido$pedro gomes/m/id=obitos-1694-his4383-per1-per2
194:                ls$residencia/casal do barril
195: 
196:          sacr$sim
197: 
198:          locs$igreja de s.mateus/obs=o assento diz que ela elegeu sepultura nesta igreja
199: 
200:          oficios$1 de 9
201: 
202:       o$16/5/1694/id=obitos-1694-his4384
203: 
204: o$obitos-1694-his4384
204:          n$catarina fernandes/f/id=obitos-1694-his4384-per1
205:             ls$ec/c
206: 
207:             marido$manuel goncalves malado/m/id=obitos-1694-his4384-per1-per2
208:                ls$residencia/mogadouro
209: 
210:          sacr$sim
211: 
212:          locs$adro
213: 
214:          oficios$1 de 9
215: 
216:       o$27/5/1694/id=obitos-1694-his4385
217: 
218: o$obitos-1694-his4385
218:          n$isabel/f/id=obitos-1694-his4385-per1
219:             rel$parentesco/filha/antonio madeira/ro16940527
220: 
221:             referido$antonio madeira/m/id=ro16940527
222:                ls$residencia/cascao
223: 
224:          sacr$sim
225: 
226:          locs$adro
227: 
228:          oficios$2 de 3
229: 
230:       o$3/8/1694/id=obitos-1694-his4386
231: 
232: o$obitos-1694-his4386
232:          n$maria rodrigues/f/id=obitos-1694-his4386-per1
233: 
234:             marido$manuel rodrigues/m/id=obitos-1694-his4386-per1-per2
235:                ls$residencia/casconho
236: 
237:          oficios$1 de 9
238: 
239:       o$5/8/1694/id=obitos-1694-his4387
240: 
241: o$obitos-1694-his4387
241:          sacr$sim
242: 
243:          n$maria esteves/f/id=obitos-1694-his4387-per1
244:             ls$ec/v
245: 
246:             marido$andre fernandes/m/id=obitos-1694-his4387-per1-per2
247:                ls$residencia/amoreira%da Moreira
248: 
249:          locs$adro
250: 
251:          oficios$3 de 3
252: 
253:       o$15/8/1694/obs=esta fora de ordem/id=obitos-1694-his4388
254: 
255: o$obitos-1694-his4388
255:          n$domingas/f/id=obitos-1694-his4388-per1
256:             rel$parentesco/filha/antonio joao/ro16940815
257: 
258:             referido$antonio joao/m/id=ro16940815
259:                ls$residencia/mogadouro
260: 
261:          sacr$sim
262: 
263:          locs$adro
264: 
265:          oficios$2 de 3
266: 
267:       o$18/8/1694/id=obitos-1694-his4389
268: 
269: o$obitos-1694-his4389
269:          sacr$sim
270: 
271:          n$maria gomes/f/id=obitos-1694-his4389-per1
272:             ls$ec/v
273: 
274:             marido$simao luis/id=obitos-1694-his4389-per1-per2
275:                ls$residencia/paleao
276: 
277:          locs$igreja de nossa senhora de finisterra
278: 
279:          oficios$3 de 9
280: 
281:       o$19/8/1694/obs=esta fora de ordem/id=obitos-1694-his4390
282: 
283: o$obitos-1694-his4390
283:          n$catarina de gouveia/f/id=obitos-1694-his4390-per1
284:             ls$residencia/soure
285: 
286:          locs$adro
287: 
288:       o$22/8/1694/id=obitos-1694-his4391
289: 
290: o$obitos-1694-his4391
290:          n$isabel cordeira/f/id=obitos-1694-his4391-per1
291:             ls$ec/c
292: 
293:             marido$joao rodrigues/m/id=obitos-1694-his4391-per1-per2
294:                ls$residencia/casal novo
295: 
296:          locs$ermida de s.to andre/obs=por ai ter eleito a sua sepultura
297: 
298:          oficios$1 de 9
299: 
300:       o$6/10/1694/id=obitos-1694-his4392
301: 
302: o$obitos-1694-his4392
302:          n$joao/m/id=obitos-1694-his4392-per1
303:             rel$parentesco/filho/mateus rodrigues/ro16941006
304: 
305:             referido$mateus rodrigues/m/id=ro16941006
306: 
307:          sacr$sim
308: 
309:          locs$adro
310: 
311:          oficios$2 de 3
312: 
313:       o$3/11/1694/id=obitos-1694-his4393
314: 
315: o$obitos-1694-his4393
315:          n$antonio cordeiro/m/id=obitos-1694-his4393-per1
316:             ls$alcunha/moco
317:             ls$residencia/louzoes
318: 
319:          sacr$sim
320: 
321:          locs$adro
322: 
323:       o$14/11/1694/id=obitos-1694-his4394
324: 
325: o$obitos-1694-his4394
325:          n$catarina de torres/f/id=obitos-1694-his4394-per1
326:             ls$residencia/soure
327: 
328:          sacr$sim%sub conditione
329: 
330:          causa$acidente
331: 
332:          locs$igeja de s.tiago
333: 
334:          oficios$3 de 3
335: 
336:       o$18/11/1694/id=obitos-1694-his4395
337: 
338: o$obitos-1694-his4395
338:          n$joao simoes/m/id=obitos-1694-his4395-per1
339:             ls$residencia/alencarce
340: 
341:          sacr$sim
342: 
343:          locs$adro
344: 
345:          oficios$1 de 9
346: 
347:       o$18/11/1694/id=obitos-1694-his4396
348: 
349: o$obitos-1694-his4396
349:          n$domingas da conceicao/f/id=obitos-1694-his4396-per1
350: 
351:             marido$domingos andre/m/id=obitos-1694-his4396-per1-per2
352:                ls$residencia/barrosas
353: 
354:          causa$mau parto
355: 
356:          sacr$nao/obs=e condenei por isso o marido
357: 
358:          oficios$3 de 3
359: 
360:       o$1/12/1694/id=obitos-1694-his4397
361: 
362: o$obitos-1694-his4397
362:          n$antonia joao/f/id=obitos-1694-his4397-per1
363: 
364:             marido$manuel domingos/m/id=obitos-1694-his4397-per1-per2
365:                ls$residencia/sobral
366: 
367:          sacr$sim
368: 
369:          locs$ermida de s.miguel/obs=onde elegeu seputura
370: 
371:          oficios$1 de 9
372: 
373:       o$2/12/1694/id=obitos-1694-his4398
374: 
375: o$obitos-1694-his4398
375:          n$antonia rodrigues/f/id=obitos-1694-his4398-per1
376:             ls$alcunha/centeia
377: 
378:          sacr$sim
379: 
380:          locs$adro
381: 
382:       o$3/12/1694/id=obitos-1694-his4399
383: 
384: o$obitos-1694-his4399
384:          n$manuel rodrigues/m/id=obitos-1694-his4399-per1
385:             ls$residencia/carvalheira
386: 
387:          oficios$1
388: 
389:          locs$tapeus
390: 
391:       o$6/12/1694/id=obitos-1694-his4400
392: 
393: o$obitos-1694-his4400
393:          n$sebastiana rodrigues/f/id=obitos-1694-his4400-per1
394:             ls$residencia/paleao
395:             ls$ec/v
396: 
397:          sacr$sim
398: 
399:          locs$ermida do paleao
400: 
401:          oficios$2 de 3
402: 
403:       o$7/12/1694/id=obitos-1694-his4401
404: 
405: o$obitos-1694-his4401
405:          n$joao goncalves/m/id=obitos-1694-his4401-per1
406:             ls$residencia/barril
407: 
408:          locs$adro
409: 
410:          sacr$sim
411: 
412:          oficios$3 de 3
413: 
414:       o$19/12/1694/id=obitos-1694-his4402
415: 
416: o$obitos-1694-his4402
416:          n$maria goncalves/f/id=obitos-1694-his4402-per1
417:             ls$ec/c
418: 
419:             marido$antonio pires/m/id=obitos-1694-his4402-per1-per2
420:                ls$residencia/assamassa
421: 
422:          locs$ermida do espirito santo
423: 
424:          oficios$1 de 9
425: 
426:       o$26/12/1694/id=obitos-1694-his4403
427: 
428: o$obitos-1694-his4403
428:          n$isabel gaspar/f/id=obitos-1694-his4403-per1
429:             ls$ec/c
430: 
431:             marido$domingos tome/m/id=obitos-1694-his4403-per1-per2
432:                ls$residencia/alencarce de cima
433: 
434:          oficios$1 de 9
435: 
436:          locs$igreja de s.tiago
437: *** End of File
** Processed file- /Users/jrc/mhk-home/sources/soure/soure-sources/sources/soure_fase1/obitos/ob1694.cli
** Original file- /Users/jrc/mhk-home/sources/soure/soure-sources/sources/soure_fase1/obitos/ob1694.org
** Previous version- /Users/jrc/mhk-home/sources/soure/soure-sources/sources/soure_fase1/obitos/ob1694.old
** Temp file with ids- /Users/jrc/mhk-home/sources/soure/soure-sources/sources/soure_fase1/obitos/ob1694.ids
0  errors. 
0  warnings.
Translation finished.
