ClioInput - version @@VERSION@@ - build @@BUILD@@ @@DATE@@
13-6-2019 16-40

Processing data file ob1711.cli
-------------------------------------------
Generic Act translation module with geoentities (XML).
     Joaquim Ramos de Carvalho (joaquim@uc.pt) 
** New document: kleio
1: kleio$gacto2.str
=========================
kleio translation started
=========================
Structure: gacto2.str
Prefix: 
Autorel: 
Translation count: 
Obs: 
Translation count not set or invalid, counting as zero: 
2:    fonte$obitos-1711/tipo=reg paroquiais/localizacao=54v/data=17110000/obs=manuel rodrigues
3: 
** Processing source fonte$obitos-1711
4:       o$4/1/1711/id=obitos-1711-his3293
5: 
6: o$obitos-1711-his3293
6:          n$manuel tome/m/id=obitos-1711-his3293-per1
7:             ls$residencia/alencarce de cima
8: 
9:          causa$doenca prolongada
10: 
11:          testamento$nao
12: 
13:          sacr$sim
14: 
15:          locs$ermida de santo tirso
16: 
17:          oficios$1 de 9
18: 
19:       o$5/1/1711/id=obitos-1711-his3294
20: 
21: o$obitos-1711-his3294
21:          n$manuel francisco lourinho/m/id=obitos-1711-his3294-per1
22:             ls$residencia/mogadouro
23: 
24:          testamento$nao
25: 
26:          sacr$sim
27: 
28:          locs$adro
29: 
30:       o$5/1/1711/id=obitos-1711-his3295
31: 
32: o$obitos-1711-his3295
32:          n$damiana/f/id=obitos-1711-his3295-per1
33:             ls$idade_aprox/menos de 1
34: 
35:             pai$jose de morais/id=obitos-1711-his3295-per1-per2
36:                ls$residencia/soure
37: 
38:          locs$ermida de s.francisco
39: 
40:       o$7/1/1711/id=obitos-1711-his3296
41: 
42: o$obitos-1711-his3296
42:          n$isabel rodrigues/f/id=obitos-1711-his3296-per1
43:             ls$residencia/casal de olho marinho
44: 
45:          testamento$nao
46: 
47:          sacr$sim%penitencia e extrema uncao por nao haver tempo para mais
48: 
49:          locs$ermida de s.jose do pinheiro
50: 
51:          oficios$1 de 9
52: 
53:       o$11/1/1711/id=obitos-1711-his3297
54: 
55: o$obitos-1711-his3297
55:          n$caetana/f/id=obitos-1711-his3297-per1
56:             ls$idade/1
57: 
58:             pai$miguel da costa/id=obitos-1711-his3297-per1-per2
59:                ls$residencia/paleao
60: 
61:          locs$ermida de s.joao do paleao
62: 
63:       o$14/1/1711/id=obitos-1711-his3298
64: 
65: o$obitos-1711-his3298
65:          n$maria/f/id=obitos-1711-his3298-per1
66:             ls$idade_aprox/1 mes
67: 
68:             pai$manuel de abreu/id=obitos-1711-his3298-per1-per2
69:                ls$residencia/paleao
70: 
71:          locs$ermida de s.joao
72: 
73:       o$15/1/1711/id=obitos-1711-his3299
74: 
75: o$obitos-1711-his3299
75:          n$maria/f/id=obitos-1711-his3299-per1
76:             ls$idade_aprox/15 dias
77: 
78:             pai$jose martins/id=obitos-1711-his3299-per1-per2
79:                ls$residencia/paleao
80: 
81:          locs$adro
82: 
83:       o$16/1/1711/id=obitos-1711-his3300
84: 
85: o$obitos-1711-his3300
85:          n$antonio/m/id=obitos-1711-his3300-per1
86:             ls$idade/1#e meio
87: 
88:             pai$antonio gomes/id=obitos-1711-his3300-per1-per2
89:                ls$residencia/paleao, sobrado
90: 
91:          locs$ermida de s.joao do paleao
92: 
93:       o$21/1/1711/id=obitos-1711-his3301
94: 
95: o$obitos-1711-his3301
95:          n$paulo ribeiro cabral/m/mesmo_que=c24-7/id=obitos-1711-his3301-per1

WARNING: ob1711.cli line 95 destination id of "same as" not found. Will check again at the end of file.
Near line: 95          n$paulo ribeiro cabral/m/mesmo_que=c24-7/id=obitos-1711-his3301-per1
Near line: 96             ls$cargo/capitao-mor das tres vilas do mestrado

96:             ls$cargo/capitao-mor das tres vilas do mestrado
97:             ls$residencia/quinta de s.tome
98: 
99:          sacr$sim
100: 
101:          locs$ermida de s.francisco, na capela-mor
102: 
103:          oficios$3 de 9#na ermida de s.francisca
104: 
105:       o$23/1/1711/id=obitos-1711-his3302
106: 
107: o$obitos-1711-his3302
107:          n$antonia francisca/f/id=obitos-1711-his3302-per1
108:             ls$ec/v
109:             ls$naturalidade/marachao, freguesia de figueiro do campo
110:             ls$residencia/lajem
111: 
112:          testamento$nao
113: 
114:          sacr$sim#penitencia e eucaristia nao da e.u. por nao procurou
115: 
116:          locs$ermida de s.jose do pinheiro
117: 
118:       o$24/1/1711/id=obitos-1711-his3303
119: 
120: o$obitos-1711-his3303
120:          n$jose/m/id=obitos-1711-his3303-per1
121:             ls$idade/1
122: 
123:             pai$manuel mendes/id=obitos-1711-his3303-per1-per2
124:                ls$residencia/soure, pedreiras?
125: 
126:          locs$ermida de s.sebastiao
127: 
128:       o$1/2/1711/id=obitos-1711-his3304
129: 
130: o$obitos-1711-his3304
130:          n$isabel francisca/f/id=obitos-1711-his3304-per1
131: 
132:             marido$antonio cardoso/id=obitos-1711-his3304-per1-per2
133:                ls$residencia/soure
134: 
135:          testamento$nao
136: 
137:          sacr$penitencia e e.u.#e nao da eucaristia por se temer alguma irreverencia
138: 
139:          locs$ermida de s.francisco
140: 
141:       o$3/2/1711/id=obitos-1711-his3305
142: 
143: o$obitos-1711-his3305
143:          n$antonio simoes cordeiro/m/id=obitos-1711-his3305-per1
144:             ls$residencia/sobral
145: 
146:          testamento$nao
147: 
148:          sacr$sim
149: 
150:          locs$ermida de s.miguel do sobral%por nela eleger sepultura
151: 
152:          oficios$1 de 9
153: 
154:       o$13/2/1711/id=obitos-1711-his3306
155: 
156: o$obitos-1711-his3306
156:          n$mariana/f/id=obitos-1711-his3306-per1
157:             ls$idade/1#14 meses
158: 
159:             pai$manuel rodrigues/id=obitos-1711-his3306-per1-per2
160:                ls$residencia/casal do livreiro
161: 
162:          locs$ermida de nossa senhora dos anjos
163: 
164:       o$23/2/1711/id=obitos-1711-his3307
165: 
166: o$obitos-1711-his3307
166:          n$josefa/f/id=obitos-1711-his3307-per1
167:             ls$idade/2
168: 
169:             pai$joao cordeiro/id=obitos-1711-his3307-per1-per2
170:                ls$residencia/casal novo
171: 
172:          locs$ermida de santo andre do casal novo
173: 
174:       o$23/2/1711/obs=so' oficios/id=obitos-1711-his3308
175: 
176: o$obitos-1711-his3308
176:          oficios$meios de 9
177: 
178:          n$isabel joao/f/id=obitos-1711-his3308-per1
179:             ls$residencia/carvalheira de cima
180: 
181:          locs$igreja de tapeus%por nela eleger sepultura
182: 
183:       o$27/2/1711/id=obitos-1711-his3309
184: 
185: o$obitos-1711-his3309
185:          n$manuel/m/id=obitos-1711-his3309-per1
186:             ls$idade/4
187: 
188:             pai$manuel jorge/id=obitos-1711-his3309-per1-per2
189:                ls$residencia/casal das galinhas
190: 
191:          locs$ermida do espirito santo
192: 
193:       o$28/2/1711/obs=so' oficios/id=obitos-1711-his3310
194: 
195: o$obitos-1711-his3310
195:          oficios$meios razos
196: 
197:          n$josefa/f/id=obitos-1711-his3310-per1
198:             ls$ec/s
199: 
200:             mae$maria da costa/id=obitos-1711-his3310-per1-per2
201:                ls$residencia/casa velha
202: 
203:          locf$montemor-o-velho#em casa de diogo coelho de faria
204: 
205:          locs$montemor-o-velho
206: 
207:       o$5/3/1711/id=obitos-1711-his3311
208: 
209: o$obitos-1711-his3311
209:          n$manuel/m/id=obitos-1711-his3311-per1
210:             ls$idade/2
211: 
212:             pai$manuel rodrigues/id=obitos-1711-his3311-per1-per2
213:                ls$residencia/mogadouro
214: 
215:          locs$adro
216: 
217:       o$7/3/1711/id=obitos-1711-his3312
218: 
219: o$obitos-1711-his3312
219:          n$maria gomes/f/id=obitos-1711-his3312-per1
220:             ls$ec/v
221:             ls$residencia/alencarce
222: 
223:          testamento$nao
224: 
225:          sacr$sim
226: 
227:          locs$ermida de santo tirso de alencarce
228: 
229:          oficios$1 de 9
230: 
231:       o$7/3/1711/id=obitos-1711-his3313
232: 
233: o$obitos-1711-his3313
233:          n$helena/f/id=obitos-1711-his3313-per1
234:             ls$ec/s
235: 
236:             pai$domingos goncalves/id=obitos-1711-his3313-per1-per2
237:                ls$residencia/becos
238: 
239:          sacr$sim
240: 
241:          locs$ermida do espirito santo%por nela eleger sepultura
242: 
243:          oficios$1 razo
244: 
245:       o$13/3/1711/id=obitos-1711-his3314
246: 
247: o$obitos-1711-his3314
247:          n$luis/f/id=obitos-1711-his3314-per1
248:             ls$idade/4
249: 
250:             pai$francisco goncalves/id=obitos-1711-his3314-per1-per2
251:                ls$residencia/melrical
252: 
253:          locs$adro
254: 
255:       o$17/3/1711/id=obitos-1711-his3315
256: 
257: o$obitos-1711-his3315
257:          n$henrique/m/id=obitos-1711-his3315-per1
258:             ls$idade_aprox/3 meses
259: 
260:             pai$manuel rodrigues/id=obitos-1711-his3315-per1-per2
261:                ls$residencia/casais de s.mateus
262: 
263:          locs$adro
264: 
265:       o$21/3/1711/id=obitos-1711-his3316
266: 
267: o$obitos-1711-his3316
267:          n$manuel rodrigues fuseiro/m/id=obitos-1711-his3316-per1
268:             ls$residencia/casais dos feijoes
269: 
270:          sacr$sim
271: 
272:          locs$ermida de s.mateus%por nela eleger sepultura
273: 
274:          oficios$1 razo de 3 licoes
275: 
276:       o$23/3/1711/id=obitos-1711-his3317
277: 
278: o$obitos-1711-his3317
278:          n$manuel/m/obs=faleceu logo depois de nascer sendo primeiro baptizado por manuel rodrigues caseiro/id=obitos-1711-his3317-per1
279:             ls$idade/0
280: 
281:             pai$joao henriques de carvalho/id=obitos-1711-his3317-per1-per2
282:                ls$residencia/sobral
283: 
284:          locs$adro
285: 
286:       o$26/3/1711/id=obitos-1711-his3318
287: 
288: o$obitos-1711-his3318
288:          n$maria/f/id=obitos-1711-his3318-per1
289:             ls$idade/9
290: 
291:             pai$domingos carvalho/id=obitos-1711-his3318-per1-per2
292:                ls$residencia/estercadas
293: 
294:          sacr$nao%nao procuraram
295: 
296:          locs$adro
297: 
298:          oficios$1 razo
299: 
300:       o$7/4/1711/id=obitos-1711-his3319
301: 
302: o$obitos-1711-his3319
302:          n$sebastiana rodrigues/f/id=obitos-1711-his3319-per1
303:             ls$ec/v
304:             ls$residencia/alencarce
305: 
306:          testamento$nao
307: 
308:          causa$doenca alargada
309: 
310:          sacr$penitencia e eucaristia%nao procurou e.u.
311: 
312:          locs$ermida de santo tirso
313: 
314:          oficios$2 razos de 3
315: 
316:       o$7/4/1711/id=obitos-1711-his3320
317: 
318: o$obitos-1711-his3320
318:          n$luisa/f/id=obitos-1711-his3320-per1
319:             ls$idade/1
320: 
321:             pai$jose martins/id=obitos-1711-his3320-per1-per2
322:                ls$residencia/paleao
323: 
324:          locs$ermida de sao joao do paleao
325: 
326:       o$12/4/1711/id=obitos-1711-his3321
327: 
328: o$obitos-1711-his3321
328:          n$isabel/f/id=obitos-1711-his3321-per1
329:             ls$idade/2
330: 
331:             pai$domingos carvalho/id=obitos-1711-his3321-per1-per2
332:                ls$residencia/delgados
333: 
334:          locs$adro
335: 
336:       o$13/4/1711/id=obitos-1711-his3322
337: 
338: o$obitos-1711-his3322
338:          testamento$nuncupativo
339: 
340:          sacr$sim
341: 
342:          n$maria goncalves/f/id=obitos-1711-his3322-per1
343:             ls$ec/s
344:             ls$residencia/soure
345: 
346:          locs$igreja de s.tiago#em cova da fabrica
347: 
348:       o$6/5/1711/id=obitos-1711-his3323
349: 
350: o$obitos-1711-his3323
350:          n$sebastiao da silva/m/id=obitos-1711-his3323-per1
351:             ls$profissao/padre
352:             ls$residencia/soure
353: 
354:          testamento$nao
355: 
356:          sacr$sim
357: 
358:          locs$ermida de s.francisco
359: 
360:          oficios$1 de corpo presente de 9 licoes
361: 
362:       o$6/5/1711/id=obitos-1711-his3324
363: 
364: o$obitos-1711-his3324
364:          n$manuel/m/id=obitos-1711-his3324-per1
365:             ls$idade/2
366: 
367:             pai$manuel de s.miguel/id=obitos-1711-his3324-per1-per2
368:                ls$residencia/pinheiro
369: 
370:          locs$ermida dos anjos
371: 
372:       o$21/5/1711/id=obitos-1711-his3325
373: 
374: o$obitos-1711-his3325
374:          n$maria/f/id=obitos-1711-his3325-per1
375:             ls$idade_aprox/10 dias
376: 
377:             pai$domingos jorge/id=obitos-1711-his3325-per1-per2
378:                ls$residencia/soure
379: 
380:          locs$igreja de s.tiago#cova da fabrica
381: 
382:       o$22/5/1711/id=obitos-1711-his3326
383: 
384: o$obitos-1711-his3326
384:          n$mateus dias/m/id=obitos-1711-his3326-per1
385:             ls$residencia/casais da misericordia
386: 
387:          testamento$nao
388: 
389:          sacr$nao%por chegar de uma jornada a sua casa doente e por nao haver tempo para lhe poder administrar por morrer apressadamente
390: 
391:          locs$ermida de s.lourenco dos simoes%ai elegeu sepultura
392: 
393:          oficios$3 de 9
394: 
395:       o$10/6/1711/id=obitos-1711-his3327
396: 
397: o$obitos-1711-his3327
397:          n$filipa colaco/f/id=obitos-1711-his3327-per1
398:             ls$ec/s
399:             ls$residencia/soure
400: 
401:          testamento$nuncupativo
402: 
403:          sacr$penitencia%por nao haver mais lugar
404: 
405:          locs$igreja de s.tiago#cova da fabrica
406: 
407:          oficios$1 de 9
408: 
409:       o$17/6/1711/id=obitos-1711-his3328
410: 
411: o$obitos-1711-his3328
411:          n$domingas/f/id=obitos-1711-his3328-per1
412:             ls$idade_aprox/3 meses
413: 
414:             pai$antonio joao/id=obitos-1711-his3328-per1-per2
415:                ls$residencia/fonte da bica
416: 
417:          locs$adro
418: 
419:       o$26/6/1711/id=obitos-1711-his3329
420: 
421: o$obitos-1711-his3329
421:          n$maria francisca/f/id=obitos-1711-his3329-per1
422:             ls$ec/v
423:             ls$residencia/casalinhos
424: 
425:          testamento$nao
426: 
427:          causa$doenca prolongada
428: 
429:          sacr$penitencia e eucaristia#nao procurou e.u.
430: 
431:          locs$igreja de s.tiago#cova da fabrica
432: 
433:          oficios$meios razos
434: 
435:       o$11/7/1711/id=obitos-1711-his3330
436: 
437: o$obitos-1711-his3330
437:          n$nome desconhecido/m/obs=faleceu logo depois de nascer, sem nome baptizado por catarina francisca, v, parteira, dos cavaleiros/id=obitos-1711-his3330-per1
438:             ls$idade/0
439: 
440:             pai$manuel rodrigues/id=obitos-1711-his3330-per1-per2
441:                ls$residencia/casal do rei
442: 
443:          locs$igreja de s.tiago#cova da fabrica
444: 
445:       o$15/7/1711/id=obitos-1711-his3331
446: 
447: o$obitos-1711-his3331
447:          n$joao/m/id=obitos-1711-his3331-per1
448:             ls$idade/16
449: 
450:             pai$diogo jorge/id=obitos-1711-his3331-per1-per2
451:                ls$residencia/paleao
452: 
453:          sacr$nao
454: 
455:          causa$morte apressada
456: 
457:          locs$ermida de s.joao do paleao
458: 
459:          oficios$1 razo
460: 
461:       o$19/7/1711/id=obitos-1711-his3332
462: 
463: o$obitos-1711-his3332
463:          n$gaspar rodrigues/m/id=obitos-1711-his3332-per1
464:             ls$residencia/casal de alencarce
465: 
466:          testamento$nao
467: 
468:          sacr$sim
469: 
470:          locs$igreja de s.tiago#cova da fabrica
471: 
472:          oficios$3 razos
473: 
474:       o$23/7/1711/id=obitos-1711-his3333
475: 
476: o$obitos-1711-his3333
476:          n$jose gomes/m/id=obitos-1711-his3333-per1
477:             ls$residencia/paleao
478: 
479:          causa$doenca prolongada
480: 
481:          testamento$nao
482: 
483:          sacr$sim
484: 
485:          locs$ermida de s.joao do paleao
486: 
487:          oficios$1 razo
488: 
489:       o$25/7/1711/id=obitos-1711-his3334
490: 
491: o$obitos-1711-his3334
491:          n$manuel/m/id=obitos-1711-his3334-per1
492:             ls$idade/12
493: 
494:             pai$manuel domingues/id=obitos-1711-his3334-per1-per2
495:                ls$alcunha/moco
496:                ls$residencia/casconho
497: 
498:          sacr$nao%nao procuraram
499: 
500:          locs$adro
501: 
502:          oficios$12 missas
503: 
504:       o$27/7/1711/id=obitos-1711-his3335
505: 
506: o$obitos-1711-his3335
506:          n$ana gaspar/f/mesmo_que=anagasp/id=obitos-1711-his3335-per1

WARNING: ob1711.cli line 506 destination id of "same as" not found. Will check again at the end of file.
Near line: 506          n$ana gaspar/f/mesmo_que=anagasp/id=obitos-1711-his3335-per1
Near line: 507             ls$residencia/paleao

507:             ls$residencia/paleao
508:             ls$ec/v
509: 
510:          causa$doenca prolongada
511: 
512:          testamento$nao
513: 
514:          sacr$sim
515: 
516:          locs$igreja de s.tiago#cova da fabrica
517: 
518:          oficios$1 de corpo presente de 9 licoes
519: 
520:       o$29/7/1711/id=obitos-1711-his3336
521: 
522: o$obitos-1711-his3336
522:          n$maria francisca/f/id=obitos-1711-his3336-per1
523:             ls$ec/v
524:             ls$residencia/vale da borra
525: 
526:          causa$doenca prolongada
527: 
528:          testamento$nao
529: 
530:          sacr$sim
531: 
532:          locs$adro
533: 
534:          oficios$1 razo
535: 
536:       o$30/7/1711/id=obitos-1711-his3337
537: 
538: o$obitos-1711-his3337
538:          testamento$nao
539: 
540:          sacr$penitencia#nao houve tempo para mais
541: 
542:          n$maria/f/id=obitos-1711-his3337-per1
543:             ls$ec/s
544:             ls$idade/15
545: 
546:             mae$maria ribeiro/id=obitos-1711-his3337-per1-per2
547:                ls$residencia/meiras
548: 
549:          locs$adro
550: 
551:          oficios$3 razos
552: 
553:       o$1/8/1711/id=obitos-1711-his3338
554: 
555: o$obitos-1711-his3338
555:          n$maria gomes/f/id=obitos-1711-his3338-per1
556:             ls$ec/s
557:             ls$residencia/alencarce de cima
558: 
559:          testamento$nao
560: 
561:          sacr$sim
562: 
563:          locs$adro
564: 
565:          oficios$meios razos
566: 
567:       o$2/8/1711/id=obitos-1711-his3339
568: 
569: o$obitos-1711-his3339
569:          n$antonia jorge/f/id=obitos-1711-his3339-per1
570: 
571:             marido$domingos jorge/id=obitos-1711-his3339-per1-per2
572:                ls$residencia/sobral
573: 
574:          testamento$nao
575: 
576:          sacr$penitencia e e.u.%por nao haver tempo para mais
577: 
578:          locs$adro
579: 
580:          oficios$3 razos de 3 licoes
581: 
582:       o$3/8/1711/id=obitos-1711-his3340
583: 
584: o$obitos-1711-his3340
584:          n$simao cordeiro/m/id=obitos-1711-his3340-per1
585:             ls$residencia/casal novo
586: 
587:          testamento$nao
588: 
589:          sacr$penitencia e e.u.#sem eucaristia por indisposicao corporal
590: 
591:          locs$ermida de santo andre
592: 
593:          oficios$2 razos
594: 
595:       o$9/8/1711/id=obitos-1711-his3341
596: 
597: o$obitos-1711-his3341
597:          n$francisco/m/id=obitos-1711-his3341-per1
598:             ls$ec/s
599:             ls$pobre/sim
600:             ls$naturalidade/junqueira, freguesia da se, bispado de viseu
601: 
602:          testamento$nao
603: 
604:          sacr$penitencia e e.u.#eucaristia nao procurou
605: 
606:          locf$hospital
607: 
608:          locs$adro da santa casa misericordia
609: 
610:       o$17/8/1711/id=obitos-1711-his3342
611: 
612: o$obitos-1711-his3342
612:          n$maria de miranda/f/id=obitos-1711-his3342-per1
613: 
614:             marido$bento gomes da costa/id=obitos-1711-his3342-per1-per2
615:                ls$residencia/soure
616: 
617:          testamento$nao
618: 
619:          sacr$sim
620: 
621:          locs$ermida de s.francisco
622: 
623:          oficios$1 de 9 de corpo presente
624: 
625:       o$25/8/1711/id=obitos-1711-his3343
626: 
627: o$obitos-1711-his3343
627:          n$maria/f/id=obitos-1711-his3343-per1
628:             ls$idade/1#ano e meio
629: 
630:             pai$joao mendes/id=obitos-1711-his3343-per1-per2
631:                ls$residencia/soure
632: 
633:          locs$igreja de s.tiago#cova da fabrica
634: 
635:       o$25/8/1711/id=obitos-1711-his3344
636: 
637: o$obitos-1711-his3344
637:          n$antonia francisca/f/id=obitos-1711-his3344-per1
638:             ls$ec/v
639:             ls$residencia/casa velha
640: 
641:          causa$doenca dilatada
642: 
643:          testamento$sim
644: 
645:          sacr$sim
646: 
647:          locs$ermida de s.francisco
648: 
649:          oficios$1 razo
650: 
651:       o$25/8/1711/id=obitos-1711-his3345
652: 
653: o$obitos-1711-his3345
653:          n$manuel/m/id=obitos-1711-his3345-per1
654:             ls$idade_aprox/4 meses
655: 
656:             pai$simao domingues/id=obitos-1711-his3345-per1-per2
657:                ls$residencia/paleao
658: 
659:          locs$ermida de s.joao baptista do paleao
660: 
661:       o$7/9/1711/id=obitos-1711-his3346
662: 
663: o$obitos-1711-his3346
663:          n$jose/m/id=obitos-1711-his3346-per1
664:             ls$idade/5
665: 
666:             pai$manuel pedroso/id=obitos-1711-his3346-per1-per2
667:                ls$residencia/casal dos louzoes
668: 
669:          locs$ermida de santo andre do casa novo
670: 
671:       o$9/9/1711/id=obitos-1711-his3347
672: 
673: o$obitos-1711-his3347
673:          n$maria goncalves/f/id=obitos-1711-his3347-per1
674:             ls$ec/v
675:             ls$residencia/casal da pencarpia?
676:             ls$naturalidade/vinha da rainha, freguesia de vinha da rainha
677: 
678:          testamento$nao
679: 
680:          sacr$simpentiencia e e.u.#nao teve tempo de comungar
681: 
682:          oficios$1 razo
683: 
684:          locs$adro
685: 
686:       o$18/9/1711/id=obitos-1711-his3348
687: 
688: o$obitos-1711-his3348
688:          n$manuel francisco/m/id=obitos-1711-his3348-per1
689:             ls$alcunha/velho
690:             ls$residencia/sobral
691: 
692:          testamento$nao
693: 
694:          sacr$penitencia e extrema uncao#sem eucaristia por causa de vomitos continuos.
695: 
696:          locs$igreja de s.tiago#cova da fabrica
697: 
698:          oficios$1 de 9
699: 
700:       o$24/9/1711/id=obitos-1711-his3349
701: 
702: o$obitos-1711-his3349
702:          n$maria/f/id=obitos-1711-his3349-per1
703:             ls$idade_aprox/6 meses
704: 
705:             pai$manuel madeira relvas/id=obitos-1711-his3349-per1-per2
706:                ls$residencia/casal de alencarce de cima
707: 
708:          locs$adro
709: 
710:       o$6/10/1711/id=obitos-1711-his3350
711: 
712: o$obitos-1711-his3350
712:          n$manuel ramos/m/id=obitos-1711-his3350-per1
713:             ls$residencia/casal da charneca
714: 
715:          testamento$nao
716: 
717:          sacr$sim
718: 
719:          locs$adro
720: 
721:          oficios$6 missas
722: 
723:       o$7/10/1711/id=obitos-1711-his3351
724: 
725: o$obitos-1711-his3351
725:          n$maria de tavora/f/id=obitos-1711-his3351-per1
726:             ls$ec/v
727:             ls$residencia/soure
728: 
729:          testamento$nao
730: 
731:          sacr$sim
732: 
733:          locs$igreja de s.tiago#cova da fabrica
734: 
735:          oficios$1 de 9 de corpo presente
736: 
737:       o$8/10/1711/id=obitos-1711-his3352
738: 
739: o$obitos-1711-his3352
739:          n$antonio/m/id=obitos-1711-his3352-per1
740:             ls$idade_aprox/6 meses
741: 
742:             pai$antonio goncalves ventura/id=obitos-1711-his3352-per1-per2
743:                ls$residencia/casal da corujeira
744: 
745:          locs$adro
746: 
747:       o$24/10/1711/id=obitos-1711-his3353
748: 
749: o$obitos-1711-his3353
749:          n$pedro goncalves/m/id=obitos-1711-his3353-per1
750:             ls$residencia/vale da borra
751: 
752:          testamento$nao
753: 
754:          sacr$penitencia e eucaristia#nao procurou a e.u. nao comungou por nao estar em jejum e por parecer necessidade grave ao confessor que foi frei antonio de soua, beneficiado desta igreja
755: 
756:          locs$adro
757: 
758:          oficios$2 razos
759: 
760:       o$27/10/1717/obs=sem pais nem outra informacao/id=obitos-1711-his3354
761: 
762: o$obitos-1711-his3354
762:          n$manuel/m/id=obitos-1711-his3354-per1
763:             ls$idade/3#3 e meio
764:             ls$residencia/assamassa
765: 
766:          locs$ermida do espirito santo
767: 
768:       o$9/11/1711/id=obitos-1711-his3355
769: 
770: o$obitos-1711-his3355
770:          n$manuel jorge soeiro/m/id=obitos-1711-his3355-per1
771:             ls$residencia/casa velha
772: 
773:          testamento$nao
774: 
775:          sacr$sim
776: 
777:          locs$ermida de n.a s.a das neves
778: 
779:          oficios$10 missa mais 2 de 9
780: 
781:       o$12/11/1711/id=obitos-1711-his3356
782: 
783: o$obitos-1711-his3356
783:          n$antonio/m/id=obitos-1711-his3356-per1
784:             ls$idade/2
785: 
786:             pai$manuel rodrigues/id=obitos-1711-his3356-per1-per2
787:                ls$residencia/paleao
788: 
789:          locs$ermida de s.joao baptista
790: 
791:       o$19/11/1711/id=obitos-1711-his3357
792: 
793: o$obitos-1711-his3357
793:          n$manuel/m/obs=faleceu logo depois de nascer e foi baptizado em necessidade por uma parteira da redinha/id=obitos-1711-his3357-per1
794: 
795:             pai$domingos da costa/id=obitos-1711-his3357-per1-per2
796:                ls$residencia/casa velha
797: 
798:          locs$ermida de nossa senhora das neves
799: 
800:       o$19/11/1711/id=obitos-1711-his3358
801: 
802: o$obitos-1711-his3358
802:          n$manuel/m/id=obitos-1711-his3358-per1
803:             ls$idade/1#1 e meio
804: 
805:             pai$joao ramos/id=obitos-1711-his3358-per1-per2
806:                ls$residencia/cavaleiros
807: 
808:          locs$adro
809: 
810:       o$20/11/1711/id=obitos-1711-his3359
811: 
812: o$obitos-1711-his3359
812:          n$joao/m/id=obitos-1711-his3359-per1
813:             ls$idade/17
814: 
815:             pai$manuel domingues/id=obitos-1711-his3359-per1-per2
816:                ls$residencia/casal do leonel
817: 
818:          sacr$penitencia#nao procuraram mais
819: 
820:          locs$adro
821: 
822:          oficios$1 razo de 3
823: 
824:       o$27/11/1711/id=obitos-1711-his3360
825: 
826: o$obitos-1711-his3360
826:          n$joao/m/id=obitos-1711-his3360-per1
827:             ls$idade/2
828: 
829:             pai$joao domingues/id=obitos-1711-his3360-per1-per2
830:                ls$residencia/paleao
831: 
832:          locs$ermida de s.joao
833: 
834:       o$29/11/1711/id=obitos-1711-his3361
835: 
836: o$obitos-1711-his3361
836:          n$francisca goncalves/f/id=obitos-1711-his3361-per1
837: 
838:             marido$francisco de oliveira/id=obitos-1711-his3361-per1-per2
839:                ls$residencia/casal do filipito
840: 
841:          testamento$nao
842: 
843:          sacr$sim
844: 
845:          locs$adro
846: 
847:          oficios$1 razo de 3
848: 
849:       o$9/12/1711/id=obitos-1711-his3362
850: 
851: o$obitos-1711-his3362
851:          n$luis/m/id=obitos-1711-his3362-per1
852:             ls$idade/2
853: 
854:             pai$mateus simoes/id=obitos-1711-his3362-per1-per2
855:                ls$residencia/alencarce
856: 
857:          locs$adro
858: 
859:       o$11/12/1711/id=obitos-1711-his3363
860: 
861: o$obitos-1711-his3363
861:          n$maria esteves/f/id=obitos-1711-his3363-per1
862:             ls$ec/v
863:             ls$residencia/barril
864: 
865:          testamento$nao
866: 
867:          causa$doenca prolongada
868: 
869:          sacr$sim
870: 
871:          locs$ermida de s.francisco
872: 
873:          oficios$3 razos
874: 
875:       o$12/12/1711/id=obitos-1711-his3364
876: 
877: o$obitos-1711-his3364
877:          n$maria francisca/f/id=obitos-1711-his3364-per1
878:             ls$ec/v
879:             ls$residencia/fatacos
880: 
881:          testamento$nao
882: 
883:          sacr$sim
884: 
885:          locs$adro
886: 
887:          oficios$3 razos
888: 
889:       o$13/12/1711/id=obitos-1711-his3365
890: 
891: o$obitos-1711-his3365
891:          n$jose/m/id=obitos-1711-his3365-per1
892:             ls$idade/11
893: 
894:             mae$maria pedrosa/id=obitos-1711-his3365-per1-per2
895:                ls$ec/v
896:                ls$residencia/casal de pedro afonso
897: 
898:          locs$adro
899: 
900:          oficios$1 razo
901: 
902:       o$14/12/1711/id=obitos-1711-his3366
903: 
904: o$obitos-1711-his3366
904:          n$isabel domingues/f/id=obitos-1711-his3366-per1
905: 
906:             marido$jorge luis/id=obitos-1711-his3366-per1-per2
907:                ls$residencia/sobral
908: 
909:          testamento$nao
910: 
911:          sacr$penitencia e e.u.#por nao haver tempo para mais
912: 
913:          locs$ermida de s.miguel#por ai eleger sepultura
914: 
915:          oficios$3 razos
916: 
917:       o$24/12/1711/id=obitos-1711-his3367
918: 
919: o$obitos-1711-his3367
919:          n$manuel/m/id=obitos-1711-his3367-per1
920:             ls$idade/4
921: 
922:             pai$jose gomes/id=obitos-1711-his3367-per1-per2
923:                ls$residencia/alencarce de cima
924: 
925:          locs$adro
926: 
927:       o$27/12/1711/id=obitos-1711-his3368
928: 
929: o$obitos-1711-his3368
929:          n$domingos cordeiro/m/id=obitos-1711-his3368-per1
930:             ls$residencia/paleao
931: 
932:          locs$adro, junto 'a fresta? de nossa senhora de finisterra
933: 
934:          testamento$sim
935: 
936:          sacr$sim
937: 
938:          oficios$1 razo
939: *** End of File
ERROR:  Could not find same_as id c24-7 referred in line 96. If  original reference is on another file use xsame_as

ERROR:  Could not find same_as id anagasp referred in line 507. If  original reference is on another file use xsame_as

2  errors. 
2  warnings.
Translation finished.
