ClioInput - version @@VERSION@@ - build @@BUILD@@ @@DATE@@
10-8-2018 14-52

Processing data file /Users/jrc/mhk-home/sources/soure/documents/obitos/ob1706.cli
-------------------------------------------
Generic Act translation module with geoentities (XML).
     Joaquim Ramos de Carvalho (joaquim@uc.pt) 
** New document: kleio
=========================
kleio translation started
=========================
Structure: gacto2.str
Prefix: 
Autorel: 
Translation count: 
Obs: 
Translation count not set or invalid, counting as zero: 
** Processing source fonte$obitos-1706
6: o$obitos-1706-his2995
18: o$obitos-1706-his2996
28: o$obitos-1706-his2997
39: o$obitos-1706-his2998
51: o$obitos-1706-his2999
70: o$obitos-1706-his3000
81: o$obitos-1706-his3001
92: o$obitos-1706-his3002
103: o$obitos-1706-his3003
115: o$obitos-1706-his3004
128: o$obitos-1706-his3005
139: o$obitos-1706-his3006
152: o$obitos-1706-his3007
165: o$obitos-1706-his3008
178: o$obitos-1706-his3009

/Users/jrc/mhk-home/sources/soure/documents/obitos/ob1706.cli:185:destination id of "same as" not found. Will check again at the end of file.


WARNING: ob1706.cli line 184 destination id of "same as" not found. Will check again at the end of file.
Near line: 184 
Near line: 185          locs$igreja de s.tiago

191: o$obitos-1706-his3010
202: o$obitos-1706-his3011
216: o$obitos-1706-his3012
227: o$obitos-1706-his3013
235: o$obitos-1706-his3014
245: o$obitos-1706-his3015
256: o$obitos-1706-his3016
269: o$obitos-1706-his3017
282: o$obitos-1706-his3018
295: o$obitos-1706-his3019

/Users/jrc/mhk-home/sources/soure/documents/obitos/ob1706.cli:300:destination id of "same as" not found. Will check again at the end of file.


WARNING: ob1706.cli line 299 destination id of "same as" not found. Will check again at the end of file.
Near line: 299 
Near line: 300          locs$ermida da quinta da cruz

304: o$obitos-1706-his3020
316: o$obitos-1706-his3021
327: o$obitos-1706-his3022
338: o$obitos-1706-his3023

/Users/jrc/mhk-home/sources/soure/documents/obitos/ob1706.cli:343:destination id of "same as" not found. Will check again at the end of file.


WARNING: ob1706.cli line 342 destination id of "same as" not found. Will check again at the end of file.
Near line: 342             marido$sebastiao machado da costa/mesmo_que=c12-8/id=obitos-1706-his3023-per1-per2
Near line: 343                ls$nome/sebastiao machado

352: o$obitos-1706-his3024
363: o$obitos-1706-his3025
376: o$obitos-1706-his3026
387: o$obitos-1706-his3027
400: o$obitos-1706-his3028

/Users/jrc/mhk-home/sources/soure/documents/obitos/ob1706.cli:407:destination id of "same as" not found. Will check again at the end of file.


WARNING: ob1706.cli line 406 destination id of "same as" not found. Will check again at the end of file.
Near line: 406             referido$antonio de meneses/m/mesmo_que=c113-7/id=obitos-1706-his3028-per1-per2
Near line: 407                ls$titulo/dom

415: o$obitos-1706-his3029
429: o$obitos-1706-his3030
442: o$obitos-1706-his3031
458: o$obitos-1706-his3032
473: o$obitos-1706-his3033
485: o$obitos-1706-his3034
496: o$obitos-1706-his3035
507: o$obitos-1706-his3036
519: o$obitos-1706-his3037
532: o$obitos-1706-his3038
543: o$obitos-1706-his3039
555: o$obitos-1706-his3040
564: o$obitos-1706-his3041
576: o$obitos-1706-his3042
589: o$obitos-1706-his3043
598: o$obitos-1706-his3044
610: o$obitos-1706-his3045
622: o$obitos-1706-his3046
633: o$obitos-1706-his3047
645: o$obitos-1706-his3048
656: o$obitos-1706-his3049
668: o$obitos-1706-his3050
683: o$obitos-1706-his3051
694: o$obitos-1706-his3052
705: o$obitos-1706-his3053
718: o$obitos-1706-his3054
727: o$obitos-1706-his3055
739: o$obitos-1706-his3056
752: o$obitos-1706-his3057
767: o$obitos-1706-his3058
784: o$obitos-1706-his3059
*** End of File
ERROR:  Could not find same_as id plribeiro referred in line 185. If  original reference is on another file use xsame_as

ERROR:  Could not find same_as id mscoelho referred in line 300. If  original reference is on another file use xsame_as

ERROR:  Could not find same_as id c12-8 referred in line 343. If  original reference is on another file use xsame_as

ERROR:  Could not find same_as id c113-7 referred in line 407. If  original reference is on another file use xsame_as

4  errors. 
4  warnings.
Translation finished.
