ClioInput - version @@VERSION@@ - build @@BUILD@@ @@DATE@@
13-6-2019 22-50

Processing data file bap1720.cli
-------------------------------------------
Generic Act translation module with geoentities (XML).
     Joaquim Ramos de Carvalho (joaquim@uc.pt) 
** New document: kleio
1: kleio$gacto2.str/translations=2
=========================
kleio translation started
=========================
Structure: gacto2.str
Prefix: 
Autorel: 
Translation count: 2
Obs: 
2:    fonte$baptizados 1720/1720/paroquiais/auc/obs=em mau estado
3: 
** Processing source fonte$baptizados 1720
4:       bap$b1720.01/15/1/1720/fol.497v/local__igreja de sao tiago/celebrante__manuel rodrigues
5: 
6: bap$b1720.01
6:          n$feliciana/f/id=b1720-per1
7: 
8:             pn$joao goncalves/id=b1720-per2
9:                ls$naturalidade/casalinhos
10:                ls$residencia/beltroes
11: 
12:             mn$joana rodrigues/id=b1720-per3
13:                ls$naturalidade/beltroes
14: 
15:             pad$manuel simoes/id=b1720-per4
16:                ls$residencia/casalinhos
17: 
18:             mad$feliciana/id=b1720-per5
19:                ls$ec/solteira
20:                ls$residencia/casal da venda
21: 
22:                pmad$manuel rodrigues tome/id=b1720-per6
23:                   ls$residencia/casal da venda
24: 
25:       bap$b1720.2/1/1/1720/fol.497/local__igreja de sao tiago/celebrante__manuel rodrigues
26: 
27: bap$b1720.2
27:          n$antonio/m/id=b1720.2-per1
28: 
29:             pn$antonio rodrigues/id=b1720.2-per2
30:                ls$naturalidade/porto coelheiro
31:                ls$residencia/alencarce de cima
32: 
33:             mn$maria pires/id=b1720.2-per3
34:                ls$naturalidade/alencarce de cima
35: 
36:             pad$jose madeira/id=b1720.2-per4
37:                ls$residencia/cascao
38: 
39:             mad$teresa goncalves/id=b1720.2-per5
40:                ls$residencia/porto coelheiro
41: 
42:                pmad$lourenco rodrigues/id=b1720.2-per6
43:                   ls$residencia/porto coelheiro
44: 
45:       bap$b1720.3/1/1/1720/fol.497/local__igreja de sao tiago/celebrante__manuel rodrigues
46: 
47: bap$b1720.3
47:          n$maria/f/id=1720-b3-maria
48: 
49:             pn$joao francisco/id=b1720.3-per1
50:                ls$naturalidade/casal da venda
51:                ls$residencia/casal da venda
52: 
53:             mn$teresa francisca/id=b1720.3-per2
54:                ls$naturalidade/casal da venda
55: 
56:             pad$jose gomes/id=1720-b3-jose
57:                ls$residencia/casal da venda
58:                ls$ec/solteiro
59: 
60:             mad$isabel/id=b1720.3-per3
61:                ls$ec/solteira
62:                rel$parentesco/irma/jose gomes/1720-b3-jose
63: 
64:                pmad$jose gomes carrasco/id=b1720.3-per4
65: 
66:             referido$jose gomes/id=b1720.3-per5
67:                ls$profissao/estudante
68:                ls$residencia/casal da venda
69:                rel$sociabilidade/baptizou em necessidade/maria/1720-b3-maria
70: 
71:       bap$b1720.05/14/4/1720/fol.500v-501/local__igreja de sao tiago/celebrante__vigario manuel rodrigues
72: 
73: bap$b1720.05
73:          n$maria/f/id=b1720.05-per1
74: 
75:             pn$sebastiao marques/id=b1720.05-per2
76:                ls$naturalidade/sao martinho de arvore
77:                ls$residencia/fatacos
78: 
79:             mn$maria ferreira/id=b1720.05-per3
80:                ls$naturalidade/fatacos
81: 
82:             pad$joao da costa/id=b1720.05-per4
83:                ls$residencia/soure
84: 
85:             mad$maria joao/id=1720-b5-maria
86:                ls$residencia/fatacos
87: 
88:             referido$manuel ferreira/id=b1720.05-per5
89:                rel$parentesco/marido/maria joao/1720-b5-maria
90: 
91:       bap$b1720.4/15/4/1720/fol.501/local__igreja de sao tiago/celebrante__vigario manuel rodrigues
92: 
93: bap$b1720.4
93:          n$antonia/f/id=b1720.4-per1
94: 
95:             pn$tome dias/id=b1720.4-per2
96:                ls$naturalidade/casais da misericordia
97:                ls$residencia/bonitos
98: 
99:             mn$maria de oliveira/id=b1720.4-per3
100:                ls$naturalidade/bonitos
101:                ls$residencia/bonitos
102: 
103:             pad$antonio de abreu/id=b1720.4-per4
104:                ls$titulo/doutor
105:                ls$residencia/soure
106: 
107:             mad$catarina francisca/id=1720-b4-catarina
108:                ls$residencia/moinhos dos simoes
109: 
110:             referido$diogo francisco/id=b1720.4-per5
111:                rel$parentesco/marido/catarina francisca/1720-b4-catarina
112: 
113:       bap$b1720.5b/21/4/1720/fol.501/local__igreja de sao tiago/celebrante__ manuel rodrigues alvaro
114: 
115: bap$b1720.5b
115:          n$rodrigo/m/id=1720-b5-rodrigo
116: 
117:             pn$antonio goncalves/id=b1720.5b-per1
118:                ls$residencia/cavaleiros
119:                ls$naturalidade/alencarce de baixo
120: 
121:             mn$maria simoes/id=b1720.5b-per2
122:                ls$naturalidade/cavaleiros
123: 
124:             pad$rodrigo homem de quadros/id=1720-b5-homem
125:                ls$residencia/soure
126: 
127:             mad$josefa de azevedo/id=b1720.5b-per3
128:                ls$ec/solteira
129: 
130:             referido$francisco marques/id=b1720.5b-per4
131:                ls$cargo/capelao/obs= capelao de rodrigo homem de quadros
132:                rel$sociabilidade/procurador/rodrigo homem de quadros/1720-b5-homem
133: 
134:             referido$pedro da silva/id=b1720.5b-per5
135:                ls$ec/solteiro
136:                rel$parentesco/filho/isabel da silva/1720-b5-isabel
137:                ls$residencia/soure
138: 
139:             referida$isabel da silva/id=1720-b5-isabel
140:                ls$titulo/dona
141: 
142:       bap$b1720.6/28/4/1720/fol.501/local__igreja de sao tiago/celebrante__manuel rodrigues
143: 
144: bap$b1720.6
144:          n$sebastiao/m/id=b1720.6-per1
145: 
146:             pn$manuel rodrigues/id=b1720.6-per2
147:                ls$naturalidade/alencarce de cima
148:                ls$residencia/alencarce de cima
149: 
150:             mn$maria joao/id=b1720.6-per3
151:                ls$naturalidade/alencarce de cima
152: 
153:             pad$manuel simoes/id=b1720.6-per4
154:                ls$residencia/podengos
155: 
156:             mad$esperanca da conceicao/id=1720-b6-esperanca
157:                ls$residencia/espirito santo
158: 
159:             referido$manuel antunes/id=b1720.6-per5
160:                ls$alcunha/o moco
161:                rel$parentesco/marido/esperanca da conceicao/1720-b6-esperanca
162: 
163:       bap$b1720.7/28/4/1720/fol.501v/local__igreja de sao tiago/celebrante__manuel rodrigues
164: 
165: bap$b1720.7
165:          n$rosa/f/id=b1720.7-per1
166: 
167:             pn$joao domingues/id=b1720.7-per2
168:                ls$naturalidade/paleao
169:                ls$residencia/paleao
170: 
171:             mn$maria leta/id=b1720.7-per3
172:                ls$naturalidade/paleao
173: 
174:             pad$manuel domingues/id=b1720.7-per4
175:                ls$ec/solteiro
176:                ls$residencia/sobrado
177: 
178:             mad$rosa/id=b1720.7-per5
179:                ls$ec/solteira
180:                ls$residencia/sobrado
181: 
182:                pmad$manuel domingues/id=b1720.7-per6
183:                   ls$residencia/sobrado
184: 
185:       bap$b1720.8/2/5/1720/fol.501v/local__igreja de sao tiago/celebrante__manuel rodrigues
186: 
187: bap$b1720.8
187:          n$luis/m/id=b1720.8-n
188: 
189:             pn$manuel rodrigues/id=b1720.8-pn
190:                ls$naturalidade/oureca
191:                ls$residencia/espirito santo
192: 
193:             mn$maria ferreira/id=b1720.8-mn
194:                ls$naturalidade/lamas
195: 
196:             pad$diogo cardoso/id=1720-b8-diogo
197:                ls$residencia/vila nova de ancos
198: 
199:             mad$serafina ferreira/id=1720-b8-serafina
200:                ls$residencia/casal do senhor
201: 
202:             referido$manuel pereira/id=b1720.8-per1
203:                rel$parentesco/marido/serafina ferreira/1720-b8-serafina
204: 
205:             referido$luis soares coelho/id=b1720.8-per2
206:                ls$profissao/padre
207:                rel$sociabilidade/procurador/diogo cardoso/1720-b8-diogo
208: 
209:             referido$manuel rodrigues centeio/id=b1720.8-per3
210:                ls$residencia/charneca
211:                rel$sociabilidade/baptizou em necessidade/luis/b1720.8-n
212: 
213:       bap$b1720.9/2/5/1720/fol.501v/local__igreja de sao tiago/celebrante__manuel rodrigues
214: 
215: bap$b1720.9
215:          n$maria gomes/f/id=1720-b9-maria
216:             rel$parentesco/irma gemea/luis/b1720.8-n
217: 
218:             pn$manuel rodrigues/mesmo_que=b1720.8-pn/id=b1720.9-per1
219:                ls$residencia/espirito santo
220: 
221:             mn$maria ferreira/mesmo_que=b1720.8-mn/id=b1720.9-per2
222: 
223:             pad$vicente colaco/id=1720-b9-vicente
224:                ls$cargo/capitao
225:                ls$residencia/soure
226: 
227:             mad$damiana colaca/id=b1720.9-per3
228:                ls$residencia/soure
229:                rel$parentesco/irma/vicente colaco/1720-b9-vicente
230: 
231:             referido$manuel rodrigues cenrteio/id=b1720.9-per4
232:                ls$residencia/charneca
233:                rel$sociabilidade/baptizou em necessidade/maria gomes/1720-b9-maria
234: 
235:       bap$b1720.10/9/5/1720/fol.502/local__igreja de sao tiago/celebrante__manuel rodrigues
236: 
237: bap$b1720.10
237:          n$maria/f/id=b1720.10-per1
238: 
239:             pn$antonio aires/id=b1720.10-per2
240:                ls$naturalidade/paleao
241:                ls$residencia/paleao
242: 
243:             mn$josefa de oliveira/id=b1720.10-per3
244:                ls$naturalidade/condeixa a velha
245: 
246:             pad$manuel rodrigues branco/id=b1720.10-per4
247:                ls$residencia/paleao
248: 
249:             mad$isabel/id=b1720.10-per5
250:                ls$ec/solteira
251:                ls$residencia/paleao
252: 
253:                pmad$antonio mendes/id=b1720.10-per6
254:                   ls$residencia/paleao
255: 
256:       bap$b1720.11/9/5/1720/fol.502/local__igreja de sao tiago/celebrante__vigario lopo nunes pinto
257: 
258: bap$b1720.11
258:          n$maria/m/id=b1720.11-per1
259: 
260:             pn$andre domingues/id=b1720.11-per2
261:                ls$naturalidade/montoes
262:                ls$residencia/casa velha
263: 
264:             mn$maria jorge/id=b1720.11-per3
265:                ls$naturalidade/casa velha
266: 
267:             pad$jose luis/id=b1720.11-per4
268:                ls$residencia/casa velha
269: 
270:             mad$maria/id=b1720.11-per5
271:                ls$ec/solteira
272:                ls$residencia/casa velha
273: 
274:                pmad$manuel bras/id=b1720.11-per6
275:                   ls$residencia/casa velha
276: 
277:       bap$b1720.12/9/5/1720/fol.502/local__igreja de sao tiago/celebrante__lopo nunes pinto
278: 
279: bap$b1720.12
279:          n$anastacia/f/id=b1720.12-per1
280: 
281:             pn$eduardo nogueira/id=b1720.12-per2
282:                ls$naturalidade/lisboa
283:                ls$residencia/soure
284: 
285:             mn$ermogina teresa de magalhaes/id=b1720.12-per3
286:                ls$naturalidade/braga
287: 
288:             pad$domingos goncalves galhardo/id=b1720.12-per4
289:                ls$titulo/doutor
290:                ls$residencia/soure
291: 
292:             mad$luisa/id=1720-b12-luisa
293:                ls$titulo/dona
294:                ls$ec/solteira
295: 
296:                mmad$ana velha%va./id=b1720.12-per5
297:                   ls$residencia/soure
298: 
299:             referido$lopo nunes pinto/id=b1720.12-per6
300:                ls$cargo/vigario
301:                ls$residencia/granja do ulmeiro
302:                rel$sociabilidade/procurador/luisa/1720-b12-luisa
303: 
304:       bap$b1720.13/17/5/1720/fol.502-502v/local__igreja de sao tiago/celebrante__manuel rodrigues
305: 
306: bap$b1720.13
306:          n$jose/m/id=b1720.13-per1
307: 
308:             pn$sebastiao goncalves/id=b1720.13-per2
309:                ls$residencia/soure
310: 
311:             mn$maria carvalha/id=1720-b13-maria
312:                ls$naturalidade/barroso
313: 
314:             pad$felipe carvalho/id=b1720.13-per3
315:                ls$ec/solteiro
316:                ls$residencia/soure
317:                rel$parentesco/irmao/maria carvalha/1720-b13-maria
318: 
319:             mad$catarina/id=b1720.13-per4
320:                ls$ec/solteira
321:                ls$residencia/soure
322:                rel$parentesco/irma/maria carvalha/1720-b13-maria
323: 
324:       bap$b1720.14/30/5/1720/fol.502v/local__igreja de sao tiago/celebrante__manuel rodrigues
325: 
326: bap$b1720.14
326:          n$maria/f/id=b1720.14-per1
327: 
328:             pn$manuel simoes/id=b1720.14-per2
329:                ls$naturalidade/sobral
330:                ls$residencia/sobral
331: 
332:             mn$ines rodrigues/id=b1720.14-per3
333:                ls$naturalidade/sobral
334: 
335:             pad$joao/id=b1720.14-per4
336:                ls$profissao/estudante
337:                ls$ec/solteiro
338:                ls$residencia/sobral
339: 
340:                ppad$manuel simoes galhardo/id=b1720.14-per5
341: 
342:             mad$maria/id=b1720.14-per6
343:                ls$ec/solteira
344:                ls$residencia/sobral
345: 
346:                pmad$manuel jorge/id=b1720.14-per7
347: 
348:       bap$b1720.15/2/6/1720/fol.502v/local__igreja de sao tiago/celebrante__capelao manuel duarte
349: 
350: bap$b1720.15
350:          n$jose/m/id=b1720.15-per1
351: 
352:             pn$domingos marques/id=b1720.15-per2
353:                ls$naturalidade/paleao
354:                ls$residencia/moinhos novos
355: 
356:             mn$antonia simoes/id=b1720.15-per3
357:                ls$naturalidade/prazo do paul/obs=junto a paleao
358: 
359:             pad$manuel duarte/id=b1720.15-per4
360:                ls$cargo/capelao
361:                ls$residencia/soure
362: 
363:             mad$isabel cardosa/id=b1720.15-per5
364:                ls$ec/solteira
365: 
366:       bap$b1720.16/9/6/1720/fol.502v-503/local__igreja de sao tiago/celebrante__manuel rodrigues
367: 
368: bap$b1720.16
368:          n$manuel/m/id=b1720.16-per1
369: 
370:             pn$antonio pereira/id=b1720.16-per2
371:                ls$naturalidade/casal das brancas
372:                ls$residencia/casal das brancas
373: 
374:             mn$catarina simoes/id=b1720.16-per3
375:                ls$naturalidade/cavaleiros
376: 
377:             pad$manuel vaz/id=b1720.16-per4
378:                ls$residencia/casal das brancas
379: 
380:             mad$francisca/id=b1720.16-per5
381:                ls$ec/solteira
382: 
383:                pmad$francisco simoes/id=b1720.16-per6
384:                   ls$residencia/cavaleiros
385: 
386:       bap$b1720.17/9/6/1720/fol.503/local__igreja de sao tiago/celebrante__manuel rodrigues
387: 
388: bap$b1720.17
388:          n$helena/m/id=b1720.17-per1
389: 
390:             pn$manuel fernandes/id=b1720.17-per2
391:                ls$naturalidade/lourical
392:                ls$residencia/casa velha
393: 
394:             mn$isabel pereira/id=b1720.17-per3
395:                ls$naturalidade/casa velha
396: 
397:             pad$joao simoes/id=b1720.17-per4
398:                ls$ec/solteiro
399:                ls$residencia/casa velha
400: 
401:             mad$helena pereira/id=b1720.17-per5
402:                ls$ec/solteira
403:                ls$residencia/casa velha
404: 
405:       bap$b1720.18/11/6/1720/fol.503/local__igreja de sao tiago/celebrante__frei joao cristovao
406: 
407: bap$b1720.18
407:          n$maria/f/id=1720-b18-maria
408: 
409:             pn$domingos jorge/id=b1720.18-per1
410:                ls$naturalidade/degracias
411:                ls$residencia/soure
412: 
413:             mn$madalena rodrigues/id=b1720.18-per2
414:                ls$naturalidade/soure
415: 
416:             pad$joao cristovao/id=b1720.18-per3
417:                ls$titulo/frei
418:                ls$residencia/soure
419: 
420:             mad$catarina/id=b1720.18-per4
421:                ls$ec/solteira
422:                ls$residencia/soure
423: 
424:                pmad$antonio goncalves/id=b1720.18-per5
425:                   ls$residencia/soure
426: 
427:             referido$manuel goncalves vargas/id=b1720.18-per6
428:                ls$residencia/soure
429:                rel$sociabilidade/baptizou em necessidade/maria/1720-b18-maria
430: 
431:       bap$b1720.19/16/6/1720/fol.503-503v/local__igreja de sao tiago/celebrante__manuel rodrigues
432: 
433: bap$b1720.19
433:          n$manuel/m/id=b1720.19-per1
434: 
435:             pn$sebastiao dinis/id=b1720.19-per2
436:                ls$naturalidade/areias
437:                ls$residencia/areias
438: 
439:             mn$antonia simoes/id=b1720.19-per3
440:                ls$naturalidade/lagem
441: 
442:             pad$sebastiao ferreira/id=b1720.19-per4
443:                ls$cargo/padre
444:                ls$residencia/areias
445: 
446:             mad$francisca rodrigues/id=b1720.19-per5
447:                ls$residencia/alencarce de baixo
448: 
449:                mmad$domingos joao/id=b1720.19-per6
450:                   ls$residencia/alencarce de baixo
451: 
452:       bap$b1720.20/16/6/1720/fol.503v/local__igreja de sao tiago/celebrante__manuel rodrigues
453: 
454: bap$b1720.20
454:          n$teresa/f/id=b1720.20-per1
455: 
456:             pn$manuel joao/id=b1720.20-per2
457:                ls$naturalidade/casconho
458:                ls$residencia/casconho
459: 
460:             mn$felipa joao/id=b1720.20-per3
461:                ls$residencia/porto coelheiro
462: 
463:             pad$domingos lourenco/id=b1720.20-per4
464:                ls$residencia/casconho
465: 
466:             mad$ana/id=b1720.20-per5
467:                ls$ec/solteira
468:                ls$residencia/casconho
469: 
470:                pmad$pedro francisco/id=b1720.20-per6
471:                   ls$residencia/casconho
472: 
473:       bap$b1720.21/17/6/1720/fol.503v/local__igreja de sao tiago/celebrante__capelao manuel duarte
474: 
475: bap$b1720.21
475:          n$luisa/f/id=b1720.21-per1
476: 
477:             pn$joao da cunha/id=b1720.21-per2
478:                ls$naturalidade/sobral
479:                ls$residencia/sobral
480: 
481:             mn$luisa maria/id=b1720.21-per3
482:                ls$residencia/sobral
483: 
484:             pad$joao ribeiro/id=1720-b21-joao
485:                ls$cargo/padre
486:                ls$residencia/redinha
487: 
488:             referido$manuel duarte/id=b1720.21-per4
489:                ls$titulo/frei
490:                rel$sociabilidade/procurador/joao ribeiro/1720-b21-joao
491: 
492:       bap$b1720.22/23/6/1720/fol.503v-504/local__igreja de sao tiago/celebrante__manuel rodrigues
493: 
494: bap$b1720.22
494:          n$manuel/m/id=1720-b22-manuel
495: 
496:             pn$manuel mendes/id=b1720.22-per1
497:                ls$naturalidade/fatacos
498:                ls$residencia/fatacos
499: 
500:             mn$isabel goncalves/id=b1720.22-per2
501:                ls$naturalidade/portela
502: 
503:             pad$manuel/id=b1720.22-per3
504:                ls$ec/solteiro
505:                ls$residencia/casal do marco
506: 
507:                ppad$domingos simoes/id=b1720.22-per4
508:                   ls$residencia/casal do marco
509: 
510:             mad$maria da gante/id=1720-b22-maria
511:                ls$residencia/casal das brancas
512: 
513:             referido$manuel vaz/id=b1720.22-per5
514:                rel$parentesco/marido/maria da gante/1720-b22-maria
515: 
516:             referida$maria ferreira/id=b1720.22-per6
517:                ls$residencia/fatacos
518:                rel$sociabilidade/baptizou em necessidade/manuel/1720-b22-manuel
519: 
520:       bap$b1720.23/30/6/1720/fol.504/local__igreja de sao tiago/celebrante__manuel rodrigues
521: 
522: bap$b1720.23
522:          n$joao/m/id=1720-b23-joao
523: 
524:             pn$manuelfernandes/id=b1720.23-per1
525:                ls$naturalidade/casal da vinha
526:                ls$residencia/casalinhos
527: 
528:             mn$isabel gomes/id=b1720.23-per2
529:                ls$naturalidade/casalinhos
530: 
531:             pad$jose gomes/id=b1720.23-per3
532:                ls$residencia/casalinhos
533: 
534:             mad$maria francisca/id=1720-b23-maria
535:                ls$residencia/casalinhos
536: 
537:             referido$manuel simoes/id=b1720.23-per4
538:                ls$residencia/casalinhos
539:                rel$parentesco/marido/maria francisca/1720-b23-maria
540: 
541:             referido$jose gomes/id=b1720.23-per5
542:                ls$profissao/estudante
543:                ls$residencia/casal da vinha
544:                rel$sociabilidade/baptizou em necessidade/joao/1720-b23-joao
545: 
546:       bap$b1720.24/14/7/1720/fol.504/local__igreja de sao tiago/celebrante__manuel rodrigues
547: 
548: bap$b1720.24
548:          n$manuel/m/id=b1720.24-per1
549: 
550:             pn$manuel da costa/id=b1720.24-per2
551:                ls$naturalidade/gesteira
552:                ls$residencia/casa velha
553: 
554:             mn$antonia goncalves/id=b1720.24-per3
555:                ls$naturalidade/casa velha
556: 
557:             pad$manuel/id=b1720.24-per4
558:                ls$ec/solteiro
559:                ls$residencia/casa velha
560: 
561:                mpad$maria da costa velha/id=b1720.24-per5
562:                   ls$ec/viuva
563: 
564:             mad$maria rodrigues/id=b1720.24-per6
565:                ls$residencia/casa velha
566: 
567:                mrmad$manuel lopes/id=b1720.24-per7
568: 
569:       bap$b1720.25/17/7/1720/fol.504/local__igrejs de sao tiago/celebrante__ frei joao joao cristovao
570: 
571: bap$b1720.25
571:          n$maria/f/id=b1720.25-per1
572: 
573:             pn$jacinto da silva/id=b1720.25-per2
574:                ls$naturalidade/lourical
575:                ls$residencia/soure
576: 
577:             mn$maria pereira/id=b1720.25-per3
578:                ls$naturalidade/soure
579: 
580:             pad$jose da costa/id=1720-b25-jose
581:                ls$residencia/soure
582: 
583:             mad$leonarda teixeira/id=b1720.25-per4
584:                rel$parentesco/mulher/jose da costa/1720-b25-jose
585: 
586:       bap$b1720.26/21/7/1720/fol.504v/local__igreja de sao tiago/celebrante__manuel rodrigues
587: 
588: bap$b1720.26
588:          n$maria/f/id=1720-b26-maria
589: 
590:             pn$jose madeira/id=b1720.26-per1
591:                ls$naturalidade/alencarce de cima
592:                ls$residencia/alencarce de cima
593: 
594:             mn$isabel madeira/id=b1720.26-per2
595:                ls$naturalidade/alencarce de cima
596: 
597:             pad$domingos/id=b1720.26-per3
598:                ls$ec/solteiro
599:                ls$residencia/alencarce de cima
600: 
601:                ppad$manuel madeira/id=b1720.26-per4
602:                   ls$residencia/alencarce de cima
603: 
604:             mad$maria/id=b1720.26-per5
605:                ls$ec/solteiro
606:                ls$residencia/cascao
607: 
608:                mmad$maria joao/id=b1720.26-per6
609:                   ls$residencia/cascao
610: 
611:             referido$manuel rodrigues/id=b1720.26-per7
612:                ls$cargo/vigario
613:                ls$residencia/soure
614:                rel$sociabilidade/baptizou em necessidade em casa/maria/1720-b26-maria
615: 
616:       bap$b1720.27/21/7/1720/fol.504v/local__igreja de sao tiago/celebrante__manuel rodrigues
617: 
618: bap$b1720.27
618:          n$manuel/m/id=1720-b27-manuel
619: 
620:             mn$esperanca dos santos/id=b1720.27-per1
621:                ls$ec/viuva
622:                ls$naturalidade/venda nova
623:                ls$residencia/delgados
624: 
625:             pad$domingos joao palaio/id=b1720.27-per2
626:                ls$residencia/delgados
627:                rel$sociabilidade/baptizou em necessidade/manuel/1720-b27-manuel
628: 
629:             mad$maria goncalves/id=b1720.27-per3
630:                ls$residencia/delgados
631: 
632:                mrmad$mateus carvalho/id=b1720.27-per4
633: 
634:       bap$b1720.28/29/7/1720/fol.504v/local___igreja de sao tiago/celebrante___manuel rodrigues
635: 
636: bap$b1720.28
636:          n$maria/f/id=1720-b28-maria
637:             ls$enjeitada/sim/obs=a porta de manuel goncalves
638: 
639:             pn$nome desconhecido/id=b1720.28-per1
640: 
641:             mn$nome desconhecido/id=b1720.28-per2
642: 
643:             pad$joao de barros/id=b1720.28-per3
644:                ls$cargo/alcaide
645:                ls$residencia/soure
646: 
647:             mad$ana pereira/id=b1720.28-per4
648:                ls$residencia/soure
649: 
650:             referido$manuel goncalves vargas/id=b1720.28-per5
651:                rel$sociabilidade/achou a crianca/maria/1720-b28-maria
652:                ls$residencia/soure
653: 
654:       bap$b1720.29/31/7/1720/fol.505/local__igreja de sao tiago/celebrante__frei joao dos santos
655: 
656: bap$b1720.29
656:          n$inacio/m/id=b1720.29-per1
657: 
658:             pn$antonio alves ribeiro/id=b1720.29-per2
659:                ls$naturalidade/pousos
660:                ls$residencia/soure
661: 
662:             mn$maria dos santos/id=b1720.29-per3
663:                ls$naturalidade/soure
664: 
665:             pad$manuel rodrigues/id=b1720.29-per4
666:                ls$cargo/vigario
667:                ls$residencia/soure
668: 
669:             mad$ana de mendonca/id=b1720.29-per5
670:                ls$residencia/soure
671: 
672:                mrmad$antonio dos santos/id=b1720.29-per6
673:                   ls$residencia/soure
674: 
675:       bap$b1720.30/31/7/1720/fol.505/local__igreja de sao tiago/celebrante__padre antonio de sousa
676: 
677: bap$b1720.30
677:          n$luis/m/id=1720-b30-luis
678: 
679:             pn$joao simoes/id=b1720.30-per1
680:                ls$naturalidade/sobral
681:                ls$residencia/sobral
682: 
683:             mn$catarina rodrigues/id=b1720.30-per2
684:                ls$naturalidade/sobral
685: 
686:             pad$luis de seabra jacques/id=1720-b30-seabra
687:                ls$residencia/soure
688:                ls$cargo/padre
689: 
690:             mad$luisa/id=b1720.30-per3
691:                ls$ec/solteira
692:                rel$parentesco/irma/luis seabra jacques/1720-b30-seabra
693: 
694:             referida$maria jorge/id=b1720.30-per4
695:                ls$ec/viuva
696:                rel$sociabilidade/baptizou em necessidade/luis/1720-b30-luis
697: 
698:       bap$b1720.31/3/8/1720/fol.505/local__igreja de sao tiago/celebrante__doutor heitor de almeida do amaral
699: 
700: bap$b1720.31
700:          n$jose/m/id=1720-b31-jose
701: 
702:             pn$joao da costa vasconcelos/id=b1720.31-per1
703:                ls$naturalidade/soure
704:                ls$residencia/soure
705: 
706:             mn$isabel florenca/id=b1720.31-per2
707:                ls$titulo/dona
708:                ls$naturalidade/almostrel
709: 
710:             pad$jacinto da costa e vasconcelos/id=b1720.31-per3
711:                ls$titulo/doutor
712:                ls$residencia/soure
713:                rel$parentesco/irmao/jose/1720-b31-jose
714: 
715:       bap$b1720.32/4/8/1720/fol.505-505v/local__igreja de sao tiago/celebrante__manuel rodrigues
716: 
717: bap$b1720.32
717:          n$jose/m/id=1720-b32-jose
718: 
719:             pn$joao rodrigues/id=b1720.32-per1
720:                ls$naturalidade/redinha
721:                ls$residencia/paleao
722: 
723:             mn$afonsa carvalha/id=b1720.32-per2
724:                ls$naturalidade/condeixa a nova
725: 
726:             pad$jose mateus/id=1720-b32-mateus
727:                ls$residencia/paleao
728: 
729:             mad$antonia joao/id=b1720.32-per3
730:                ls$residencia/paleao
731:                rel$parentesco/mulher/jose mateus/1720-b32-mateus
732: 
733:             referida$antonia carvalha/id=1720-b32-antonia
734:                ls$residencia/paleao
735:                rel$sociabilidade/baptizou em necessidade/jose/1720-b32-jose
736: 
737:             referido$miguel ferreira/id=b1720.32-per4
738:                ls$residencia/paleao
739:                rel$parentesco/marido/antonia carvalha/1720-b32-antonia
740: 
741:       bap$b1720.33/2/9/1720/fol.506-506v/local__igreja de sao tiago/celebrante__frei antonio de sousa
742: 
743: bap$b1720.33
743:          n$luisa/f/id=b1720.33-per1
744: 
745:             mn$felipa marques/id=b1720.33-per2
746:                ls$ec/viuva
747:                ls$naturalidade/soure
748:                ls$residencia/soure
749: 
750:             pad$luis jose/id=1720-b33-luis
751:                ls$profissao/padre
752:                ls$residencia/soure
753: 
754:             mad$ana maria/id=b1720.33-per3
755:                ls$ec/solteira
756:                rel$parentesco/irma/luis jose/1720-b33-luis
757: 
758:                pmad$tome velho/id=b1720.33-per4
759:                   ls$residencia/soure
760: 
761:       bap$b1720.34/9/9/1720/fol.506v/local__igreja de sao tiago/celebrante__padre manuel pessoa leitao
762: 
763: bap$b1720.34
763:          n$manuel/m/id=b1720.34-per1
764: 
765:             pn$joao de sequeira coelho/id=b1720.34-per2
766:                ls$naturalidade/soure
767:                ls$residencia/soure
768: 
769:             mn$leonarda maria pessoa da silva/id=1720-b34-leonarda
770:                ls$naturalidade/soure
771: 
772:             pad$diogo ramires alemao/id=1720-b34-diogo
773:                ls$residencia/lisboa
774: 
775:             mad$isabel margarida colaca pessoa/id=1720-b34-isabel
776:                rel$parentesco/irma/leonarda maria pessoa da silva/1720-b34-leonarda
777: 
778:             referido$gabriel colaco/id=b1720.34-per3
779:                ls$profissao/padre
780:                rel$sociabilidade/procurador/diogo ramires alemao/1720-b34-diogo
781: 
782:             referido$vicente colaco de morais/id=b1720.34-per4
783:                rel$sociabilidade/procurador/isabel margarida colaca pessoa/1720-b34-isabel
784: 
785:       bap$b1720.35/10/9/1720/fol.506v/local__igreja de sao tiago/celebrante__vigario manuel rodrigues
786: 
787: bap$b1720.35
787:          n$manuel/m/id=b1720.35-per1
788: 
789:             pn$antonio marques/id=b1720.35-per2
790:                ls$naturalidade/redinha
791:                ls$residencia/barroso
792: 
793:             mn$maria rodrigues/id=b1720.35-per3
794:                ls$naturalidade/barroso
795: 
796:             pad$manuel goncalves branco/id=b1720.35-per4
797:                ls$alcunha/o moco
798:                ls$residencia/mogadouro
799: 
800:             mad$ana rodrigues/id=b1720.35-per5
801:                ls$ec/solteira
802:                ls$residencia/barroso
803: 
804:       bap$b1720.36/12/9/1720/fol.306v-307/local__igreja de sao tiago/celebrante__manuel rodrigues
805: 
806: bap$b1720.36
806:          n$luis/m/id=b1720.36-per1
807: 
808:             pn$jose goncalves/id=b1720.36-per2
809:                ls$naturalidade/gesteira
810:                ls$residencia/espirito santo
811: 
812:             mn$francisca goncalves/id=b1720.36-per3
813:                ls$naturalidade/furadouro
814: 
815:             pad$manuel/id=b1720.36-per4
816:                ls$ec/solteiro
817:                ls$residencia/furadouro
818: 
819:                ppad$domingos jorge/id=b1720.36-per5
820:                   ls$residencia/furadouro
821: 
822:             mad$mariana/id=b1720.36-per6
823:                ls$ec/solteira
824:                ls$residencia/espirito santo
825: 
826:                mmad$isabel francisca/id=b1720.36-per7
827:                   ls$residencia/espirito santo
828:                   ls$morta/antes
829: 
830:       bap$b1720.37/25/9/1720/fol.507/local__igreja de sao tiago/celebrante__frei joao cristovao
831: 
832: bap$b1720.37
832:          n$joao/m/id=b1720.37-per1
833: 
834:             pn$simao jorge/id=b1720.37-per2
835:                ls$naturalidade/furadouro
836:                ls$residencia/casal do malvado
837: 
838:             mn$isabel jorge/id=b1720.37-per3
839:                ls$naturalidade/casal do malvado
840: 
841:             pad$joao cristovao/id=b1720.37-per4
842:                ls$titulo/frei/obs=o padre baptizante
843:                ls$residencia/soure
844: 
845:             mad$maria/id=b1720.37-per5
846:                ls$ec/solteira
847:                ls$residencia/cascao
848: 
849:                mmad$maria rodrigues/id=b1720.37-per6
850:                   ls$ec/viuva
851:                   ls$residencia/cascao
852: 
853:       bap$b1720.38/29/9/1720/fol.507/local__igreja de sao tiago/celebrante__manuel rodrigues
854: 
855: bap$b1720.38
855:          n$teresa/f/id=b1720.38-per1
856: 
857:             pn$manuel carvalho/id=b1720.38-per2
858:                ls$naturalidade/paleao
859:                ls$residencia/paleao
860: 
861:             mn$maria soares/id=b1720.38-per3
862:                ls$naturalidade/samuel
863: 
864:             pad$joao henriques/id=b1720.38-per4
865:                ls$residencia/soure
866: 
867:             mad$teresa/id=b1720.38-per5
868:                ls$ec/solteiro
869:                ls$residencia/moinhos de paleao
870: 
871:                pmad$manuel simoes/id=b1720.38-per6
872:                   ls$residencia/moinhos de paleao
873: 
874:       bap$b1720.39/29/9/1720/fol.307-307v/local__igreja de sao tiago/celebrante__manuel rodrigues
875: 
876: bap$b1720.39
876:          n$mateus/m/id=b1720.39-per1
877: 
878:             pn$manuel rodrigues/id=b1720.39-per2
879:                ls$naturalidade/alencarce de cima
880:                ls$residencia/alecarce de cima
881: 
882:             mn$maria rodrigues/id=b1720.39-per3
883:                ls$naturalidade/alencarce de cima
884: 
885:             pad$mateus simoes/id=b1720.39-per4
886:                ls$residencia/alencarce de cima
887: 
888:             mad$antonia/id=b1720.39-per5
889:                ls$ec/solteira
890:                ls$residencia/alencarce de cima
891: 
892:                mmad$maria ferreira/id=b1720.39-per6
893:                   ls$ec/viuva
894:                   ls$residencia/alencarce de cima
895: 
896:       bap$b1720.40/5/10/1720/fol.507v/local__igreja de sao tiago/celebrante__manuel rodrigues
897: 
898: bap$b1720.40
898:          n$miguel/m/id=b1720.40-per1
899: 
900:             pn$joao rodrigues/id=b1720.40-per2
901:                ls$naturalidade/sobral
902:                ls$residencia/sobral
903: 
904:             mn$josefa francisca/id=b1720.40-per3
905:                ls$naturalidade/sobral
906: 
907:             pad$jose gomes/id=b1720.40-per4
908:                ls$profissao/estudante
909:                ls$residencia/casal da venda
910: 
911:                mpad$isabel francisca/id=b1720.40-per5
912:                   ls$ec/viuva
913:                   ls$residencia/casal da venda
914: 
915:             mad$maria francisca/id=b1720.40-per6
916:                ls$residencia/sobral
917: 
918:                mrmad$jose rodrigues/id=b1720.40-per7
919:                   ls$residencia/sobral
920: 
921:       bap$b1720.41/8/10/1720/fol.507v/local__igreja de sao tiago/celebrante__manuel rodrigues
922: 
923: bap$b1720.41
923:          n$manuel/m/id=b1720.41-per1
924: 
925:             pn$antonio mateus/id=b1720.41-per2
926:                ls$alcunha/o moco
927:                ls$naturalidade/pinheiro
928:                ls$residencia/soure
929: 
930:             mn$maria rodrigues/id=b1720.41-per3
931:                ls$naturalidade/figueiro do campo
932: 
933:             pad$jacinto da silva/id=1720-b41-jacinto
934:                ls$residencia/soure
935: 
936:             mad$maria pereira/id=b1720.41-per4
937:                rel$parentesco/mulher/jacinto da silva/1720-b41-jacinto
938: 
939:       bap$b1720.42/9/10/1720/fol.507v/local__igreja de sao tiago/celebrante__padre antonio de sousa
940: 
941: bap$b1720.42
941:          n$jose/m/id=b1720.42-per1
942: 
943:             pn$manuel lourenco/id=b1720.42-per2
944:                ls$naturalidade/bonitos
945:                ls$residencia/bonitos
946: 
947:             mn$ana dias/id=b1720.42-per3
948:                ls$naturalidade/casais da misericordia
949: 
950:             pad$manuel domingues/id=b1720.42-per4
951:                ls$residencia/simoes
952: 
953:             mad$maria rodrigues/id=b1720.42-per5
954:                ls$residencia/casais da misericordia
955: 
956:                mrmad$antonio domingos/id=b1720.42-per6
957:                   ls$alcunha/o moco
958:                   ls$residencia/casais da misericordia
959: 
960:       bap$b1720.43/10/10/1720/fol.508/local__igreja de sao tiago/celebrante__vigario manuel rodrigues
961: 
962: bap$b1720.43
962:          n$manuel/m/id=b1720.43-per1
963: 
964:             pn$manuel rodrigues centeio/id=b1720.43-per2
965:                ls$naturalidade/oureca
966:                ls$residencia/sobral
967: 
968:             mn$catarina joao/id=b1720.43-per3
969:                ls$naturalidade/sobral
970: 
971:             pad$lourenco rodrigues/id=b1720.43-per4
972:                ls$residencia/quinta do cano
973: 
974:             mad$maria rodrigues/id=b1720.43-per5
975:                ls$residencia/marco
976: 
977:                mrmad$manuel ferreira/id=b1720.43-per6
978: 
979:             referido$joao da costa de vasconcelos/obs=dono da quinta do cano/id=b1720.43-per7
980: 
981:       bap$b1720.44/13/10/1720/fol.508/local__igreja de sao tiago/celebrante__manuel rodrigues
982: 
983: bap$b1720.44
983:          n$manuel/m/id=b1720.44-per1
984: 
985:             pn$manuel antunes/id=b1720.44-per2
986:                ls$naturalidade/presa
987:                ls$residencia/presa
988: 
989:             mn$catarina rodrigues/id=b1720.44-per3
990:                ls$naturalidade/presa
991: 
992:             pad$manuel francisco/id=b1720.44-per4
993:                ls$residencia/furadouro
994: 
995:             mad$maria da costa/id=b1720.44-per5
996:                ls$residencia/presa
997: 
998:                mrmad$jose simoes/id=b1720.44-per6
999:                   ls$residencia/presa
1000: 
1001:       bap$b1720.45/13/10/1720/fol.508/local__igreja de sao tiago/celebrante__manuel rodrigues
1002: 
1003: bap$b1720.45
1003:          n$jose/m/id=b1720.45-per1
1004: 
1005:             pn$joao rodrigues/id=b1720.45-per2
1006:                ls$naturalidade/migalho
1007:                ls$residencia/migalho
1008: 
1009:             mn$isabel rodrigues/id=b1720.45-per3
1010:                ls$naturalidade/sobral
1011: 
1012:             pad$manuel duarte/id=b1720.45-per4
1013:                ls$residencia/migalho
1014: 
1015:             mad$isabel dos santos/id=b1720.45-per5
1016:                ls$residencia/migalho
1017: 
1018:                mrmad$domingos cardoso/id=b1720.45-per6
1019:                   ls$residencia/migalho
1020: 
1021:       bap$b1720.46/13/10/1720/fol.508-508v/local__igreja de sao tiago/celebrante__manuel rodrigues
1022: 
1023: bap$b1720.46
1023:          n$joao/m/id=1720-b46-joao
1024: 
1025:             pn$manuel gomes/id=b1720.46-per1
1026:                ls$naturalidade/paleao
1027:                ls$residencia/paleao
1028: 
1029:             mn$ana cardosa/id=b1720.46-per2
1030:                ls$naturalidade/corujeira
1031: 
1032:             pad$joao de barros/id=b1720.46-per3
1033:                ls$cargo/alcaide
1034:                ls$residencia/soure
1035: 
1036:             mad$maria marques/id=b1720.46-per4
1037: 
1038:                mrmad$joao francisco/id=b1720.46-per5
1039:                   ls$residencia/paleao
1040: 
1041:             referida$antonia carvalha/id=1720-b46-antonia
1042:                ls$residencia/paleao
1043:                rel$sociabilidade/baptizou em necessidade/joao/1720-b46-joao
1044: 
1045:             referido$miguel ferreira/id=b1720.46-per6
1046:                ls$residencia/paleao
1047:                rel$parentesco/marido/antonia carvalha/1720-b46-antonia
1048: 
1049:       bap$b1720.47/14/10/1720/fol.508v/local__igrja de sao tiago/celebrante__manuel rodrigues alvaro
1050: 
1051: bap$b1720.47
1051:          n$maria/f/id=b1720.47-per1
1052: 
1053:             pn$jose luis/id=b1720.47-per2
1054:                ls$naturalidade/corujeira
1055:                ls$residencia/corujeira
1056: 
1057:             mn$teresa de oliveira/id=b1720.47-per3
1058:                ls$naturalidade/crocoses
1059: 
1060:             pad$manuel rodrigues alvaro/id=b1720.47-per4
1061:                ls$profissao/padre
1062:                ls$cargo/tesoureiro
1063:                ls$residencia/soure
1064: 
1065:             mad$maria/id=b1720.47-per5
1066:                ls$ec/solteira
1067:                ls$residencia/moinhos de paleao
1068: 
1069:                pmad$joao rodrigues/id=b1720.47-per6
1070:                   ls$residencia/moinhos de paleao
1071: 
1072:       bap$b1720.48/20/10/1720/fol.508v/local__igreja de sao tiago/celebrante__manuel rodrigues
1073: 
1074: bap$b1720.48
1074:          n$maria/f/id=b1720.48-per1
1075: 
1076:             pn$domingos carvalho/id=b1720.48-per2
1077:                ls$naturalidade/casal do malvado
1078:                ls$residencia/casal do malvado
1079: 
1080:             mn$maria agostinha/id=b1720.48-per3
1081:                ls$naturalidade/lamas
1082: 
1083:             pad$manuel madeira/id=b1720.48-per4
1084:                ls$residencia/cascao
1085: 
1086:             mad$maria mateus/id=b1720.48-per5
1087:                ls$residencia/casal do malvado
1088: 
1089:                mrmad$joao francisco/id=b1720.48-per6
1090:                   ls$residencia/casal do malvado
1091: 
1092:       bap$b1720.49/20/10/1720/fol.508v/local__igreja de sao tiago/celebrante__manuel rodrigues
1093: 
1094: bap$b1720.49
1094:          n$antonia/f/id=b1720.49-per1
1095: 
1096:             pn$manuel goncalves/id=b1720.49-per2
1097:                ls$naturalidade/paleao
1098:                ls$residencia/paleao
1099:                ls$profissao/marinheiro
1100: 
1101:             mn$afonsa ferreira/id=b1720.49-per3
1102:                ls$naturalidade/paleao
1103: 
1104:             pad$manuel carvalho/id=b1720.49-per4
1105:                ls$residencia/paleao
1106: 
1107:             mad$antonia/id=b1720.49-per5
1108:                ls$ec/solteira
1109:                ls$residencia/paleao
1110: 
1111:                pmad$domingos joao/id=b1720.49-per6
1112:                   ls$residencia/paleao
1113: 
1114:       bap$b1720.50/20/10/1720/fol.508v-509/local__igreja de sao tiago/celebrante__manuel rodrigues
1115: 
1116: bap$b1720.50
1116:          n$ana/f/id=b1720.50-per1
1117: 
1118:             pn$antonio carvalho/id=b1720.50-per2
1119:                ls$naturalidade/delgados
1120:                ls$residencia/delgados
1121:                ls$morto/antes
1122: 
1123:             mn$maria carvalha/id=b1720.50-per3
1124:                ls$naturalidade/mogadouro
1125: 
1126:             pad$francisco/id=b1720.50-per4
1127:                ls$ec/solteiro
1128:                ls$residencia/mogadouro
1129: 
1130:             mad$ana/id=b1720.50-per5
1131:                ls$ec/solteira
1132:                ls$residencia/delgados
1133: 
1134:                mmad$ana carvalha/id=b1720.50-per6
1135:                   ls$ec/viuva
1136:                   ls$residencia/delgados
1137: 
1138:       bap$b1720.51/25/10/1720/fol.509/local__igreja de sao tiago/celebrante__manuel rodrigues
1139: 
1140: bap$b1720.51
1140:          n$manuel/m/id=b1720.51-per1
1141: 
1142:             pn$joao goncalves/id=b1720.51-per2
1143:                ls$naturalidade/pinheiro
1144:                ls$residencia/pinheiro
1145: 
1146:             mn$maria rodrigues/id=b1720.51-per3
1147:                ls$naturalidade/lagem
1148: 
1149:             pad$manuel simoes/id=b1720.51-per4
1150:                ls$residencia/pinheiro
1151: 
1152:             mad$maria madeira/id=b1720.51-per5
1153:                ls$residencia/pinheiro
1154: 
1155:                mrmad$joao goncalves/id=b1720.51-per6
1156:                   ls$residencia/pinheiro
1157: 
1158:       bap$b1720.52/27/10/1720/fol.509/local__igreja de sao tiago/celebrante__manuel rodrigues
1159: 
1160: bap$b1720.52
1160:          n$manuel/m/id=1720-b52-manuel
1161: 
1162:             pn$manuel da costa/id=b1720.52-per1
1163:                ls$naturalidade/vale da borra
1164:                ls$residencia/quinta de sao grande
1165: 
1166:             mn$catarina francisca/id=b1720.52-per2
1167:                ls$naturalidade/cavaleiros
1168: 
1169:             pad$luis manhos/id=1720-b52-luis
1170:                ls$cargo/capitao
1171:                ls$residencia/soure
1172: 
1173:             mad$mariana/id=b1720.52-per3
1174:                ls$ec/solteira
1175:                ls$residencia/soure
1176:                rel$parentesco/filha/luis manhos/1720-b52-luis
1177: 
1178:             mmn$catarina francisco/id=b1720.52-per4
1179:                rel$sociabilidade/baptizou em necessidade/manuel/1720-b52-manuel
1180: 
1181:       bap$b1720.53/27/10/1720/fol.509v/local__igreja de sao tiago/celebrante__manuel rodrigues
1182: 
1183: bap$b1720.53
1183:          n$maria/f/id=b1720.53-per1
1184: 
1185:             pn$manuel pedroso/id=b1720.53-per2
1186:                ls$naturalidade/migalho
1187:                ls$residencia/migalho
1188: 
1189:             mn$agueda gomes/id=b1720.53-per3
1190:                ls$naturalidade/vinha da rainha
1191: 
1192:             pad$domingos cardoso/id=b1720.53-per4
1193:                ls$residencia/migalho
1194: 
1195:             mad$antonia cardosa/id=b1720.53-per5
1196:                ls$residencia/migalho
1197: 
1198:                mrmad$manuel duarte/id=b1720.53-per6
1199:                   ls$residencia/migalho
1200: 
1201:       bap$b1720.54/5/11/1720/fol.509v/local__igreja de sao tiago/celebrante__manuel rodrigues
1202: 
1203: bap$b1720.54
1203:          n$maria/f/id=b1720.54-per1
1204: 
1205:             pn$luis carvalho/id=b1720.54-per2
1206:                ls$naturalidade/casal das brancas
1207:                ls$residencia/casal das brancas
1208: 
1209:             mn$cecilia goncalves/id=b1720.54-per3
1210:                ls$naturalidade/casal das brancas
1211: 
1212:             pad$joao da costa e vasconcelos/id=b1720.54-per4
1213:                ls$cargo/capitao mor
1214:                ls$residencia/soure
1215: 
1216:             mad$maria/id=b1720.54-per5
1217: 
1218:                pmad$jose carvalho/id=b1720.54-per6
1219:                   ls$residencia/casal das brancas
1220: 
1221:       bap$b1720.55/6/11/1720/fol.509v/local__igreja de sao tiago/celebrante__manuel rodrigues
1222: 
1223: bap$b1720.55
1223:          n$antonia/f/id=b1720.55-per1
1224: 
1225:             pn$manuel goncalves camarro/id=b1720.55-per2
1226:                ls$naturalidade/lousoes
1227:                ls$residencia/lousoes
1228: 
1229:             mn$maria cardosa/id=b1720.55-per3
1230:                ls$naturalidade/moinho de migalho
1231: 
1232:             pad$joao da costa e vasconcelos/id=b1720.55-per4
1233:                ls$cargo/capitao mor
1234:                ls$residencia/soure
1235: 
1236:             mad$antonia/id=b1720.55-per5
1237:                ls$titulo/dona
1238:                ls$residencia/soure
1239: 
1240:                mmad$madalena/id=b1720.55-per6
1241:                   ls$titulo/dona
1242:                   ls$residencia/soure
1243: 
1244:       bap$b1720.56/17/11/1720/fol.509v-510/local__igreja de sao tiago/celebrante__manuel rodrigues
1245: 
1246: bap$b1720.56
1246:          n$maria/f/id=b1720.56-per1
1247: 
1248:             pn$henrique barbosa canais/id=b1720.56-per2
1249:                ls$titulo/doutor
1250:                ls$naturalidade/soure
1251:                ls$residencia/soure
1252: 
1253:             mn$angela luisa de abreu/id=1720-b56-angela
1254:                ls$naturalidade/soure
1255: 
1256:             pad$jose/id=1720-b56-jose
1257:                ls$titulo/frei
1258:                rel$parentesco/irmao/angela luisa de abreu/1720-b56-angela
1259: 
1260:             mad$antonia/id=1720-b56-antonia
1261:                ls$titulo/dona
1262:                ls$residencia/soure
1263: 
1264:                mrmad$jose barbosa canais/id=b1720.56-per3
1265:                   ls$residencia/soure
1266: 
1267:             referido$joao da costa/id=b1720.56-per4
1268:                rel$sociabilidade/procurador/jose/1720-b56-jose
1269:                ls$residencia/soure
1270:                rel$parentesco/irmao/angela luisa de abreu/1720-b56-angela
1271: 
1272:             referido$luis barbosa canais/id=b1720.56-per5
1273:                rel$parentesco/filho/antonia/1720-b56-antonia
1274:                rel$sociabilidade/procurador/antonia/1720-b56-antonia
1275: 
1276:       bap$b1720.57/23/11/1720/fol.510/local__igreja de sao tiago/celebrante__manuel rodrigues
1277: 
1278: bap$b1720.57
1278:          n$jose/m/id=b1720.57-per1
1279: 
1280:             pn$joao gomes/id=b1720.57-per2
1281:                ls$naturalidade/paleao
1282:                ls$residencia/paleao
1283: 
1284:             mn$cecilia afonso/id=b1720.57-per3
1285:                ls$naturalidade/paleao
1286: 
1287:             pad$jose pereira/id=b1720.57-per4
1288:                ls$residencia/sao mateus
1289: 
1290:             mad$teresa/id=b1720.57-per5
1291:                ls$ec/solteira
1292:                ls$residencia/paleao
1293: 
1294:                pmad$manuel simoes/id=b1720.57-per6
1295:                   ls$residencia/paleao
1296: 
1297:       bap$b1720.58/23/11/1720/fol.510/local__igreja de sao tiago/celebrante__manuel rodrigues
1298: 
1299: bap$b1720.58
1299:          n$jose/m/id=b1720.58-per1
1300: 
1301:             pn$jose francisco/id=b1720.58-per2
1302:                ls$naturalidade/casal novo
1303:                ls$residencia/casal novo
1304: 
1305:             mn$maria do espirito santo/id=b1720.58-per3
1306:                ls$naturalidade/alvorinha
1307: 
1308:             pad$joao simoes/id=1720-b58-joao
1309:                ls$residencia/casal novo
1310: 
1311:             mad$maria/id=b1720.58-per4
1312:                ls$ec/solteira
1313:                ls$residencia/casal novo
1314:                rel$parentesco/filha/joao simoes/1720-b58-joao
1315: 
1316:       bap$b1720.59/24/11/1720/fol.510/local__igreja de sao tiago/celebrante__manuel rodrigues
1317: 
1318: bap$b1720.59
1318:          n$domingos/m/id=b1720.59-per1
1319: 
1320:             pn$francisco gomes/id=b1720.59-per2
1321:                ls$naturalidade/alencarce de cima
1322:                ls$residencia/alencarce de cima
1323: 
1324:             mn$maria francisca/id=b1720.59-per3
1325:                ls$naturalidade/alencarce de cima
1326: 
1327:             pad$domingos simoes/id=b1720.59-per4
1328:                ls$residencia/alencarce de cima
1329: 
1330:             mad$josefa/id=b1720.59-per5
1331:                ls$ec/solteira
1332:                ls$residencia/alencarce de cima
1333: 
1334:                pmad$joao gomes/id=b1720.59-per6
1335:                   ls$residencia/alencarce de cima
1336: 
1337:       bap$b1720.60/24/11/1720/fol.510v/local__igreja de sao tiago/celebrante__capelao manuel duarte
1338: 
1339: bap$b1720.60
1339:          n$manuel/m/id=1720-b60-manuel
1340: 
1341:             pn$manuel martins camouco/id=b1720.60-per1
1342:                ls$naturalidade/pinheiro
1343:                ls$residencia/soure
1344: 
1345:             mn$maria da conceicao/id=b1720.60-per2
1346:                ls$naturalidade/soure
1347: 
1348:             pad$vicente colaco de morais/id=1720-b60-vicente
1349:                ls$cargo/capitao
1350:                ls$residencia/soure
1351: 
1352:             mad$damiana colaca/id=b1720.60-per3
1353:                ls$residencia/soure
1354:                rel$parentesco/irma/vicente colaco de morais/1720-b60-vicente
1355: 
1356:             referido$manuel duarte/id=b1720.60-per4
1357:                rel$sociabilidade/baptizou em necessidade/manuel/1720-b60-manuel
1358: 
1359:       bap$b1720.61/25/11/1720/fol.510v/local__igreja de sao tiago/celebrante__manuel rodrigues
1360: 
1361: bap$b1720.61
1361:          n$maria/f/id=b1720.61-per1
1362: 
1363:             pn$manuel rodrigues/id=b1720.61-per2
1364:                ls$naturalidade/portela
1365:                ls$residencia/quinta da cruz
1366: 
1367:             mn$teresa dos santos/id=b1720.61-per3
1368:                ls$naturalidade/quinta da cruz
1369: 
1370:             pad$manuel soares coelho/id=b1720.61-per4
1371:                ls$residencia/soure
1372: 
1373:             mad$maria pereira/id=b1720.61-per5
1374:                ls$residencia/soure
1375: 
1376:                mrmad$jacinto da silva/id=b1720.61-per6
1377:                   ls$residencia/soure
1378: 
1379:       bap$b1720.62/25/11/1720/fol.510v/local__igreja de sao tiago/celebrante__manuel rodrigues
1380: 
1381: bap$b1720.62
1381:          n$antonio/m/id=b1720.62-per1
1382: 
1383:             pn$manuel gomes/id=b1720.62-per2
1384:                ls$naturalidade/vale de nabal
1385:                ls$residencia/corujeira
1386: 
1387:             mn$isabel jorge/id=b1720.62-per3
1388:                ls$naturalidade/corujeira
1389: 
1390:             pad$antonio alves ribeiro/id=b1720.62-per4
1391:                ls$residencia/soure
1392: 
1393:             mad$domingas/id=b1720.62-per5
1394:                ls$ec/solteira
1395:                ls$residencia/corujeira
1396: 
1397:                mrmad$domingas jorge/id=b1720.62-per6
1398:                   ls$ec/viuva
1399:                   ls$residencia/corujeira
1400: 
1401:       bap$b1720.63/25/11/1720/fol.510v-511/local__igreja de sao tiago/celebrante__joao de deus
1402: 
1403: bap$b1720.63
1403:          n$joao/m/id=b1720.63-per1
1404: 
1405:             pn$jose da silva/id=b1720.63-per2
1406:                ls$naturalidade/vinha da rainha
1407:                ls$residencia/soure
1408: 
1409:             mn$feliciana martins/id=b1720.63-per3
1410:                ls$naturalidade/varzea de gois
1411: 
1412:             pad$joao pinheiro/id=b1720.63-per4
1413:                ls$residencia/soure
1414: 
1415:             mad$damiana graca/id=b1720.63-per5
1416:                ls$ec/solteira
1417:                ls$residencia/samuel
1418: 
1419:       bap$b1720.64/27/11/1720/fol.511/local__igreja de sao tiago/celebrante__manuel rodrigues
1420: 
1421: bap$b1720.64
1421:          n$jose/m/id=b1720.64-per1
1422:             ls$ilegitimo/sim
1423: 
1424:             pn$joao goncalves/id=b1720.64-per2
1425:                ls$residencia/pinheiro
1426: 
1427:             mn$maria/id=b1720.64-per3
1428:                ls$ec/solteira
1429:                ls$residencia/pinheiro
1430: 
1431:             pad$manuel goncalves/id=b1720.64-per4
1432:                ls$residencia/alencarce de baixo
1433: 
1434:             mad$bernardina/id=b1720.64-per5
1435:                ls$ec/solteira
1436:                ls$residencia/pinheiro
1437: 
1438:       bap$b1720.65/28/11/1720/fol.511/local__igreja de sao tiago/celebrante__manuel rodrigues
1439: 
1440: bap$b1720.65
1440:          n$angelica/f/id=b1720.65-per1
1441: 
1442:             pn$alberto ferreira veloso/id=b1720.65-per2
1443:                ls$naturalidade/tentugal
1444:                ls$residencia/soure
1445: 
1446:             mn$helena cardosa/id=b1720.65-per3
1447:                ls$naturalidade/soure
1448: 
1449:             pad$francisco homem de quadros/id=b1720.65-per4
1450:                ls$ec/solteiro
1451:                ls$residencia/soure
1452: 
1453:             mad$josefa maria azevedo/id=1720-b65-josefa
1454:                ls$ec/solteira
1455:                ls$residencia/soure
1456: 
1457:             referido$manuel duarte/id=b1720.65-per5
1458:                ls$cargo/capelao
1459:                ls$residencia/soure
1460:                rel$sociabilidade/procurador/josefa maria azevedo/1720-b65-josefa
1461: 
1462:       bap$b1720.66/9/12/1720/fol.511-511v/local__igreja de sao tiago/celebrante__manuel rodrigues alvaro
1463: 
1464: bap$b1720.66
1464:          n$isabel/f/id=b1720.66-per1
1465: 
1466:             pn$antonio rodrigues/id=b1720.66-per2
1467:                ls$naturalidade/quinta da telhada
1468:                ls$residencia/bechos
1469: 
1470:             mn$leonor rodrigues/id=b1720.66-per3
1471:                ls$naturalidade/oureca
1472: 
1473:             pad$joao ferreira/id=b1720.66-per4
1474:                ls$residencia/bechos
1475: 
1476:             mad$isabel/id=b1720.66-per5
1477:                ls$ec/solteira
1478:                ls$residencia/oureca
1479: 
1480:                pmad$manuel rodrigues centeio/id=b1720.66-per6
1481:                   ls$residencia/oureca
1482: 
1483:       bap$b1720.67/23/12/1720/fol.511v/local__igreja de sao tiago/celebrante__manuel rodrigues
1484: 
1485: bap$b1720.67
1485:          n$manuel/m/id=b1720.67-per1
1486: 
1487:             pn$jose fernandes/id=b1720.67-per2
1488:                ls$naturalidade/redinha
1489:                ls$residencia/simoes
1490: 
1491:             mn$josefa lourenca/id=b1720.67-per3
1492:                ls$naturalidade/simoes
1493: 
1494:             pad$manuel/id=b1720.67-per4
1495:                ls$ec/solteiro
1496:                ls$residencia/olho de aguas santas
1497: 
1498:                ppad$nuno mendes/id=b1720.67-per5
1499: 
1500:             mad$mariana/id=b1720.67-per6
1501:                ls$ec/solteira
1502:                ls$residencia/olho de aguas santas
1503: 
1504:                pmad$manuel fernandes/id=b1720.67-per7
1505:                   ls$residencia/olho de aguas santas
1506: 
1507:       bap$b1720.68/26/12/1720/fol.511v/local__igreja de sao tiago/celebrante__manuel rodrigues
1508: 
1509: bap$b1720.68
1509:          n$ana/f/id=b1720.68-per1
1510: 
1511:             pn$domingos da costa/id=b1720.68-per2
1512:                ls$naturalidade/sobral grande
1513:                ls$residencia/paleao
1514: 
1515:             mn$luisa dos santos/id=b1720.68-per3
1516:                ls$naturalidade/porto coelheiro
1517: 
1518:             pad$manuel rodrigues branco/id=b1720.68-per4
1519:                ls$residencia/paleao
1520: 
1521:             mad$ana/id=b1720.68-per5
1522:                ls$ec/solteira
1523:                ls$residencia/paleao
1524: 
1525:                pmad$antonio gomes/id=b1720.68-per6
1526:                   ls$residencia/paleao
1527: 
1528:       bap$b1720.69/31/12/1720/fol.2/local__igreja de sao tiago/celebrante__vigario manuel rodrigues
1529: 
1530: bap$b1720.69
1530:          n$joao/m/id=b1720.69-per1
1531: 
1532:             pn$manuel rodrigues nobre/id=b1720.69-per2
1533:                ls$naturalidade/soure
1534:                ls$residencia/soure
1535: 
1536:             mn$francisca martins/id=b1720.69-per3
1537:                ls$naturalidade/vinha da rainha
1538: 
1539:             pad$jose velho/id=b1720.69-per4
1540:                ls$profissao/barbeiro
1541:                ls$residencia/soure
1542: 
1543:       bap$b1720.70/1/1/1720/fol.496v/igreja de sao tiago/manuel rodrigues
1544: 
1545: bap$b1720.70
1545:          n$antonio/m/id=b1720.70-per1
1546: 
1547:             pn$antonio rodrigues/id=b1720.70-per2
1548:                ls$naturalidade/porto coelheiro
1549:                ls$residencia/alencarce de cima
1550: 
1551:             mn$maria pires/id=b1720.70-per3
1552:                ls$naturalidade/alencarce de cima
1553: 
1554:             pad$jose madeira/id=b1720.70-per4
1555:                ls$residencia/cascao
1556: 
1557:             mad$teresa goncalves/id=b1720.70-per5
1558:                ls$residencia/porto coelheiro
1559: 
1560:                pmad$lourenco rodrigues/id=b1720.70-per6
1561:                   ls$residencia/porto coelheiro
1562: 
1563:       bap$b1720.71/1/1/1720/fol.497/igreja de sao tiago/manuel rodrigues
1564: 
1565: bap$b1720.71
1565:          n$maria/f/id=1720-b71-maria
1566: 
1567:             pn$joao francisco/id=b1720.71-per1
1568:                ls$residencia/casal da venda
1569: 
1570:             mn$teresa francisca/id=b1720.71-per2
1571:                ls$naturalidade/casal da venda
1572: 
1573:             pad$jose gomes/id=1720-b71-jose
1574:                ls$ec/solteiro
1575:                rel$sociabilidade/baptizou em necessidade/maria/1720-b71-maria
1576: 
1577:             mad$isabel/id=b1720.71-per3
1578:                ls$ec/solteira
1579:                ls$residencia/casal da venda
1580:                rel$parentesco/irma/jose gomes/1720-b71-jose
1581: 
1582:             referido$jose gomes carrasco/id=b1720.71-per4
1583:                ls$residencia/casal da venda
1584:                rel$parentesco/pai/jose gomes/1720-b71-jose
1585: 
1586:       bap$b1720.72/14/1/1720/fol.497/local__igreja de sao tiago/celebrante__manuel rodrigues
1587: 
1588: bap$b1720.72
1588:          n$luisa/f/id=b1720.72-per1
1589: 
1590:             pn$manuel domingues/id=b1720.72-per2
1591:                ls$alcunha/o moco
1592:                ls$naturalidade/casconho
1593:                ls$residencia/casconho
1594: 
1595:             mn$isabel francisca/id=b1720.72-per3
1596:                ls$naturalidade/casconho
1597: 
1598:             pad$carlos de oliveira/id=b1720.72-per4
1599:                ls$residencia/casconho
1600: 
1601:             mad$maria/id=b1720.72-per5
1602:                ls$ec/solteira
1603:                ls$residencia/casconho
1604: 
1605:                pmad$pedro francisco/id=b1720.72-per6
1606:                   ls$residencia/casconho
1607: 
1608:       bap$b1720.73/14/1/1720/fol.497/local__igreja de sao tiago/celebrante__manuel rodrigues
1609: 
1610: bap$b1720.73
1610:          n$domingas/f/id=b1720.73-per1
1611: 
1612:             pn$antonio lopes/id=b1720.73-per2
1613:                ls$naturalidade/corcozes
1614:                ls$residencia/corcozes
1615: 
1616:             mn$isabel cardosa/id=b1720.73-per3
1617:                ls$naturalidade/corcozes
1618: 
1619:             pad$domingos da gante/id=1720-b73-domingos
1620:                ls$residencia/barril
1621: 
1622:             mad$maria/id=b1720.73-per4
1623:                ls$ec/solteira
1624:                ls$residencia/barril
1625:                rel$parentesco/filha/domingos da gante/1720-b73-domingos
1626: 
1627:       bap$b1720.74/14/1/1720/fol.497/local__igreja de sao tiago/celebrante__manuel rodrigues
1628: 
1629: bap$b1720.74
1629:          n$josefa/f/id=b1720.74-per1
1630: 
1631:             pn$manuel rodrigues feijao/id=b1720.74-per2
1632:                ls$naturalidade/cavaleiros
1633:                ls$residencia/cavaleiros
1634: 
1635:             mn$isabel rodrigues/id=b1720.74-per3
1636:                ls$naturalidade/lagem
1637: 
1638:             pad$manuel/id=1720-b74-manuel
1639:                ls$ec/solteiro
1640:                ls$residencia/soure
1641: 
1642:             mad$josefa de azevedo/id=b1720.74-per4
1643:                ls$residencia/soure
1644: 
1645:             mpad$isabel da silva/id=b1720.74-per5
1646:                ls$titulo/dona
1647:                ls$residencia/soure
1648: 
1649:             referido$manuel rodrigues descalco/id=b1720.74-per6
1650:                ls$residencia/soure
1651:                rel$sociabilidade/procurador/manuel/1720-b74-manuel
1652: 
1653:       bap$b1720.75/28/1/1720/fol.497v/local__igreja de soa tiago/celebrante__manuel rodrigues
1654: 
1655: bap$b1720.75
1655:          n$manuel/m/id=b1720.75-per1
1656: 
1657:             pn$jose de oliveira/id=b1720.75-per2
1658:                ls$naturalidade/lagem
1659:                ls$residencia/oureca
1660: 
1661:             mn$isabel cardosa/id=b1720.75-per3
1662:                ls$naturalidade/oureca
1663: 
1664:             pad$manuel rodrigues/id=b1720.75-per4
1665:                ls$residencia/espirito santo
1666: 
1667:             mad$antonia/id=b1720.75-per5
1668:                ls$ec/solteira
1669:                ls$residencia/oureca
1670: 
1671:                mmad$maria cardosa/id=b1720.75-per6
1672:                   ls$residencia/oureca
1673: 
1674:       bap$b1720.76/31/1/1720/fol.497/local__igreja de sao tiago/celebrante__manuel rodrigues
1675: 
1676: bap$b1720.76
1676:          n$manuel/m/id=b1720.76-per1
1677: 
1678:             pn$joao rodrigues/id=b1720.76-per2
1679:                ls$naturalidade/moinhos de olho de agua
1680:                ls$residencia/casconho
1681: 
1682:             mn$maria joao/id=b1720.76-per3
1683:                ls$naturalidade/casconho
1684: 
1685:             pad$pascoal dias/id=b1720.76-per4
1686:                ls$residencia/moinhos de olho de agua
1687: 
1688:             mad$maria/id=b1720.76-per5
1689:                ls$ec/solteira
1690:                ls$residencia/casconho
1691: 
1692:                pmad$antonio domingues/id=b1720.76-per6
1693:                   ls$residencia/casconho
1694: 
1695:       bap$b1720.77/4/2/1720/fol.498/local__igreja de sao tiago/celebrante__manuel rodrigues
1696: 
1697: bap$b1720.77
1697:          n$josefa/f/id=b1720.77-per1
1698: 
1699:             pn$francisco dinis/id=b1720.77-per2
1700:                ls$naturalidade/oureca
1701:                ls$residencia/oureca
1702: 
1703:             mn$josefa madeira/id=b1720.77-per3
1704:                ls$naturalidade/quinta da telhada
1705: 
1706:             pad$manuel/id=b1720.77-per4
1707:                ls$ec/solteiro
1708:                ls$residencia/soure
1709: 
1710:             mad$josefa de azevedo/id=b1720.77-per5
1711:                ls$residencia/soure
1712: 
1713:             mpad$isabel da silva/id=b1720.77-per6
1714:                ls$titulo/dona
1715:                ls$residencia/soure
1716: 
1717:       bap$b1720.78/7/2/1720/fol.498/local__igreja de sao tiago/celebrante__manuel rodrigues
1718: 
1719: bap$b1720.78
1719:          n$pascoa/f/id=b1720.78-per1
1720: 
1721:             pn$antonio bernardes/id=b1720.78-per2
1722:                ls$naturalidade/paiao
1723:                ls$residencia/casa velha
1724: 
1725:             mn$josefa gomes/id=b1720.78-per3
1726:                ls$naturalidade/casa velha
1727: 
1728:             pad$francisco/id=b1720.78-per4
1729:                ls$ec/solteiro
1730:                ls$residencia/paiao
1731: 
1732:                ppad$joao bernardes/id=b1720.78-per5
1733:                   ls$residencia/paiao
1734: 
1735:             mad$pascoa pereira/id=b1720.78-per6
1736:                ls$ec/solteira
1737:                ls$residencia/casa velha
1738: 
1739:       bap$b1720.79/8/2/1720/fol.498/local__igreja de sao tiago/celebrante__manuel rodrigues
1740: 
1741: bap$b1720.79
1741:          n$joao/m/id=b1720.79-per1
1742: 
1743:             pn$joao rodrigues/id=b1720.79-per2
1744:                ls$naturalidade/sobral
1745:                ls$residencia/sobral
1746: 
1747:             mn$isabel rodrigues/id=b1720.79-per3
1748:                ls$naturalidade/sobral
1749: 
1750:             pad$manuel rodrigues/id=b1720.79-per4
1751:                ls$profissao/padre
1752:                ls$cargo/vigario de soure
1753:                ls$residencia/soure
1754: 
1755:             mad$maria/id=b1720.79-per5
1756:                ls$ec/solteira
1757:                ls$residencia/sobral
1758: 
1759:                pmad$manuel jorge/id=b1720.79-per6
1760:                   ls$residencia/sobral
1761: 
1762:       bap$b1720.80/11/2/1720/fol.498-498v/local__igreja de sao tiago/celebrante__padre manuel martins
1763: 
1764: bap$b1720.80
1764:          n$lourenco/m/id=b1720.80-per1
1765: 
1766:             pn$jose martins/id=1720-b80-jose
1767:                ls$naturalidade/soure
1768:                ls$residencia/soure
1769: 
1770:             mn$joana rodrigues/id=b1720.80-per2
1771:                ls$naturalidade/soure
1772: 
1773:             pad$lourenco rodrigues/id=1720-b80-lourenco
1774:                ls$residencia/soure
1775: 
1776:             mad$maria jorge/id=b1720.80-per3
1777:                ls$residencia/soure
1778:                rel$parentesco/mulher/lourenco rodrigues/1720-b80-lourenco
1779: 
1780:             referido$manuel martins/id=b1720.80-per4
1781:                ls$profissao/padre
1782:                ls$residencia/soure
1783:                rel$parentesco/irmao/jose martins/1720-b80-jose
1784: 
1785:       bap$b1720.81/11/2/1720/fol.498v/local__igreja de sao tiago/celebrante__manuel rodrigues
1786: 
1787: bap$b1720.81
1787:          n$luis/m/id=b1720.81-per1
1788: 
1789:             pn$manuel rodrigues/id=b1720.81-per2
1790:                ls$naturalidade/paleao
1791:                ls$residencia/paleao
1792: 
1793:             mn$francisca leoa/id=b1720.81-per3
1794:                ls$naturalidade/paleao
1795: 
1796:             pad$luis manhos de abreu/id=b1720.81-per4
1797:                ls$cargo/capitao
1798:                ls$residencia/paleao
1799: 
1800:             mad$catarina gaspar/id=1720-b81-catarina
1801:                ls$ec/solteira
1802:                ls$residencia/paleao
1803: 
1804:             referido$joao gaspar/id=b1720.81-per5
1805:                ls$ec/solteiro
1806:                ls$residencia/paleao
1807:                rel$sociabilidade/procurador/catarina gaspar/1720-b81-catarina
1808:                rel$parentesco/irmao/catarina gaspar/1720-b81-catarina
1809: 
1810:       bap$b1720.82/11/2/1720/fol.498v/local__igreja de sao tiago/celebrante__manuel rodrigues
1811: 
1812: bap$b1720.82
1812:          n$joana/f/id=b1720.82-per1
1813: 
1814:             pn$mateus rodrigues/id=b1720.82-per2
1815:                ls$naturalidade/porto coelheiro
1816:                ls$residencia/porto coelheiro
1817: 
1818:             mn$isabel da costa/id=b1720.82-per3
1819:                ls$naturalidade/moinhos da figueirinha
1820:                ls$freguesia/redinha
1821: 
1822:             pad$jose/id=b1720.82-per4
1823:                ls$ec/solteiro
1824:                ls$residencia/laranjeira
1825:                ls$freguesia/tapeus
1826: 
1827:                ppad$manuel da costa/id=b1720.82-per5
1828:                   ls$residencia/laranjeira
1829:                   ls$freguesia/tapeus
1830: 
1831:             mad$domingas da costa/id=b1720.82-per6
1832:                ls$residencia/porto coelheiro
1833: 
1834:                mrmad$antonio rodrigues/id=b1720.82-per7
1835:                   ls$residencia/porto coelheiro
1836: 
1837:       bap$b1720.83/18/2/1720/fol498v-499/local__igreja de sao tiago/celebrante__manuel rodrigues
1838: 
1839: bap$b1720.83
1839:          n$joao/m/id=1720-b83-joao
1840: 
1841:             pn$jose domingues/id=b1720.83-per1
1842:                ls$naturalidade/porto coelheiro
1843:                ls$residencia/porto coelheiro
1844: 
1845:             mn$maria joao/id=b1720.83-per2
1846:                ls$naturalidade/carvalheira de cima
1847: 
1848:             pad$manuel rodrigues/id=b1720.83-per3
1849:                ls$ec/solteiro
1850:                ls$residencia/fogueira
1851: 
1852:             mad$isabel/id=b1720.83-per4
1853:                ls$ec/solteira
1854: 
1855:                pmad$joao da costa/id=b1720.83-per5
1856:                   ls$morto/antes
1857: 
1858:             referida$maria martins/id=b1720.83-per6
1859:                ls$residencia/carvalhal
1860:                ls$freguesia/tapeus
1861:                rel$sociabilidade/baptizou em necessidade/joao/1720-b83-joao
1862: 
1863:       bap$b1720.84/18/2/1720/fol.499/local__igreja de sao tiago/celebrante__manuel rodrigues
1864: 
1865: bap$b1720.84
1865:          n$teresa/f/id=b1720.84-per1
1866: 
1867:             pn$manuel rodrigues/id=b1720.84-per2
1868:                ls$naturalidade/casal de pedro afonso
1869:                ls$residencia/pencarpia
1870: 
1871:             mn$antonia goncalves/id=b1720.84-per3
1872:                ls$naturalidade/corujeira
1873: 
1874:             pad$sebastiao ferreira/id=b1720.84-per4
1875:                ls$profissao/padre
1876:                ls$residencia/soure
1877: 
1878:             mad$teresa rodrigues/id=b1720.84-per5
1879:                ls$ec/solteira
1880:                ls$residencia/soure
1881: 
1882:       bap$b1720.85/19/2/1720/fol.499/local__igreja de sao tiago/celebrante__manuel rodrigues
1883: 
1884: bap$b1720.85
1884:          n$maria/f/id=b1720.85-per1
1885: 
1886:             pn$joao rodrigues/id=b1720.85-per2
1887:                ls$naturalidade/simoes
1888:                ls$residencia/simoes
1889: 
1890:             mn$mariana rodrigues/id=b1720.85-per3
1891:                ls$naturalidade/simoes
1892: 
1893:             pad$manuel joao/id=b1720.85-per4
1894:                ls$alcunha/o manco
1895:                ls$residencia/simoes
1896: 
1897:             mad$antonia/id=b1720.85-per5
1898:                ls$ec/solteira
1899:                ls$residencia/simoes
1900: 
1901:                mmad$maria rodrigues/id=b1720.85-per6
1902:                   ls$alcunha/a barqueira
1903:                   ls$residencia/simoes
1904: 
1905:       bap$b1720.86/26/2/1720/fol.499/local__igreja de sao tiago/celebrante__manuel rodrigues
1906: 
1907: bap$b1720.86
1907:          n$antonio/m/id=b1720.86-per1
1908: 
1909:             pn$manuel joao soeiro/id=b1720.86-per2
1910:                ls$alcunha/o moco
1911:                ls$naturalidade/sobral
1912:                ls$residencia/sobral
1913: 
1914:             mn$maria francisca/id=b1720.86-per3
1915:                ls$naturalidade/simoes
1916: 
1917:             pad$manuel dias/id=b1720.86-per4
1918:                ls$residencia/sobral
1919: 
1920:             mad$maria jorge/id=b1720.86-per5
1921:                ls$residencia/sobral
1922: 
1923:                mrmad$antonio simoes/id=b1720.86-per6
1924:                   ls$residencia/sobral
1925: 
1926:       bap$b1720.87/29/2/1720/fol.499v/local__igreja de sao tiago/celebrante__manuel goncalves
1927: 
1928: bap$b1720.87
1928:          n$manuel/m/id=b1720.87-per1
1929: 
1930:             pn$joao antunes/id=b1720.87-per2
1931:                ls$naturalidade/assamassa
1932:                ls$residencia/assamassa
1933: 
1934:             mn$pedronilha alves/id=b1720.87-per3
1935:                ls$naturalidade/vila nova de ancos
1936: 
1937:             pad$manuel pinto/id=b1720.87-per4
1938:                ls$residencia/soure
1939: 
1940:             mad$josefa/id=b1720.87-per5
1941:                ls$ec/solteira
1942:                ls$residencia/tapeus
1943: 
1944:                pmad$afonso lopes/id=b1720.87-per6
1945:                   ls$residencia/tapeus
1946: 
1947:       bap$b1720.88/24/3/1720/fol.499v/local__igreja de sao tiago/celebrante__manuel rodrigues
1948: 
1949: bap$b1720.88
1949:          n$manuel/m/id=b1720.88-per1
1950: 
1951:             pn$jose luis/id=b1720.88-per2
1952:                ls$naturalidade/casa velha
1953:                ls$residencia/casa velha
1954: 
1955:             mn$ines da conceicao/id=b1720.88-per3
1956:                ls$naturalidade/casa velha
1957: 
1958:             pad$manuel jorge/id=b1720.88-per4
1959:                ls$ec/solteiro
1960:                ls$residencia/casa velha
1961: 
1962:             mad$maria/id=b1720.88-per5
1963:                ls$ec/solteira
1964:                ls$residencia/casal novo
1965: 
1966:                pmad$manuel de gouveia/id=b1720.88-per6
1967:                   ls$residencia/casal novo
1968: 
1969:       bap$b1720.89/24/3/1720/fol.499v/local__igreja de sao tiago/celebrante__frei luis bernardes
1970: 
1971: bap$b1720.89
1971:          n$domingos/m/id=b1720.89-per1
1972: 
1973:             pn$manuel rodrigues marmeleiro/id=b1720.89-per2
1974:                ls$naturalidade/alencarce de cima
1975:                ls$residencia/alencarce de cima
1976: 
1977:             mn$maria antunes/id=b1720.89-per3
1978:                ls$naturalidade/ega
1979: 
1980:             pad$domingos simoes/id=b1720.89-per4
1981:                ls$residencia/alencarce de cima
1982: 
1983:             mad$ana/id=b1720.89-per5
1984:                ls$ec/solteira
1985:                ls$residencia/alencarce de cima
1986: 
1987:                mmad$maria ferreira/id=b1720.89-per6
1988:                   ls$ec/viuva
1989:                   ls$residencia/alencarce de cima
1990: 
1991:       bap$b1720.90/24/3/1720/fol__499v-500/local__igreja de sao tiago/celebrante__frei luis bernardes
1992: 
1993: bap$b1720.90
1993:          n$maria/f/id=b1720.90-per1
1994: 
1995:             pn$manuel madeira/id=b1720.90-per2
1996:                ls$naturalidade/alencarce de cima
1997:                ls$residencia/alencarce de cima
1998: 
1999:             mn$margarida simoes/id=b1720.90-per3
2000:                ls$naturalidade/alencarce de cima
2001: 
2002:             pad$manuel/id=b1720.90-per4
2003:                ls$ec/solteiro
2004:                ls$residencia/alencarce de cima
2005: 
2006:                ppad$antonio rodrigues lourenco/id=b1720.90-per5
2007:                   ls$residencia/alencarce de cima
2008: 
2009:             mad$josefa de carvalho/id=b1720.90-per6
2010:                ls$ec/solteira
2011:                ls$residencia/alencarce de cima
2012: 
2013:       bap$b1720.91/27/3/1720/fol__500/local__igreja de sao tiago/celebrante__manuel rodrigues
2014: 
2015: bap$b1720.91
2015:          n$josefa/f/id=b1720.91-per1
2016: 
2017:             pn$manuel rodrigues/id=b1720.91-per2
2018:                ls$naturalidade/lagem
2019:                ls$residencia/lagem
2020: 
2021:             mn$luisa francisca/id=b1720.91-per3
2022:                ls$naturalidade/figueiro do campo
2023: 
2024:             pad$manuel da costa/id=1720-b91-manuel
2025:                ls$residencia/cavaleiros
2026: 
2027:             mad$catarina francisca/id=b1720.91-per4
2028:                ls$residencia/cavaleiros
2029:                rel$parentesco/mulher/manuel da costa/1720-b91-manuel
2030: 
2031:       bap$b1720.92/27/3/1720/fol.500/local__igreja de sao tiago/celebrante__manuel rodrigues
2032: 
2033: bap$b1720.92
2033:          n$angelo/m/id=b1720.92-per1
2034:             ls$ilegitimo/sim
2035: 
2036:             mn$catarina/id=1720-b92-catarina
2037:                ls$ec/solteira
2038:                ls$residencia/pinheiro
2039: 
2040:             pad$tome velho/id=1720-b92-tome
2041: 
2042:             mad$ana maria/id=b1720.92-per2
2043:                ls$ec/solteira
2044:                rel$parentesco/filha/tome velho/1720-b92-tome
2045: 
2046:             referido$manuel vaz/id=b1720.92-per3
2047:                ls$residencia/pinheiro
2048:                rel$parentesco/pai/catarina/1720-b92-catarina
2049: 
2050:       bap$b1720.93/3/4/1720/fol.500/local__igreja de sao tiago/celebrante__capelao manuel duarte
2051: 
2052: bap$b1720.93
2052:          n$dionisio/m/id=b1720.93-per1
2053: 
2054:             pn$joao antunes/id=b1720.93-per2
2055:                ls$naturalidade/casal de galinhas
2056:                ls$residencia/casal de galinhas
2057: 
2058:             mn$catarina francisca/id=b1720.93-per3
2059:                ls$naturalidade/cavaleiros
2060: 
2061:             pad$manuel coelho pinto/id=b1720.93-per4
2062:                ls$residencia/extra muros de coimbra
2063: 
2064:             mad$antonia jorge/id=b1720.93-per5
2065:                ls$residencia/casal de galinhas
2066: 
2067:                mrmad$joao pereira/id=b1720.93-per6
2068:                   ls$residencia/casal de galinhas
2069: 
2070:       bap$b1720.94/7/4/1720/fol.500v/local__igreja de sao tiago/celebrante__manuel rodrigues
2071: 
2072: bap$b1720.94
2072:          n$josefa/f/id=b1720.94-per1
2073: 
2074:             pn$jose rodrigues/id=b1720.94-per2
2075:                ls$naturalidade/sao mateus
2076:                ls$residencia/sao mateus
2077: 
2078:             mn$isabel rodrigues/id=b1720.94-per3
2079:                ls$naturalidade/sao mateus
2080: 
2081:             pad$jose pereira/id=1720-b94-jose
2082:                ls$ec/solteiro
2083:                ls$residencia/sao mateus
2084: 
2085:             mad$catarina/id=b1720.94-per4
2086:                ls$ec/solteira
2087:                ls$residencia/sao mateus
2088:                rel$parentesco/irma/jose pereira/1720-b94-jose
2089: 
2090:       bap$b1720.95/14/4/1720/fol.500v/local__igreja de sao tiago/celebrante__manuel rodrigues
2091: 
2092: bap$b1720.95
2092:          n$manuel/m/id=1720-b95-manuel
2093: 
2094:             pn$joao domingues/id=1720-b95-joao
2095:                ls$naturalidade/casconho
2096:                ls$residencia/casconho
2097: 
2098:             mn$maria martins/id=b1720.95-per1
2099:                ls$naturalidade/porto coelheiro
2100: 
2101:             pad$manuel joao/id=b1720.95-per2
2102:                ls$residencia/casconho
2103: 
2104:             mad$lucia/id=b1720.95-per3
2105:                ls$ec/solteira
2106:                ls$residencia/porto coelheiro
2107: 
2108:                pmad$simao duarte/id=b1720.95-per4
2109:                   ls$residencia/porto coelheiro
2110: 
2111:             referido$manuel domingues/id=b1720.95-per5
2112:                ls$residencia/casconho
2113:                rel$parentesco/pai/joao domingues/1720-b95-joao
2114:                rel$sociabilidade/baptizou em necessidade/manuel/1720-b95-manuel
2115: 
2116:       bap$b1720.96/14/4/1720/fol.500v/local__igreja de sao tiago/celebrante__manuel rodrigues
2117: 
2118: bap$b1720.96
2118:          n$jose/m/id=1720-b96-jose
2119: 
2120:             pn$jose antunes/id=b1720.96-per1
2121:                ls$naturalidade/alencarce de cima
2122:                ls$residencia/alencarce de cima
2123: 
2124:             mn$maria antunes/id=b1720.96-per2
2125:                ls$naturalidade/alencarce de cima
2126: 
2127:             pad$manuel martins/id=b1720.96-per3
2128:                ls$residencia/cascao
2129: 
2130:             mad$francisca da conceicao/id=b1720.96-per4
2131:                ls$residencia/alencarce de cima
2132: 
2133:                mrmad$jose gomes/id=b1720.96-per5
2134:                   ls$residencia/alencarce de cima
2135: 
2136:             referido$domingos joao/id=b1720.96-per6
2137:                ls$profissao/padre
2138:                ls$residencia/alencarce de cima
2139:                rel$sociabilidade/baptizou em necessidade/jose/1720-b96-jose
2140: *** End of File
** Processed file- /Users/jrc/mhk-home/sources/soure/soure-sources/sources/soure_fase2/bap1720.cli
** Original file- /Users/jrc/mhk-home/sources/soure/soure-sources/sources/soure_fase2/bap1720.org
** Previous version- /Users/jrc/mhk-home/sources/soure/soure-sources/sources/soure_fase2/bap1720.old
** Temp file with ids- /Users/jrc/mhk-home/sources/soure/soure-sources/sources/soure_fase2/bap1720.ids
0  errors. 
0  warnings.
Translation finished.
