ClioInput - version @@VERSION@@ - build @@BUILD@@ @@DATE@@
13-6-2019 22-51

Processing data file cas1722.cli
-------------------------------------------
Generic Act translation module with geoentities (XML).
     Joaquim Ramos de Carvalho (joaquim@uc.pt) 
** New document: kleio
1: kleio$gacto2.str/translations=2
=========================
kleio translation started
=========================
Structure: gacto2.str
Prefix: 
Autorel: 
Translation count: 2
Obs: 
2:    fonte$casamentos 1722/1722/paroquiais/auc/obs=em muito mau estado
3: 
** Processing source fonte$casamentos 1722
4:       cas$c1722.01/5/1/1722/fol.303v/local__igreja de sao tiago/celebrante__manuel rodrigues
5: 
6: cas$c1722.01
6:          noivo$antonio rodrigues/id=c1722.01-per1
7:             ls$residencia/casconho
8: 
9:             pnoivo$simao rodrigues/id=c1722.01-per2
10:                ls$residencia/casconho
11: 
12:             mnoivo$antonia de oliveira/id=c1722.01-per3
13: 
14:          noiva$maria simoes/id=c1722.01-per4
15:             ls$residencia/simoes
16: 
17:             pnoiva$pedro lopes/id=c1722.01-per5
18:                ls$residencia/simoes
19: 
20:             mnoiva$domingas simoes/id=c1722.01-per6
21: 
22:          test$manuel domingues/id=c1722.01-per7
23:             ls$residencia/casconho
24: 
25:          test$joao domingues/id=c1722.01-per8
26:             ls$residencia/casconho
27: 
28:       cas$c1722.2/5/1/1722/fol.303v-304/local__igreja de nossa senhora de finisterra/celebrante__frei antonio de sousa bento
29: 
30: cas$c1722.2
30:          noivo$joao mendes francisco/id=c1722.2-per1
31:             ls$residencia/soure
32: 
33:             pnoivo$joao francisco/id=c1722.2-per2
34:                ls$residencia/soure
35: 
36:             mnoivo$francisca mendes/id=c1722.2-per3
37:                ls$morta/antes
38: 
39:          noiva$mariana do espirito santo/id=c1722.2-per4
40:             ls$naturalidade/casal da charneca
41: 
42:             pnoiva$domingos pires/id=c1722.2-per5
43:                ls$residencia/casal da charneca
44:                ls$morto/antes
45: 
46:             mnoiva$maria francisca/id=c1722.2-per6
47:                ls$morta/antes
48: 
49:          test$martinho da cunha de eca/id=c1722.2-per7
50:             ls$residencia/soure
51: 
52:          test$jose da costa/id=1722-c2-jose
53:             ls$profissao/carpinteiro
54:             ls$residencia/soure
55: 
56:          test$leonarda teixeira/id=c1722.2-per8
57:             ls$residencia/soure
58:             rel$parentesco/mulher/jose da costa/1722-c2-jose
59: 
60:          test$madalena teixeira/id=c1722.2-per9
61:             ls$residencia/soure
62:             rel$parentesco/cunhada/jose da costa/1722-c2-jose
63: 
64:       cas$c1722.3/18/1/1722/fol.304/local__igreja de sao tiago/celebrante__manuel rodrigues
65: 
66: cas$c1722.3
66:          noivo$manuel rodrigues/id=c1722.3-per1
67:             ls$residencia/casal do marco
68:             ls$ec/viuvo
69: 
70:             pnoivo$manuel ferreira/id=c1722.3-per2
71:                ls$residencia/casal do marco
72: 
73:             mnoivo$maria rodrigues/id=c1722.3-per3
74: 
75:             mulher1$maria francisca/id=c1722.3-per4
76:                ls$residencia/fatacos
77:                ls$morta/antes
78: 
79:                pmulher1$manuel francisco/id=c1722.3-per5
80:                   ls$residencia/fatacos
81: 
82:                mmulher1$maria joao/id=c1722.3-per6
83: 
84:          noiva$josefa jorge/id=c1722.3-per7
85:             ls$residencia/casal das galinhas
86: 
87:             pnoiva$manuel francisco/id=c1722.3-per8
88:                ls$residencia/casal das galinhas
89: 
90:             mnoiva$ana jorge/id=c1722.3-per9
91:                ls$morta/antes
92: 
93:          test$domingos goncalves galhardo/id=c1722.3-per10
94:             ls$cargo/padre
95:             ls$residencia/soure
96: 
97:          test$jose goncalves/id=c1722.3-per11
98:             ls$cargo/padre
99:             ls$residencia/fatacos
100: 
101:          test$manuel goncalves/id=c1722.3-per12
102:             ls$residencia/fatacos
103: 
104:          test$manuel francisco/id=c1722.3-per13
105:             ls$residencia/fatacos
106: 
107:       cas$c1722.4/2/2/1722/fol.304v/local__ermida de mogadouro/celebrante__frei antonio da sousa bento
108: 
109: cas$c1722.4
109:          noivo$domingos rodrigues/id=c1722.4-per1
110:             ls$residencia/casal do barril
111: 
112:             pnoivo$domingos rodrigues/id=c1722.4-per2
113:                ls$residencia/casal do barril
114: 
115:             mnoivo$isabel pedrosa/id=c1722.4-per3
116:                ls$morta/antes
117: 
118:          noiva$maria rodrigues/id=c1722.4-per4
119:             ls$residencia/barroso
120: 
121:             pnoiva$domingos andre/id=c1722.4-per5
122:                ls$residencia/barroso
123:                ls$morto/antes
124: 
125:             mnoiva$maria rodrigues/id=c1722.4-per6
126: 
127:          test$manuel goncalves/id=c1722.4-per7
128:             ls$residencia/mogadouro
129: 
130:          test$antonio marques/id=c1722.4-per8
131:             ls$residencia/barroso
132: 
133:          test$jose velho/id=c1722.4-per9
134:             ls$profissao/barbeiro
135:             ls$residencia/soure
136: 
137:          test$manuel jorge/id=c1722.4-per10
138:             ls$residencia/sobral
139: 
140:       cas$c1722.5/2/2/1722/fol.304v/local__ermida nossa senhora das neves/celebrante__manuel rodrigues
141: 
142: cas$c1722.5
142:          noivo$manuel lopes pereira&pra./id=c1722.5-per1
143:             ls$residencia/casa velha
144: 
145:             pnoivo$domingos lopes/id=c1722.5-per2
146:                ls$residencia/casa velha
147: 
148:             mnoivo$maria pereira/id=c1722.5-per3
149: 
150:          noiva$maria francisca alves/id=c1722.5-per4
151:             ls$residencia/casa velha
152: 
153:             pnoiva$joao alves/id=c1722.5-per5
154:                ls$residencia/casa velha
155: 
156:             mnoiva$isabel francisca/id=c1722.5-per6
157: 
158:          test$jose rodrigues martins/id=c1722.5-per7
159:             ls$residencia/casa velha
160: 
161:          test$joao henrique/id=c1722.5-per8
162:             ls$residencia/soure
163: 
164:          test$pedro de melo/id=c1722.5-per9
165:             ls$residencia/lisboa
166: 
167:          test$joao dos santos/id=c1722.5-per10
168:             ls$cargo/vigario
169:             ls$residencia/tapeus
170: 
171:       cas$c1722.6/9/2/1722/fol.304v-305/local__igreja de sao tiago/celebrante__manuel rodrigues
172: 
173: cas$c1722.6
173:          noivo$manuel simoes/id=c1722.6-per1
174:             ls$residencia/cavaleiros
175: 
176:             pnoivo$joao simoes/id=c1722.6-per2
177:                ls$residencia/cavaleiros
178: 
179:             mnoivo$isabel francisca/id=c1722.6-per3
180: 
181:          noiva$maria rodrigues/id=c1722.6-per4
182:             ls$residencia/oureca
183: 
184:             pnoiva$diogo rodrigues/id=c1722.6-per5
185:                ls$residencia/oureca
186: 
187:             mnoiva$maria rodrigues/id=c1722.6-per6
188: 
189:          test$jacinto da costa e vasconcelos/id=c1722.6-per7
190:             ls$titulo/doutor
191:             ls$residencia/soure
192: 
193:          test$francisco homem de quadros/id=c1722.6-per8
194:             ls$residencia/soure
195: 
196:          test$manuel rodrigues centeio/id=c1722.6-per9
197:             ls$residencia/oureca
198: 
199:          test$mateus domungues/id=c1722.6-per10
200:             ls$residencia/oureca
201: 
202:       cas$c1722.7/12/2/1722/fol.305/local__ermida de sao tiago/celebrante__manuel rodrigues
203: 
204: cas$c1722.7
204:          noivo$luis madeira/id=c1722.7-per1
205:             ls$residencia/alencarce de cima
206: 
207:             pnoivo$francisco madeira/id=c1722.7-per2
208:                ls$residencia/alencarce de cima
209: 
210:             mnoivo$isabel rodrigues/id=c1722.7-per3
211:                ls$residencia/alencarce de cima
212: 
213:          noiva$maria joao/id=c1722.7-per4
214:             ls$residencia/alencarce de baixo
215: 
216:             pnoiva$manuel duarte/id=c1722.7-per5
217:                ls$residencia/alencarce de baixo
218:                ls$morto/antes
219: 
220:             mnoiva$isabel jorge/id=c1722.7-per6
221:                ls$morta/antes
222: 
223:          test$domingos joao/id=c1722.7-per7
224:             ls$cargo/padre
225:             ls$residencia/alencarce de cima
226: 
227:          test$domingos%dos. rodrigues farropo/id=c1722.7-per8
228:             ls$residencia/alencarce de cima
229: 
230:          test$manuel madeira/id=c1722.7-per9
231:             ls$alcunha/o velho
232:             ls$residencia/alencarce de cima
233: 
234:          test$antonio rodrigues/id=c1722.7-per10
235:             ls$profissao/caldeireiro
236:             ls$residencia/alencarce de cima
237: 
238:       cas$c1722.8/15/2/1722/fol.305-305v/local__igreja de sao tiago/celebrante__manuel rodrigues
239: 
240: cas$c1722.8
240:          noivo$joao rodrigues bayo/id=c1722.8-per1
241:             ls$residencia/braga
242: 
243:             pnoivo$joao rodrigues bayo/id=c1722.8-per2
244:                ls$residencia/braga
245: 
246:             mnoivo$domingas rodrigues/id=c1722.8-per3
247:                ls$alcunha/gaga
248: 
249:          noiva$maria goncalves/id=c1722.8-per4
250:             ls$residencia/carvalheira
251: 
252:             pnoiva$antonio bras/id=c1722.8-per5
253:                ls$residencia/carvalheira
254: 
255:             mnoiva$antonia goncalves/id=c1722.8-per6
256: 
257:          test$bartolomeu antunes/id=c1722.8-per7
258:             ls$residencia/soure
259: 
260:          test$jose goncalves/id=c1722.8-per8
261:             ls$residencia/soure
262: 
263:          test$manuel goncalve/id=c1722.8-per9
264:             ls$residencia/soure
265: 
266:          test$mateus cardoso/id=c1722.8-per10
267:             ls$profissao/sacristao
268:             ls$residencia/soure
269: 
270:       cas$c1722.9/13/4/1722/fol.305v/local__igreja de sao tiago/celebrante__manuel rodrigues
271: 
272: cas$c1722.9
272:          noivo$antonio da silva/id=c1722.9-per1
273:             ls$residencia/vale de nabal
274: 
275:             pnoivo$manuel fernandes/id=c1722.9-per2
276:                ls$residencia/vale de nabal
277: 
278:             mnoivo$isabel da silva/id=c1722.9-per3
279: 
280:          noiva$domingas jorge/id=c1722.9-per4
281:             ls$residencia/corujeira
282: 
283:             pnoiva$jose luis/id=c1722.9-per5
284:                ls$residencia/corujeira
285:                ls$morto/antes
286: 
287:             mnoiva$domingas jorge/id=c1722.9-per6
288: 
289:          test$jose velho/id=c1722.9-per7
290:             ls$alcunha/barbeiro
291:             ls$residencia/soure
292: 
293:          test$antonio alves ribeiro/id=c1722.9-per8
294:             ls$residencia/soure
295: 
296:          test$manuel gomes/id=c1722.9-per9
297:             ls$residencia/portela
298: 
299:          test$antonio goncalves ventura/id=c1722.9-per10
300:             ls$residencia/corujeira
301: 
302:       cas$c1722.10/3/6/1722/fol.305v-306/local__igreja de sao tiago/celebrante__manuel rodrigues
303: 
304: cas$c1722.10
304:          noivo$manuel rodrigues/id=c1722.10-per1
305:             ls$residencia/moinhos do marco
306: 
307:             pnoivo$simao domingues/id=c1722.10-per2
308:                ls$residencia/moinhos do marco
309: 
310:             mnoivo$isabel lopes/id=c1722.10-per3
311: 
312:          noiva$antonia goncalves/id=c1722.10-per4
313:             ls$residencia/mogadouro
314: 
315:             pnoiva$manuel francisco/id=c1722.10-per5
316:                ls$residencia/mogadouro
317:                ls$morto/anres
318: 
319:             mnoiva$antonia goncalves/id=c1722.10-per6
320:                ls$morta/antes
321: 
322:          test$joao domingues/id=c1722.10-per7
323:             ls$residencia/casconho
324: 
325:          test$antonio domingues/id=c1722.10-per8
326:             ls$residencia/casconho
327: 
328:          test$francisco joao/id=c1722.10-per9
329:             ls$residencia/delgados
330: 
331:          test$jose francisco/id=c1722.10-per10
332:             ls$residencia/delgados
333: 
334:       cas$c1722.11/13/7/1727/fol.306/local__igreja de sao tiago/celebrante__manuel rodrigues
335: 
336: cas$c1722.11
336:          noivo$manuel rodrigues/id=c1722.11-per1
337:             ls$residencia/quinta da cruz
338: 
339:             pnoivo$joao rodrigues/id=c1722.11-per2
340:                ls$residencia/quinta da cruz
341: 
342:             mnoivo$luisa dos santos/id=c1722.11-per3
343: 
344:          noiva$maria antunes/id=c1722.11-per4
345:             ls$residencia/portela
346: 
347:             pnoiva$francisco antunes/id=c1722.11-per5
348:                ls$residencia/portela
349:                ls$morto/antes
350: 
351:             mnoiva$francisca madeira/id=c1722.11-per6
352: 
353:          test$francisco ferreira%fa./id=c1722.11-per7
354:             ls$residencia/portela
355: 
356:          test$manuel goncalves/id=c1722.11-per8
357:             ls$residencia/portela
358: 
359:          test$bartolomeu antunes/id=c1722.11-per9
360: 
361:          test$francisco dos reis/id=c1722.11-per10
362:             ls$residencia/soure
363: 
364:       cas$c1722.12/8/10/1722/fol.306-306v/local__ermida se sao francisco/celebrante__manuel rodrigues
365: 
366: cas$c1722.12
366:          noivo$diogo rodrigues de almeida/id=c1722.12-per1
367:             ls$residencia/casal das brancas
368: 
369:             pnoivo$francisco rodrigues/id=c1722.12-per2
370:                ls$residencia/casal das brancas
371: 
372:             mnoivo$domingas rodrigues/id=c1722.12-per3
373: 
374:          noiva$francisca rodrigues/id=c1722.12-per4
375:             ls$residencia/soure
376: 
377:             pnoiva$jose dias/id=c1722.12-per5
378:                ls$residencia/soure
379: 
380:             mnoiva$isabel francisca/id=c1722.12-per6
381: 
382:          test$manuel dias/id=1722-c12-manuel
383:             ls$cargo/padre
384: 
385:          test$francisco da trindade/id=c1722.12-per7
386:             ls$residencia/soure
387: 
388:          test$josefa jorge/id=c1722.12-per8
389:             ls$residencia/soure
390:             rel$parentesco/mulher/manuel dias/1722-c12-manuel
391: 
392:       cas$c1722.13/19/10/1722/fol.306v/local__igreja de sao tiago/celebrante__manuel rodrigues
393: 
394: cas$c1722.13
394:          noivo$domingos goncalves/id=c1722.13-per1
395:             ls$residencia/lousoes
396: 
397:             pnoivo$manuel goncalves perdigao/id=c1722.13-per2
398:                ls$residencia/lousoes
399: 
400:             mnoivo$maria simoes/id=c1722.13-per3
401: 
402:          noiva$maria jorge/id=c1722.13-per4
403:             ls$residencia/casal novo
404: 
405:             pnoiva$manuel de gouveia/id=c1722.13-per5
406:                ls$residencia/casal novo
407: 
408:             mnoiva$sebastiana da graca/id=c1722.13-per6
409: 
410:          test$domingos goncalves galhardo costa/id=c1722.13-per7
411:             ls$titulo/doutor
412:             ls$residencia/soure
413: 
414:          test$luis de seabra jaques/id=c1722.13-per8
415:             ls$residencia/soure
416: 
417:          test$luis barbosa casais/id=c1722.13-per9
418:             ls$residencia/soure
419: 
420:          test$manuel pinto de miranda/id=c1722.13-per10
421:             ls$residencia/soure
422: 
423:       cas$c1722.14/1/11/1722/fol.306v/local__igreja de sao tiago/celebrante__manuel rodrigues
424: 
425: cas$c1722.14
425:          noivo$luis cardoso/id=c1722.14-per1
426:             ls$residencia/casal novo
427: 
428:             pnoivo$simao cardoso/id=c1722.14-per2
429:                ls$residencia/casal novo
430:                ls$morto/antes
431: 
432:             mnoivo$antonia manuel/id=c1722.14-per3
433: 
434:          noiva$josefa duarte/id=c1722.14-per4
435:             ls$residencia/migalho
436: 
437:             pnoiva$manuel duarte/id=c1722.14-per5
438:                ls$residencia/migalho
439:                ls$morto/antes
440: 
441:             mnoiva$catarina cardoso/id=c1722.14-per6
442: 
443:          test$manuel pedroso/id=c1722.14-per7
444:             ls$residencia/lousoes
445: 
446:          test$domingos cardoso/id=c1722.14-per8
447:             ls$residencia/migalho
448: 
449:          test$joao simoes/id=c1722.14-per9
450:             ls$residencia/casal novo
451: 
452:          test$joao goncalves/id=c1722.14-per10
453:             ls$residencia/casal novo
454: 
455:       cas$c1722.15/9/11/1722/fol.307/local__igreja de sao tiago/celebrante__manuel rodrigues
456: 
457: cas$c1722.15
457:          noivo$joao simoes/id=c1722.15-per1
458:             ls$residencia/tapeus
459: 
460:             pnoivo$joao simoes/id=c1722.15-per2
461:                ls$residencia/tapeus
462:                ls$morto/antes
463: 
464:             mnoivo$maria joao/id=c1722.15-per3
465:                ls$morta/antes
466: 
467:          noiva$maria simoes/id=c1722.15-per4
468:             ls$residencia/presa
469: 
470:             pnoiva$antonio simoes/id=c1722.15-per5
471:                ls$residencia/presa
472:                ls$morto/antes
473: 
474:             mnoiva$maria domingues/id=c1722.15-per6
475: 
476:          test$manuel mendes/id=c1722.15-per7
477:             ls$residencia/carvalhal
478: 
479:          test$jose simoes/id=c1722.15-per8
480:             ls$residencia/tapeus
481: 
482:          test$antonio goncalves/id=c1722.15-per9
483:             ls$residencia/presa
484: 
485:          test$manuel antonio/id=c1722.15-per10
486:             ls$alcunha/o moco
487:             ls$residencia/presa
488: 
489:       cas$c1722.16/9/11/1722/fol.307v/local__igreja de sao tiago/celebrante__manuel rodrigues
490: 
491: cas$c1722.16
491:          noivo$antonio francisco/id=c1722.16-per1
492:             ls$residencia/brunhos
493: 
494:             pnoivo$manuel tome/id=c1722.16-per2
495:                ls$residencia/brunhos
496:                ls$morto/antes
497: 
498:             mnoivo$maria francisca/id=c1722.16-per3
499:                ls$morta/antes
500: 
501:          noiva$maria francisca/id=c1722.16-per4
502:             ls$residencia/casal novo
503: 
504:             pnoiva$jorge martins/id=c1722.16-per5
505:                ls$residencia/casal novo
506: 
507:             mnoiva$maria rodrigues/id=c1722.16-per6
508: 
509:          test$antonio lopes/id=c1722.16-per7
510:             ls$residencia/soure
511: 
512:          test$jose rodrigues tome/id=c1722.16-per8
513:             ls$residencia/casa velha
514: 
515:          test$manuel de gouveia/id=c1722.16-per9
516:             ls$residencia/casal novo
517: 
518:          test$joao simoes/id=c1722.16-per10
519:             ls$residencia/casal novo
520: 
521:       cas$c1722.17/23/11/1722/fol.307v/local__igreja de sao tiago/celebrante__manuel rodrigues
522: 
523: cas$c1722.17
523:          noivo$francisco da costa/id=c1722.17-per1
524:             ls$residencia/casa velha
525: 
526:             pnoivo$manuel francisco/id=c1722.17-per2
527:                ls$residencia/casa velha
528: 
529:             mnoivo$joana da costa/id=c1722.17-per3
530:                ls$morta/antes
531: 
532:          noiva$mariana rodrigues/id=c1722.17-per4
533:             ls$residencia/sobral
534: 
535:             pnoiva$manuel rodrigues/id=c1722.17-per5
536:                ls$residencia/sobral
537:                ls$profissao/barbeiro
538:                ls$morto/antes
539: 
540:             mnoiva$maria simoes/id=c1722.17-per6
541:                ls$morta/antes
542: 
543:          test$joao de sequeira coelho/id=c1722.17-per7
544:             ls$residencia/soure
545: 
546:          test$antonio de abreu/id=c1722.17-per8
547:             ls$titulo/doutor
548:             ls$residencia/castelo branco
549: 
550:          test$jose da costa/id=c1722.17-per9
551:             ls$profissao/carpinteiro
552:             ls$residencia/soure
553: 
554:          test$francisco de azevedo pinto/id=c1722.17-per10
555:             ls$titulo/frei
556:             ls$residencia/soure
557: 
558:       cas$c1722.18/23/11/1722/fol.308/local__igreja de sao tiago/celebrante__manuel rodrigues
559: 
560: cas$c1722.18
560:          noivo$antonio jorge/id=c1722.18-per1
561:             ls$residencia/abrunheira
562: 
563:             pnoivo$sebastiao jorge/id=c1722.18-per2
564:                ls$residencia/abrunheira
565: 
566:             mnoivo$madalena maria/id=c1722.18-per3
567: 
568:          noiva$maria do espirito santo/id=c1722.18-per4
569:             ls$naturalidade/casa velha
570: 
571:             pnoiva$manuel bras/id=c1722.18-per5
572:                ls$residencia/casa velha
573: 
574:             mnoiva$domingas rodrigues/id=c1722.18-per6
575: 
576:          test$joao de sequeira coelho/id=c1722.18-per7
577:             ls$residencia/soure
578: 
579:          test$antonio de abreu/id=c1722.18-per8
580:             ls$titulo/doutor
581:             ls$residencia/soure
582: 
583:          test$francisco de azevedo pinto/id=c1722.18-per9
584:             ls$titulo/frei
585:             ls$residencia/soure
586: 
587:       cas$c1722.19/23/11/1722/fol.308/local__igrja de sao tiago/celebrante__manuel rodrigues
588: 
589: cas$c1722.19
589:          noivo$joao ramos/id=c1722.19-per1
590:             ls$residencia/ega
591: 
592:             pnoivo$joao ramos/id=c1722.19-per2
593:                ls$residencia/ega
594: 
595:             mnoivo$maria francisco/id=c1722.19-per3
596: 
597:          noiva$maria rodrigues/id=c1722.19-per4
598:             ls$residencia/alencarce de cima
599: 
600:             pnoiva$manuel rodrigues inchado/id=c1722.19-per5
601:                ls$residencia/alencarce de cina
602: 
603:             mnoiva$isabel rodrigues/id=c1722.19-per6
604:                ls$morta/antes
605: 
606:          test$manuel gaspar/id=c1722.19-per7
607:             ls$residencia/alencarce de cima
608: 
609:          test$domingos antunes/id=c1722.19-per8
610:             ls$residencia/alencarce de cima
611: 
612:          test$francisco antunes/id=c1722.19-per9
613:             ls$residencia/alencarce de cima
614: 
615:          test$joao rodrigues inchado/id=c1722.19-per10
616:             ls$residencia/alencarce de cima
617: 
618:       cas$c1722.20/23/11/1722/fol.308v/local__igreja de sao tiago/celebrante__manuel rodrigues
619: 
620: cas$c1722.20
620:          noivo$francisco martins/id=c1722.20-per1
621:             ls$residencia/cadaval
622: 
623:             pnoivo$antonio martins/id=c1722.20-per2
624:                ls$residencia/cadaval
625: 
626:             mnoivo$maria joao/id=c1722.20-per3
627: 
628:          noiva$isabel antunes/id=c1722.20-per4
629:             ls$residencia/presa
630: 
631:             pnoiva$manuel antunes/id=c1722.20-per5
632:                ls$residencia/presa
633: 
634:             mnoiva$isabel rodrigues/id=c1722.20-per6
635: 
636:          test$tome simoes/id=c1722.20-per7
637:             ls$residencia/cadaval
638: 
639:          test$francisco joao/id=c1722.20-per8
640:             ls$residencia/presa
641: 
642:          test$jose simoes/id=c1722.20-per9
643:             ls$residencia/presa
644: 
645:          test$antonio goncalves/id=c1722.20-per10
646:             ls$residencia/presa
647: 
648:       cas$c1722.21/25/11/1722/fol.308v/local__igreja de sao tiago/celebrante__manuel rodrigues
649: 
650: cas$c1722.21
650:          noivo$manuel antunes/id=c1722.21-per1
651:             ls$residencia/alencarce de cima
652: 
653:             pnoivo$francisco antunes/id=c1722.21-per2
654:                ls$residencia/alencarce de cima
655: 
656:             mnoivo$isabel madeira/id=c1722.21-per3
657: 
658:          noiva$maria cardosa/id=c1722.21-per4
659:             ls$residencia/alencarce de baixo
660: 
661:             pnoiva$joao rodrigues/id=c1722.21-per5
662:                ls$residencia/alencarce de baixo
663:                ls$morto/antes
664: 
665:             mnoiva$isabel cardosa/id=c1722.21-per6
666: 
667:          test$domingos joao/id=c1722.21-per7
668:             ls$cargo/padre
669:             ls$residencia/alencarce de cima
670: 
671:          test$francisco ferreira%fa./id=c1722.21-per8
672:             ls$residencia/alencarce de cima
673: 
674:          test$martinho goncalves/id=c1722.21-per9
675:             ls$residencia/alencarce de baixo
676: 
677:          test$domingos goncalves/id=c1722.21-per10
678:             ls$residencia/alencarce de baixo
679: 
680:       cas$c1722.22/28/11/1722/fol.308v-309/local__igreja de sao tiago/celebrante__manuel rodrigues
681: 
682: cas$c1722.22
682:          noivo$jose mateus/id=c1722.22-per1
683:             ls$residencia/paleao
684:             ls$ec/viuvo
685: 
686:             pnoivo$manuel mateus/id=c1722.22-per2
687:                ls$residencia/paleao
688:                ls$morto/antes
689: 
690:             mnoivo$ana esteves/id=c1722.22-per3
691:                ls$morta/antes
692: 
693:             mulher1$antonia joao/id=c1722.22-per4
694:                ls$residencia/paleao
695: 
696:                pmulher1$manuel simoes/id=c1722.22-per5
697:                   ls$residencia/paleao
698: 
699:                mmulher1$maria joao/id=c1722.22-per6
700: 
701:          noiva$madalena duarte/id=c1722.22-per7
702:             ls$residencia/migalho
703: 
704:             pnoiva$manuel duarte/id=c1722.22-per8
705:                ls$residencia/migalho
706:                ls$morto/antes
707: 
708:             mnoiva$catarina cardosa/id=c1722.22-per9
709: 
710:          test$jose rodrigues gante/id=c1722.22-per10
711:             ls$residencia/paleao
712: 
713:          test$francisco rodrigues gante/id=c1722.22-per11
714:             ls$residencia/paleao
715: 
716:          test$joao gomes/id=c1722.22-per12
717:             ls$cargo/padre
718:             ls$residencia/paleao
719: 
720:          test$manuel goncalves perdigao/id=c1722.22-per13
721:             ls$residencia/lousoes
722: 
723:       cas$c1722.23/1/12/1722/fol.309-309v/local__igreja de sao tiago/celebrante__manuel rodrigues
724: 
725: cas$c1722.23
725:          noivo$jose rodrigues/id=c1722.23-per1
726:             ls$residencia/sobral
727: 
728:             pnoivo$manuel jorge/id=c1722.23-per2
729:                ls$residencia/sobral
730: 
731:             mnoivo$antonia rodrigues/id=c1722.23-per3
732: 
733:          noiva$feliciana rodrigues/id=c1722.23-per4
734:             ls$residencia/casal da venda
735: 
736:             pnoiva$manuel rodrigues/id=c1722.23-per5
737:                ls$residencia/casal da venda
738: 
739:             mnoiva$maria goncalves/id=c1722.23-per6
740:                ls$morta/antes
741: 
742:          test$manuel simoes galhardo/id=c1722.23-per7
743:             ls$residencia/sobral
744: 
745:          test$miguel rodrigues/id=c1722.23-per8
746:             ls$residencia/sobral
747: 
748:          test$manuel rodrigues serrao/id=c1722.23-per9
749:             ls$residencia/soure
750: 
751:          test$manuel rodrigues alvaro/id=c1722.23-per10
752:             ls$cargo/padre
753:             ls$residencia/soure
754: 
755:       cas$c1722.24/30/11/1722/fol.309v/local__igreja do espirito santo de tapeus/celebrante__frei joao dos santos/obs=vigario da mesma igreja
756: 
757: cas$c1722.24
757:          noivo$simao rodrigues/id=c1722.24-per1
758:             ls$residencia/tapeus
759: 
760:             pnoivo$manuel rodrigues/id=c1722.24-per2
761:                ls$residencia/tapeus
762:                ls$morto/antes
763: 
764:             mnoivo$maria martins/id=c1722.24-per3
765:                ls$morta/antes
766: 
767:          noiva$isabel rodrigues/id=c1722.24-per4
768:             ls$residencia/porto coelheiro
769: 
770:             pnoiva$manuel rodrigues falcao/id=c1722.24-per5
771:                ls$residencia/porto coelheiro
772: 
773:             mnoiva$maria joao/id=c1722.24-per6
774: 
775:          test$manuel rodrigues/id=c1722.24-per7
776:             ls$residencia/baixos
777: 
778:          test$jose duarte/id=c1722.24-per8
779:             ls$alcunha/o novo
780:             ls$residencia/tapeus
781: 
782:          test$manuel rodrigues calhau/id=c1722.24-per9
783:             ls$residencia/porto coelheiro
784: 
785:          test$simao duarte/id=c1722.24-per10
786:             ls$residencia/porto coelheiro
787: 
788:       cas$c1722.25/9/12/1722/fol.1722/local__ermida da quinta de sao tome/celebrante__manuel rodrigues
789: 
790: cas$c1722.25
790:          noivo$jacinto da costa e vasconcelos/id=c1722.25-per1
791:             ls$residencia/soure
792: 
793:             pnoivo$joao da costa e vasconcelos/id=c1722.25-per2
794:                ls$residencia/soure
795: 
796:             mnoivo$felipa coutinho%coutto./id=c1722.25-per3
797:                ls$titulo/dona
798:                ls$morta/antes
799: 
800:          noiva$alexandra antonia de almeida do amaral/id=c1722.25-per4
801:             ls$residencia/soure
802:             ls$titulo/dona
803: 
804:             pnoiva$paulo ribeiro cabral/id=c1722.25-per5
805:                ls$residencia/soure
806:                ls$morto/antes
807: 
808:             mnoiva$isabel lourenco de almeida do amaral/id=c1722.25-per6
809:                ls$titulo/dona
810:                ls$morta/antes
811: 
812:          test$luis ribeiro cabral/id=c1722.25-per7
813:             ls$cargo/padre
814:             ls$residencia/soure
815: 
816:          test$joao pinheiro/id=c1722.25-per8
817:             ls$residencia/soure
818: 
819:          test$jose velho/id=c1722.25-per9
820:             ls$profissao/barbeiro
821:             ls$residencia/soure
822: 
823:          test$inacio de almeida/id=c1722.25-per10
824:             ls$residencia/lisboa
825: 
826:       cas$c1722.26/17/12/1722/fol.310/local__capela da santa casa da misericordia/celebrante__capelao luis ribeiro cabral
827: 
828: cas$c1722.26
828:          noivo$joao ferreira%fra./id=c1722.26-per1
829:             ls$residencia/casal do marco
830: 
831:             pnoivo$manuel ferreira/id=c1722.26-per2
832:                ls$residencia/casal do marco
833: 
834:             mnoivo$maria rodrigues/id=c1722.26-per3
835: 
836:          noiva$maria ferreira%fa./id=c1722.26-per4
837:             ls$residencia/leonel
838:             ls$ilegitima/sim
839: 
840:             pnoiva$antonio ferreira/id=c1722.26-per5
841:                ls$residencia/bechos
842: 
843:             mnoiva$maria bras/id=c1722.26-per6
844:                ls$ec/solteira
845:                ls$residencia/leonel
846: 
847:          test$francisco simoes/id=c1722.26-per7
848:             ls$residencia/cavaleiros
849: 
850:          test$jose goncalves/id=c1722.26-per8
851:             ls$residencia/portela
852: 
853:          test$mateus domingues/id=c1722.26-per9
854:             ls$residencia/oureca
855: 
856:          test$gregorio ferreira/id=c1722.26-per10
857:             ls$residencia/charneca
858: 
859:       cas$c1722.27/21/12/1722/fol.310v/local__igreja de sao tiago/celebrante__manuel rodrigues
860: 
861: cas$c1722.27
861:          noivo$manuel gomes/id=c1722.27-per1
862:             ls$residencia/casa velha
863: 
864:             pnoivo$manuel gomes/id=c1722.27-per2
865:                ls$residencia/casa velha
866:                ls$alcunha/o perseguido
867: 
868:             mnoivo$maria soares/id=c1722.27-per3
869:                ls$morta/antes
870: 
871:             mulher1$josefa luis/id=c1722.27-per4
872:                ls$residencia/casal do rei
873: 
874:                pmulher1$antonio luis/id=c1722.27-per5
875:                   ls$residencia/casal do rei
876: 
877:                mmulher1$maria luis/id=c1722.27-per6
878: 
879:          noiva$mariana da conceicao/id=c1722.27-per7
880:             ls$residencia/lousoes
881: 
882:             pnoiva$manuel martins de oliveira/id=c1722.27-per8
883:                ls$residencia/lousoes
884: 
885:             mnoiva$diana rodrigues/id=c1722.27-per9
886:                ls$residencia/lousoes
887: 
888:          test$manuel cardoso/id=c1722.27-per10
889:             ls$residencia/casa velha
890: 
891:          test$joao mateus/id=c1722.27-per11
892:             ls$residencia/casa velha
893: 
894:          test$antonio mateus ferreira/id=c1722.27-per12
895:             ls$residencia/soure
896: 
897:          test$manuel rodrigues alvaro/id=c1722.27-per13
898:             ls$cargo/padre
899: *** End of File
** Processed file- /Users/jrc/mhk-home/sources/soure/soure-sources/sources/soure_fase2/cas1722.cli
** Original file- /Users/jrc/mhk-home/sources/soure/soure-sources/sources/soure_fase2/cas1722.org
** Previous version- /Users/jrc/mhk-home/sources/soure/soure-sources/sources/soure_fase2/cas1722.old
** Temp file with ids- /Users/jrc/mhk-home/sources/soure/soure-sources/sources/soure_fase2/cas1722.ids
0  errors. 
0  warnings.
Translation finished.
