ClioInput - version @@VERSION@@ - build @@BUILD@@ @@DATE@@
10-8-2018 15-27

Processing data file /Users/jrc/mhk-home/sources/soure/documents/soure2/cas1733.cli
-------------------------------------------
Generic Act translation module with geoentities (XML).
     Joaquim Ramos de Carvalho (joaquim@uc.pt) 
** New document: kleio
=========================
kleio translation started
=========================
Structure: gacto2.str
Prefix: 
Autorel: 
Translation count: 
Obs: 
Translation count not set or invalid, counting as zero: 
** Processing source fonte$casamentos 1733
6: cas$c1733.01
41: cas$c1733.2
75: cas$c1733.3
105: cas$c1733.4
152: cas$c1733.5
185: cas$c1733.6
218: cas$c1733.7
265: cas$c1733.8
301: cas$c1733.9
342: cas$c1733.10
378: cas$c1733.11
410: cas$c1733.12

/Users/jrc/mhk-home/sources/soure/documents/soure2/cas1733.cli:430:** Error: missing element(s) in ls(att-146) must have: valor


ERROR: cas1733.cli line 429 ** Error: missing element(s) in ls(att-146) must have: valor
Near line: 429 Near line: 430          test$tomas francisco de carvalho/id=c1733.12-per8

/Users/jrc/mhk-home/sources/soure/documents/soure2/cas1733.cli:435:** Error: missing element(s) in ls(att-149) must have: valor


ERROR: cas1733.cli line 434 ** Error: missing element(s) in ls(att-149) must have: valor
Near line: 434 Near line: 435          test$manuel rodrigues alvaro/id=c1733.12-per9
446: cas$c1733.13
480: cas$c1733.14
514: cas$c1733.15
547: cas$c1733.16
*** End of File
2  errors. 
0  warnings.
Translation finished.
