ClioInput - version 2019.A1 - build 507 15/07/2019 21:58 
8-4-2020 8-24

Processing data file cas1727.cli
-------------------------------------------
Generic Act translation module with geoentities (XML).
     Joaquim Ramos de Carvalho (joaquim@uc.pt) 
** New document: kleio
=========================
kleio translation started
=========================
Structure: gacto2.str
Prefix: 
Autorel: 
Translation count: 3
Obs: 
** Processing source fonte$casamentos 1727
6: cas$c1727.01
38: cas$c1727.2
73: cas$c1727.3
104: cas$c1727.4
135: cas$c1727.5
168: cas$c1727.6
198: cas$c1727.7
231: cas$c1727.8
261: cas$c1727.9
292: cas$c1727.10
326: cas$c1727.11
357: cas$c1727.12
387: cas$c1727.13
421: cas$c1727.14
459: cas$c1727.15
497: cas$c1727.16
534: cas$c1727.17
587: cas$c1727.18
622: cas$c1727.19
652: cas$c1727.20
683: cas$c1727.21
719: cas$c1727.22
752: cas$c1727.23
782: cas$c1727.24
818: cas$c1727.25
847: cas$c1727.26
881: cas$c1727.27
*** End of File
** Processed file- /kleio-home/sources/soure-fontes/sources/soure_fase2/cas1727.cli
** Original file- /kleio-home/sources/soure-fontes/sources/soure_fase2/cas1727.org
** Previous version- /kleio-home/sources/soure-fontes/sources/soure_fase2/cas1727.old
** Temp file with ids- /kleio-home/sources/soure-fontes/sources/soure_fase2/cas1727.ids
0  errors. 
0  warnings.
Translation finished.
