ClioInput - version @@VERSION@@ - build @@BUILD@@ @@DATE@@
13-6-2019 16-41

Processing data file obi1724.cli
-------------------------------------------
Generic Act translation module with geoentities (XML).
     Joaquim Ramos de Carvalho (joaquim@uc.pt) 
** New document: kleio
1: kleio$gacto2.str/translations=1
=========================
kleio translation started
=========================
Structure: gacto2.str
Prefix: 
Autorel: 
Translation count: 1
Obs: 
2:    fonte$obitos 1724/1724/paroquiais/auc/obs=em mau estado
3: 
** Processing source fonte$obitos 1724
4:       obito$o1724.01/7/1/1724/fl.103v-104/celebrante__ vigario manuel rodrigues
5: 
6: obito$o1724.01
6:          n$jeronimo/m/id=o1724.01-per1
7:             ls$idade_aprox/12 anos
8:             ls$residencia/soure
9: 
10:             pai$domingos dias/id=o1724.01-per1-per2
11:                ls$profissao/hospitaleiro
12:                ls$residencia/soure
13: 
14:          locs$ermida de nossa senhora dos anjos
15: 
16:          sacr$sim
17: 
18:          oficios$1
19: 
20:       obito$o1724.2/9/2/1724/fl.104/celebrante__ vigario manuel rodrigues
21: 
22: obito$o1724.2
22:          n$antonia/f/id=o1724.2-per1
23:             ls$idade_aprox/mais de 20 anos
24:             ls$ec/solteira
25:             ls$residencia/sobral
26: 
27:             pai$antonio simoes/id=o1724.2-per1-per2
28:                ls$residencia/sobral
29:                ls$morto/antes
30: 
31:             mae$isabel francisca/id=o1724.2-per1-per3
32:                ls$residencia/sobral
33:                ls$morta/antes
34: 
35:          locs$igreja de sao tiago
36: 
37:          sacr$sim
38: 
39:          oficios$3
40: 
41:          testamento$n
42: 
43:       obito$o1724.3/9/1/1724/fl.104/celebrante__ vigario manuel rodrigues
44: 
45: obito$o1724.3
45:          n$catarina simoes/id=o1724.3-per1
46:             ls$residencia/bonitos
47: 
48:             marido$manuel joao/id=o1724.3-per1-per2
49:                ls$profissao/caldeireiro
50:                ls$residencia/bonitos
51: 
52:          locs$adro
53: 
54:          sacr$sim
55: 
56:          oficios$3
57: 
58:          testamento$n
59: 
60:       obito$o1724.4/10/1/1724/fl.104/celebrante__ vigario manuel rodrigues
61: 
62: obito$o1724.4
62:          n$maria/f/id=o1724.4-per1
63:             ls$idade_aprox/18 anos
64:             ls$ec/solteira/obs=herdada de mae
65:             ls$residencia/paleao
66: 
67:             pai$simao domingues/id=o1724.4-per1-per2
68:                ls$residencia/paleao
69: 
70:          locs$ermida de sao joao
71: 
72:          sacr$sim/obs=excepto extrema uncao porque o nao procurou
73: 
74:          oficios$3
75: 
76:          testamento$n
77: 
78:       obito$o1724.5/12/1/1724/fl.104v/celebrante__ vigario manuel rodrigues
79: 
80: obito$o1724.5
80:          n$jose cardoso/m/id=o1724.5-per1
81:             ls$ec/viuvo
82:             ls$residencia/paleao
83: 
84:          locs$ermida de sao joao baptista
85: 
86:          sacr$sim
87: 
88:          oficios$3
89: 
90:          testamento$n
91: 
92:       obito$o1724.6/12/1/1724/fl.104v/celebrante__ vigario manuel rodrigues
93: 
94: obito$o1724.6
94:          n$maria da assuncao/f/id=1724-o6-maria
95:             ls$residencia/soure
96: 
97:             referido$manuel simoes cabeca/id=1724-o6-maria-per1
98:                ls$residencia/soure
99:                rel$parentesco/filho/maria da assuncao/1724-o6-maria
100: 
101:          locs$ermida de nossa senhora dos anjos
102: 
103:          causa$doenca prolongada
104: 
105:          sacr$sim
106: 
107:          oficios$1
108: 
109:          testamento$n
110: 
111:       obito$o1724.7/17/1/1724/fl.104v/celebrante__ vigario manuel rodrigues
112: 
113: obito$o1724.7
113:          n$joao/m/id=o1724.7-per1
114:             ls$idade_aprox/5 para 6 anos
115:             ls$residencia/alencarce
116: 
117:             pai$manuel rodrigues/id=o1724.7-per1-per2
118:                ls$profissao/marmeleiro
119:                ls$residencia/alencarce
120: 
121:          locs$ermida de santo tirso
122: 
123:       obito$o1724.8/17/1/1724/fl.104v/celebrante__ vigario manuel rodrigues
124: 
125: obito$o1724.8
125:          n$josefa/f/id=o1724.8-per1
126:             ls$idade_aprox/1 para 2 anos
127:             ls$residencia/sao mateus
128: 
129:             pai$jose rodrigues formigo/id=o1724.8-per1-per2
130:                ls$residencia/sao mateus
131: 
132:          locs$ermida de sao mateus
133: 
134:       obito$o1724.9/17/1/1724/fl.105/celebrante__ vigario manuel rodrigues
135: 
136: obito$o1724.9
136:          n$antonio rodrigues feijao/m/id=o1724.9-per1
137:             ls$residencia/paleao
138: 
139:          locs$adro
140: 
141:          sacr$sim
142: 
143:          oficios$3
144: 
145:          testamento$n
146: 
147:       obito$o1724.10/28/1/1724/fl.105/celebrante__ vigario manuel rodrigues
148: 
149: obito$o1724.10
149:          n$maria dias/f/id=o1724.10-per1
150:             ls$residencia/fatacos
151: 
152:             marido$manuel goncalves/id=o1724.10-per1-per2
153:                ls$alcunha/o velho
154:                ls$residencia/fatacos
155: 
156:          locs$igreja de sao tiago/obs=em cova da fabrica
157: 
158:          sacr$sim
159: 
160:          oficios$3 de 9 licoes
161: 
162:          testamento$n
163: 
164:       obito$o1724.11/28/1/1724/fl.105/celebrante__ vigario manuel rodrigues
165: 
166: obito$o1724.11
166:          n$maria domingues/f/id=o1724.11-per1
167:             ls$ec/viuva
168:             ls$residencia/sobral
169: 
170:          locs$adro
171: 
172:          sacr$sim
173: 
174:          oficios$2
175: 
176:          testamento$n
177: 
178:       obito$o1724.12/28/1/1724/fl.105/celebrante__ vigario manuel rodrigues
179: 
180: obito$o1724.12
180:          n$isabel rodrigues serrana/f/id=o1724.12-per1
181:             ls$ec/solteira/obs=criada de sebastiao machado costa
182:             ls$residencia/soure
183: 
184:          locs$ermida de sao francisco
185: 
186:          sacr$sim
187: 
188:          oficios$2
189: 
190:          testamento$s
191: 
192:          referido$sebastiao machado costa/id=o1724.12-per2
193:             ls$residencia/soure
194: 
195:       obito$o1724.13/31/1/1724/fl.105v/celebrante__ vigario manuel rodrigues
196: 
197: obito$o1724.13
197:          n$manuel/m/id=o1724.13-per1
198:             ls$idade_aprox/9 para 10 anos
199:             ls$residencia/paleao
200: 
201:             pai$antonio mendes/id=o1724.13-per1-per2
202:                ls$residencia/paleao
203: 
204:          locs$ermida de sao joao baptista
205: 
206:          sacr$sim
207: 
208:          oficios$1
209: 
210:       obito$o1724.14/4/2/1724/fl.105v/celebrante__ vigario manuel rodrigues
211: 
212: obito$o1724.14
212:          n$antonio/m/id=o1724.14-per1
213:             ls$idade_aprox/12 anos
214:             ls$residencia/paleao
215: 
216:             pai$antonio mendes/id=o1724.14-per1-per2
217:                ls$residencia/paleao
218: 
219:          locs$ermida de sao joao baptista
220: 
221:          sacr$sim
222: 
223:          oficios$1
224: 
225:       obito$o1724.15/5/2/1724/fl.105v/celebrante__ vigario manuel rodrigues
226: 
227: obito$o1724.15
227:          n$manuel/m/id=o1724.15-per1
228:             ls$idade_aprox/3 para 4 anos
229:             ls$residencia/casa velha
230: 
231:             pai$manuel da costa/id=o1724.15-per1-per2
232:                ls$residencia/casa velha
233: 
234:          locs$adro
235: 
236:       obito$o1724.16/8/2/1724/fl.105v-106/celebrante__ vigario manuel rodrigues
237: 
238: obito$o1724.16
238:          n$maria simoes/f/id=o1724.16-per1
239:             ls$ec/viuva
240:             ls$residencia/simoes
241: 
242:          locs$galiana/obs=freguesia da redinha
243: 
244:          locf$galiana/obs=freguesia da redinha
245: 
246:          oficios$meio de nove licoes
247: 
248:       obito$o1724.17/10/2/1724/fl.106/celebrante__ vigario manuel rodrigues
249: 
250: obito$o1724.17
250:          n$francisca rodrigues/f/id=o1724.17-per1
251:             ls$residencia/casa velha
252: 
253:             marido$manuel cardoso/id=o1724.17-per1-per2
254:                ls$residencia/casa velha
255: 
256:          locs$ermida de nossa senhora das neves
257: 
258:          sacr$sim
259: 
260:          oficios$3 de 9 licoes
261: 
262:          testamento$n
263: 
264:       obito$o1724.18/15/2/1724/fl.106/celebrante__ vigario manuel rodrigues
265: 
266: obito$o1724.18
266:          n$isabel francisca/f/id=o1724.18-per1
267:             ls$ec/viuva
268:             ls$residencia/casa velha
269: 
270:          locs$ermida de nossa senhora das neves
271: 
272:          sacr$sim
273: 
274:          oficios$3 de 9 licoes
275: 
276:          testamento$s
277: 
278:       obito$o1724.19/16/2/1724/fl.106/celebrante__ vigario manuel rodrigues
279: 
280: obito$o1724.19
280:          n$maria/f/id=o1724.19-per1
281:             ls$idade_aprox/8 para 9 anos
282:             ls$residencia/soure
283: 
284:             pai$manuel mendes/id=o1724.19-per1-per2
285:                ls$residencia/soure/obs=junto as pedreiras
286: 
287:          locs$ermida de sao francisca
288: 
289:          sacr$sim/obs=so penitencia e extrema uncao porque ja se encontrava destituida de sentidos
290: 
291:          oficios$1
292: 
293:       obito$o1724.20/19/2/1724/fl.106v/celebrante__ vigario manuel rodrigues
294: 
295: obito$o1724.20
295:          n$ines da costa/f/id=o1724.20-per1
296:             ls$residencia/casa velha
297: 
298:             pmarido$antonio simoes/id=o1724.20-per1-per2
299:                ls$residencia/casa velha
300: 
301:          locs$ermida de nossa senhora das neves
302: 
303:          sacr$sim
304: 
305:          oficios$1 de 9 licoes
306: 
307:          testamento$s
308: 
309:       obito$o1724.21/21/2/1724/fl.106v/celebrante__ vigario manuel rodrigues
310: 
311: obito$o1724.21
311:          n$jeronimo goncalves/m/id=o1724.21-per1
312:             ls$ec/viuvo
313:             ls$residencia/casa velha
314: 
315:          locs$ermida de nossa senhora das neves
316: 
317:          sacr$sim
318: 
319:          oficios$3
320: 
321:          testamento$n
322: 
323:       obito$o1724.22/22/2/1724/fl.106v/celebrante__ vigario manuel rodrigues
324: 
325: obito$o1724.22
325:          n$maria joao/f/id=o1724.22-per1
326:             ls$ec/viuva
327:             ls$residencia/sobral
328: 
329:             marido$manuel carvalho/id=o1724.22-per1-per2
330:                ls$residencia/sobral
331:                ls$morto/antes
332: 
333:          locs$adro
334: 
335:          sacr$sim
336: 
337:          oficios$3
338: 
339:          testamento$n
340: 
341:       obito$o1724.23/23/2/1724/fl.106v-107/celebrante__ vigario manuel rodrigues
342: 
343: obito$o1724.23
343:          n$maria/f/id=o1724.23-per1
344:             ls$idade_aprox/2 para 3 anos
345:             ls$residencia/marzagao
346: 
347:             pai$manuel rodrigues/id=o1724.23-per1-per2
348:                ls$residencia/marzagao
349: 
350:          locs$adro
351: 
352:       obito$o1724.24/23/2/1724/fl.107/celebrante__ vigario manuel rodrigues
353: 
354: obito$o1724.24
354:          n$isabel/f/id=1724-o24-isabel
355:             ls$idade_aprox/recem nascida
356:             ls$naturalidade/alencarce de cima
357: 
358:             pai$joao goncalves galhim/id=1724-o24-isabel-per1
359:                ls$residencia/alencarce de cima
360: 
361:          locs$ermida de santo tirso
362: 
363:          referido$domingos joao/id=o1724.24-per2
364:             ls$profissao/padre
365:             ls$residencia/alencarce de cima
366:             rel$sociabilidade/baptizou em necessidade/isabel/1724-o24-isabel
367: 
368:       obito$o1724.25/27/2/1724/fl.107/celebrante__ vigario manuel rodrigues
369: 
370: obito$o1724.25
370:          n$antonio lopes/id=o1724.25-per1
371:             ls$profissao/perueiro
372:             ls$naturalidade/lisboa
373:             ls$residencia/casal dos guerras
374: 
375:          locs$ermida de sao sebastiao do mogadouro
376: 
377:          sacr$sim/obs=somente penitencia por nao pedir os mais a tempo
378: 
379:          oficios$meio de 9 licoes
380: 
381:          testamento$s
382: 
383:       obito$o1724.26/6/3/1724/fl.107-107a/celebrante__ vigario manuel rodrigues
384: 
385: obito$o1724.26
385:          n$antonio rodrigues galhufo/m/id=o1724.26-per1
386:             ls$residencia/casal do rei
387: 
388:          locs$ermida do divino espirito santo
389: 
390:          sacr$sim
391: 
392:          oficios$2
393: 
394:          testamento$n
395: 
396:       obito$o1724.27/17/3/1724/fl.107v/celebrante__ vigario manuel rodrigues
397: 
398: obito$o1724.27
398:          n$maria nunes/f/id=o1724.27-per1
399:             ls$profissao/hospitaleira
400:             ls$residencia/soure
401: 
402:          locs$adro
403: 
404:          sacr$sim
405: 
406:          oficios$1
407: 
408:          testamento$n
409: 
410:       obito$o1724.28/29/3/1724/fl.107v/celebrante__ vigario manuel rodrigues
411: 
412: obito$o1724.28
412:          n$joao rodrigues inchado/id=o1724.28-per1
413:             ls$ec/solteiro
414:             ls$residencia/alencarce de cima
415: 
416:          locs$ermida de santo tirso
417: 
418:          sacr$sim
419: 
420:          oficios$3 de 9 licoes
421: 
422:          testamento$s
423: 
424:       obito$o1724.29/30/3/1724/fl.107v/celebrante__ vigario manuel rodrigues
425: 
426: obito$o1724.29
426:          n$maria/f/id=o1724.29-per1
427:             ls$idade_aprox/2 para 3 anos
428:             ls$residencia/casal das brancas
429: 
430:             pai$luis goncalves/id=o1724.29-per1-per2
431:                ls$residencia/casal das brancas
432: 
433:          locs$ermida do divino espirito santo
434: 
435:       obito$o1724.30/13/4/1724/fl.108/celebrante__ vigario manuel rodrigues
436: 
437: obito$o1724.30
437:          n$silvino/m/id=1724-o30-silvino
438:             ls$enjeitado/sim
439:             ls$idade_aprox/3 meses e meio
440: 
441:          locs$adro
442: 
443:          referida$maria joao/id=1724-o30-maria
444:             ls$residencia/soure
445:             rel$sociabilidade/ama/silvino/1724-o30-silvino
446: 
447:          referido$ventura gomes pinheiro/id=o1724.30-per1
448:             ls$residencia/soure
449:             rel$parentesco/marido/maria joao/1724-o30-maria
450: 
451:       obito$o1724.31/21/4/1724/fl.108/celebrante__ vigario manuel rodrigues
452: 
453: obito$o1724.31
453:          n$manuel gomes/m/id=o1724.31-per1
454:             ls$profissao/ermitao da ermida de nossa senhora dos anjos
455:             ls$residencia/soure
456: 
457:          locs$ermida da nossa senhora dos anjos
458: 
459:          sacr$sim/obs=excepto sagrada comunhao por nao haver tempo para mais
460: 
461:          oficios$1
462: 
463:          testamento$n
464: 
465:       obito$o1724.32/3/5/1724/fl.108-108v/celebrante__ vigario manuel rodrigues
466: 
467: obito$o1724.32
467:          n$jose/m/id=o1724.32-per1
468:             ls$idade_aprox/16 anos
469:             ls$residencia/soure
470: 
471:             pai$miguel francisco/id=o1724.32-per1-per2
472:                ls$residencia/soure
473:                ls$morto/antes
474: 
475:             mae$maria jeronima/id=o1724.32-per1-per3
476: 
477:          locs$igreja de sao tiago/obs=em cova da fabrica
478: 
479:          sacr$sim/obs=excepto sagrado viatico por impedimento da boca e garganta
480: 
481:          oficios$1
482: 
483:          testamento$n
484: 
485:       obito$o1724.33/5/8/1724/fl.108v/celebrante__ vigario manuel rodrigues
486: 
487: obito$o1724.33
487:          n$maria ferreira/f/id=o1724.33-per1
488:             ls$idade_aprox/21 anos
489:             ls$residencia/sobral
490: 
491:             pai$simao francisco/id=o1724.33-per1-per2
492:                ls$residencia/sobral
493: 
494:          locs$ermida de sao miguel
495: 
496:          sacr$sim/obs=excepto o sagrado viatico por impedimento da garganta
497: 
498:          oficios$1
499: 
500:       obito$o1724.34/27/5/1724/fl.108v/celebrante__ vigario manuel rodrigues
501: 
502: obito$o1724.34
502:          n$margarida/f/id=o1724.34-per1
503:             ls$idade_aprox/mais de 12 anos
504:             ls$ec/solteira
505:             ls$residencia/soure
506: 
507:             pai$pedro de eiro matoso/id=o1724.34-per1-per2
508:                ls$residencia/soure
509: 
510:             mae$maria travassos/id=o1724.34-per1-per3
511:                ls$morta/antes
512: 
513:          locs$ermida de sao francisco
514: 
515:          sacr$sim/obs=so penitencia por o nao chamarem a tempo
516: 
517:          oficios$1
518: 
519:          testamento$n
520: 
521:       obito$o1724.35/28/5/1724/fl.108v-109/celebrante__ vigario manuel rodrigues
522: 
523: obito$o1724.35
523:          n$joao colaco de morais/m/id=o1724.35-per1
524:             ls$residencia/casal do rei
525: 
526:          locs$igreja de sao tiago
527: 
528:          sacr$sim
529: 
530:          oficios$3 de 9 licoes
531: 
532:          testamento$n
533: 
534:       obito$o1724.36/29/5/1724/fl.109/celebrante__ vigario manuel rodrigues
535: 
536: obito$o1724.36
536:          n$manuel mangua/m/id=o1724.36-per1
537:             ls$idade_aprox/maior de idade
538:             ls$ec/solteiro
539:             ls$residencia/bechos
540: 
541:             pai$bras ferreira/id=o1724.36-per1-per2
542:                ls$residencia/bechos
543: 
544:          locs$adro
545: 
546:          sacr$sim/obs=excepto o sagrado viatico por nao estar capaz de comungar
547: 
548:          oficios$1
549: 
550:       obito$o1724.37/3/6/1724/fl.109/celebrante__ vigario manuel rodrigues
551: 
552: obito$o1724.37
552:          n$maria simoes/id=o1724.37-per1
553:             ls$residencia/sao mateus
554: 
555:             marido$manuel rodrigues sopas/id=o1724.37-per1-per2
556:                ls$residencia/sao mateus
557: 
558:          locs$ermida de sao mateus
559: 
560:          causa$durante o parto e com vomitos
561: 
562:          sacr$sim/obs=excepto o sagrado viatico por nao estar capaz
563: 
564:          oficios$3
565: 
566:          testamento$n
567: 
568:       obito$o1724.38/6/6/1724/fl.109-109v/celebrante__ vigario manuel rodrigues
569: 
570: obito$o1724.38
570:          n$maria rodrigues/f/id=o1724.38-per1
571:             ls$residencia/alencarce de baixo
572: 
573:             marido$joao goncalves/id=o1724.38-per1-per2
574:                ls$residencia/alencarce de baixo
575: 
576:          locs$igreja de sao tiago/obs=em cova da fabrica
577: 
578:          causa$morreu apressada
579: 
580:          sacr$sim/obs=so penitencia e extrema uncao
581: 
582:          oficios$2 de nove licoes
583: 
584:          testamento$n
585: 
586:       obito$o1724.39/18/6/1724/fl.109v/celebrante__ vigario manuel rodrigues
587: 
588: obito$o1724.39
588:          n$maria nunes/f/id=o1724.39-per1
589:             ls$residencia/casal novo
590: 
591:             marido$manuel domingues/id=o1724.39-per1-per2
592:                ls$residencia/casal novo
593: 
594:          locs$ermida de santo andre
595: 
596:          sacr$sim
597: 
598:          oficios$3 de 9 licoes
599: 
600:          testamento$n
601: 
602:       obito$o1724.40/22/6/1724/fl.109v/celebrante__ vigario manuel rodrigues
603: 
604: obito$o1724.40
604:          n$teodoro mendes ravasco/m/id=o1724.40-per1
605:             ls$profissao/padre
606:             ls$residencia/soure
607: 
608:          locs$ermida de sao francisco
609: 
610:          causa$morreu apressadamente
611: 
612:          sacr$nao/obs=porem constou me que havia poucos dias tinha celebrado o santo sacrificio da missa
613: 
614:          oficios$1
615: 
616:          testamento$n
617: 
618:       obito$o1724.41/24/6/1724/fl.109v-110/celebrante__ vigario manuel rodrigues
619: 
620: obito$o1724.41
620:          n$isabel tome/f/id=o1724.41-per1
621:             ls$ec/viuva
622:             ls$residencia/casal da fogueira
623: 
624:          locs$igreja de tapeus/obs=por nela querer ser sepultada
625: 
626:          sacr$sim
627: 
628:          oficios$meio
629: 
630:          testamento$s
631: 
632:       obito$o1724.42/27/6/1724/fl.110/celebrante__ vigario manuel rodrigues
633: 
634: obito$o1724.42
634:          n$maria do espirito santo/f/id=o1724.42-per1
635:             ls$ec/viuva
636:             ls$residencia/paleao
637: 
638:          locs$ermida de sao joao baptista
639: 
640:          sacr$sim
641: 
642:          oficios$3
643: 
644:          testamento$n
645: 
646:       obito$o1724.43/27/6/1724/fl.1724/celebrante__ vigario manuel rodrigues
647: 
648: obito$o1724.43
648:          n$francisca silveira/f/id=o1724.43-per1
649:             ls$residencia/soure
650: 
651:          locs$igreja de sao tiago/obs=em cova da fabrica
652: 
653:          sacr$sim
654: 
655:          oficios$2
656: 
657:          testamento$n
658: 
659:       obito$o1724.44/28/6/1724/fl.110/celebrante__ vigario manuel rodrigues
660: 
661: obito$o1724.44
661:          n$antonio ferreira marmelo/m/id=o1724.44-per1
662:             ls$residencia/paleao
663: 
664:          locs$ermida de sao joao baptista
665: 
666:          sacr$s
667: 
668:          oficios$3 de 9 licoes
669: 
670:          testamento$n
671: 
672:       obito$o1724.45/8/7/1724/fl.110v/celebrante__ vigario manuel rodrigues
673: 
674: obito$o1724.45
674:          n$antonio goncalves/m/id=o1724.45-per1
675:             ls$residencia/presa
676: 
677:          locs$igreja de tapeus por nela querer ser sepultado
678: 
679:          sacr$sim
680: 
681:          oficios$meios de 9 licoes
682: 
683:          testamento$s
684: 
685:       obito$o1724.46/15/7/1724/fl.110v/celebrante__ vigario manuel rodrigues
686: 
687: obito$o1724.46
687:          n$joao/m/id=o1724.46-per1
688:             ls$idade_aprox/1 ano e meio
689:             ls$residencia/paleao
690: 
691:             pai$manuel gomes/id=o1724.46-per1-per2
692:                ls$residencia/paleao
693: 
694:          locs$ermida de sao joao baptista
695: 
696:       obito$o1724.47/23/7/1724/fl.110v/celebrante__ vigario manuel rodrigues
697: 
698: obito$o1724.47
698:          n$joao cardoso/m/id=o1724.47-per1
699:             ls$profissao/caseiro/obs=caseiro na quinta de sao tome
700:             ls$residencia/quinta de sao tome
701: 
702:          locs$ermida de sao tome
703: 
704:          causa$doenca prolongada
705: 
706:          sacr$sim
707: 
708:          oficios$3
709: 
710:       obito$o1724.48/28/7/1724/fl.110v-111/celebrante__ vigario manuel rodrigues
711: 
712: obito$o1724.48
712:          n$luisa silveira/f/id=o1724.48-per1
713:             ls$ec/solteira
714:             ls$residencia/soure
715: 
716:          locs$ermida e sao francisco
717: 
718:          sacr$sim/obs=excepto o sagrado viatico por impedimento da garganta
719: 
720:          oficios$1 de 9 licoes
721: 
722:          testamento$s
723: 
724:       obito$o1724.49/29/7/1724/fl.111/celebrante__ vigario manuel rodrigues
725: 
726: obito$o1724.49
726:          n$mariana francisca/f/id=o1724.49-per1
727:             ls$residencia/casa velha
728: 
729:             marido$manuel gaspar/id=o1724.49-per1-per2
730:                ls$residencia/casa velha
731: 
732:          locs$ermida de nossa senhora das neves
733: 
734:          locf$no campo de casa velha
735: 
736:          causa$repentinamente
737: 
738:          sacr$nao
739: 
740:          oficios$1
741: 
742:          testamento$n
743: 
744:       obito$o1724.50/4/8/1724/fl.111/celebrante__ vigario manuel rodrigues
745: 
746: obito$o1724.50
746:          n$agostinho/m/id=o1724.50-per1
747:             ls$idade_aprox/3 meses
748:             ls$residencia/podengos
749: 
750:             pai$manuel marques/id=o1724.50-per1-per2
751:                ls$residencia/podengos
752: 
753:          locs$ermida de santo tirso
754: 
755:       obito$o1724.51/5/8/1724/fl.111-111v/celebrante__ vigario manuel rodrigues
756: 
757: obito$o1724.51
757:          n$henrique/m/id=o1724.51-per1
758:             ls$idade_aprox/15 anos
759:             ls$residencia/espirito santo
760: 
761:             pai$alexandre rodrigues/id=o1724.51-per1-per2
762:                ls$residencia/espirito santo
763:                ls$morto/antes
764: 
765:             mae$maria simoes/id=o1724.51-per1-per3
766:                ls$ec/viuva
767:                ls$residencia/espirito santo
768: 
769:          locs$ermida do divino espirito santo
770: 
771:          locf$local de falecimento__
772: 
773:          causa$ causa de morte__
774: 
775:          sacr$sim/obs=excepto extrema uncao por o nao procurarem
776: 
777:          oficios$1
778: 
779:          testamento$n
780: 
781:       obito$o1724.52/7/8/1724/fl.111v/celebrante__ vigario manuel rodrigues
782: 
783: obito$o1724.52
783:          n$joao/m/id=o1724.52-per1
784:             ls$ilegitimo/sim
785:             ls$residencia/pinheiro
786: 
787:             mae$catarina/id=o1724.52-per1-per2
788:                ls$ec/solteira
789:                ls$residencia/pinheiro
790: 
791:                pmae$manuel vaz/id=o1724.52-per1-per3
792:                   ls$residencia/pinheiro
793: 
794:          locs$ermida de sao jose
795: 
796:       obito$o1724.53/8/8/1724/fl.111v/celebrante__ vigario manuel rodrigues
797: 
798: obito$o1724.53
798:          n$joao domingues/m/id=o1724.53-per1
799:             ls$residencia/casconho
800: 
801:          locs$igreja de nossa senhora e finisterra
802: 
803:          sacr$sim
804: 
805:          oficios$2 de 9 licoes
806: 
807:          testamento$n
808: 
809:       obito$o1724.54/9/8/1724/fl.111v/celebrante__ vigario manuel rodrigues
810: 
811: obito$o1724.54
811:          n$ana/f/id=o1724.54-per1
812:             ls$residencia/soure
813: 
814:             pai$jose de andrade/id=o1724.54-per1-per2
815:                ls$residencia/soure
816: 
817:          locs$igreja de sao tiago/obs=em cova da fabrica
818: 
819:          sacr$sim
820: 
821:          oficios$1
822: 
823:          testamento$n
824: 
825:       obito$o1724.55/15/8/1724/fl.111v-112/celebrante__ vigario manuel rodrigues
826: 
827: obito$o1724.55
827:          n$manuel rodrigues cupido/id=o1724.55-per1
828:             ls$profissao/caseiro/obs=caseiro de miguel da gante
829:             ls$residencia/grizoma
830: 
831:          locs$igreja de sao tiago
832: 
833:          sacr$sim
834: 
835:          oficios$3
836: 
837:          testamento$n
838: 
839:       obito$o1724.56/17/8/1724/fl.112/celebrante__ vigario manuel rodrigues
840: 
841: obito$o1724.56
841:          n$maria tome/f/id=o1724.56-per1
842:             ls$residencia/casal da venda
843: 
844:             marido$manuel rodrigues tome/id=o1724.56-per1-per2
845:                ls$residencia/casal da venda
846: 
847:          locs$igreja de sao tiago
848: 
849:          sacr$sim/obs=excepto extrema uncao
850: 
851:          oficios$3
852: 
853:          testamento$n
854: 
855:       obito$o1724.57/24/8/1724/fl.112/celebrante__ vigario manuel rodrigues
856: 
857: obito$o1724.57
857:          n$domingas da costa/f/id=o1724.57-per1
858:             ls$ec/solteira
859:             ls$residencia/sobral
860: 
861:          locs$adro
862: 
863:          sacr$sim
864: 
865:          oficios$3 de 9 licoes
866: 
867:          testamento$s
868: 
869:       obito$o1724.58/27/8/1724/fl.112/celebrante__ vigario manuel rodrigues
870: 
871: obito$o1724.58
871:          n$maria gomes/f/id=o1724.58-per1
872:             ls$ec/viuva
873:             ls$residencia/paleao
874: 
875:             marido$antonio ferreira marmelo/id=o1724.58-per1-per2
876:                ls$residencia/paleao
877: 
878:          locs$ermida de sao joao baptista
879: 
880:          sacr$sim
881: 
882:          oficios$3
883: 
884:          testamento$
885: 
886:       obito$o1724.59/29/8/1724/fl.112v/celebrante__ vigario manuel rodrigues
887: 
888: obito$o1724.59
888:          n$catarina francisca/f/id=o1724.59-per1
889:             ls$ec/viuva
890:             ls$residencia/cavaleiros
891: 
892:          locs$igreja de nossa senhora de finisterra
893: 
894:          sacr$sim
895: 
896:          oficios$3
897: 
898:          testamento$n
899: 
900:       obito$o1724.60/29/8/1724/fl.112v/celebrante__ vigario manuel rodrigues
901: 
902: obito$o1724.60
902:          n$maria/f/id=o1724.60-per1
903:             ls$idade_aprox/7 meses
904:             ls$residencia/soure
905: 
906:             pai$manuel de brito/id=o1724.60-per1-per2
907:                ls$residencia/soure
908: 
909:          locs$igreja de sao tiago/obs=em cova da fabrica
910: 
911:       obito$o1724.61/5/9/1724/fl.112v/celebrante__ vigario manuel rodrigues
912: 
913: obito$o1724.61
913:          n$joao luis/m/id=o1724.61-per1
914:             ls$ec/viuvo
915:             ls$residencia/vale da borra
916: 
917:          locs$adro
918: 
919:          sacr$sim
920: 
921:          oficios$1
922: 
923:          testamento$n
924: 
925:       obito$o1724.62/11/9/1724/fl.112v/celebrante__ vigario manuel rodrigues
926: 
927: obito$o1724.62
927:          n$micaela/f/id=o1724.62-per1
928:             ls$idade_aprox/5 para 6 anos
929:             ls$residencia/soure
930: 
931:             pai$manuel goncalves vargas/id=o1724.62-per1-per2
932:                ls$residencia/soure
933: 
934:          locs$igreja de nossa senhora de finisterra/obs=em cova da fabrica
935: 
936:       obito$o1724.63/19/9/1724/fl.113/celebrante__ vigario manuel rodrigues
937: 
938: obito$o1724.63
938:          n$maria domingues/f/id=o1724.63-per1
939:             ls$residencia/venda nova
940: 
941:             marido$joao martins picarra/id=o1724.63-per1-per2
942:                ls$residencia/venda nova
943: 
944:          locs$ermida de santo ildefonso
945: 
946:          sacr$sim
947: 
948:          oficios$1
949: 
950:          testamento$n
951: 
952:       obito$o1724.64/20/9/1724/fl.113/celebrante__ vigario manuel rodrigues
953: 
954: obito$o1724.64
954:          n$vicente colaco de morais/id=o1724.64-per1
955:             ls$cargo/capitao
956:             ls$residencia/espirito santo
957: 
958:          locs$ermida de sao francisco
959: 
960:          sacr$sim
961: 
962:          oficios$3 de 9 licoes
963: 
964:          testamento$s
965: 
966:       obito$o1724.65/22/9/1724/fl.113/celebrante__ vigario manuel rodrigues
967: 
968: obito$o1724.65
968:          n$maria marques/f/id=o1724.65-per1
969:             ls$residencia/soure
970: 
971:             marido$antonio lopes/id=o1724.65-per1-per2
972:                ls$profissao/sapateiro
973:                ls$residencia/soure
974: 
975:          locs$igreja de sao tiago/obs=em cova da fabrica
976: 
977:          sacr$sim
978: 
979:          oficios$2
980: 
981:          testamento$n
982: 
983:       obito$o1724.66/24/9/1724/fl.113-113v/celebrante__ vigario manuel rodrigues
984: 
985: obito$o1724.66
985:          n$luisa/f/id=o1724.66-per1
986:             ls$idade_aprox/5 para 6 anos
987:             ls$residencia/amoreira
988: 
989:             pai$manuel da silva/id=o1724.66-per1-per2
990:                ls$residencia/amoreira
991: 
992:          locs$ermida do divino espirito santo
993: 
994:       obito$o1724.67/2/10/1724/fl.113v/celebrante__ vigario manuel rodrigues
995: 
996: obito$o1724.67
996:          n$isabel/f/id=o1724.67-per1
997:             ls$idade_aprox/maior de idade
998:             ls$ec/solteira
999:             ls$residencia/sobral
1000: 
1001:             pai$diogo joao/id=o1724.67-per1-per2
1002:                ls$residencia/sobral
1003:                ls$morto/antes
1004: 
1005:             mae$maria rodrigues/id=o1724.67-per1-per3
1006:                ls$residencia/sobral
1007: 
1008:          locs$ermida de sao miguel
1009: 
1010:          sacr$sim
1011: 
1012:          oficios$2
1013: 
1014:       obito$o1724.68/2/10/1724/fl.113v/celebrante__ vigario manuel rodrigues
1015: 
1016: obito$o1724.68
1016:          n$manuel andre/m/id=o1724.68-per1
1017:             ls$residencia/soure
1018: 
1019:          locs$adro
1020: 
1021:          sacr$sim
1022: 
1023:          oficios$1
1024: 
1025:          testamento$n
1026: 
1027:       obito$o1724.69/5/10/1724/fl.113v-114/celebrante__ vigario manuel rodrigues
1028: 
1029: obito$o1724.69
1029:          n$manuel joao/m/id=o1724.69-per1
1030:             ls$profissao/caldeiro
1031:             ls$residencia/bonitos
1032: 
1033:          locs$ermida de sao sebastiao no mogadouro
1034: 
1035:          sacr$sim
1036: 
1037:          oficios$3
1038: 
1039:          testamento$s
1040: 
1041:       obito$o1724.70/8/10/1724/fl.114/celebrante__ vigario manuel rodrigues
1042: 
1043: obito$o1724.70
1043:          n$antonio/m/id=o1724.70-per1
1044:             ls$idade_aprox/1 ano
1045:             ls$residencia/paleao
1046: 
1047:             pai$antonio ferreira marmelo/id=o1724.70-per1-per2
1048:                ls$residencia/paleao
1049:                ls$morto/antes
1050: 
1051:             mae$maria gomes/id=o1724.70-per1-per3
1052:                ls$residencia/paleao
1053:                ls$morta/antes
1054: 
1055:          locs$adro
1056: 
1057:       obito$o1724.71/11/10/1724/fl.114/celebrante__ vigario manuel rodrigues
1058: 
1059: obito$o1724.71
1059:          n$manuel pereira galego/m/id=o1724.71-per1
1060:             ls$profissao/pedreiro/obs=que andou nestas terras trabalhando no seu oficio
1061:             ls$naturalidade/continhais/obs=arcebispado de braga
1062:             ls$residencia/soure
1063: 
1064:          locs$adro
1065: 
1066:          locf$hospital da misericordia de soure
1067: 
1068:          sacr$sim/obs=excepto sagrado viatico por nao poder comungar
1069: 
1070:          testamento$n
1071: 
1072:       obito$o1724.72/13/10/1724/fl.114/celebrante__ vigario manuel rodrigues
1073: 
1074: obito$o1724.72
1074:          n$maria ribeira/f/id=o1724.72-per1
1075:             ls$residencia/soure
1076: 
1077:          locs$ermida de sao francisco
1078: 
1079:          sacr$sim
1080: 
1081:          oficios$2
1082: 
1083:          testamento$n
1084: 
1085:       obito$o1724.73/14/10/1724/fl.114v/celebrante__ vigario manuel rodrigues
1086: 
1087: obito$o1724.73
1087:          n$catarina simoes/f/id=o1724.73-per1
1088:             ls$ec/solteira
1089:             ls$alcunha/a poupa
1090:             ls$residencia/paleao
1091: 
1092:          locs$sao joao baptista
1093: 
1094:          sacr$sim/obs=excepto extrema uncao porque o nao procurou
1095: 
1096:          oficios$1
1097: 
1098:          testamento$s
1099: 
1100:       obito$o1724.74/20/10/1724/fl.114v/celebrante__ vigario manuel rodrigues
1101: 
1102: obito$o1724.74
1102:          n$gregorio duarte/m/id=o1724.74-per1
1103:             ls$residencia/soure
1104: 
1105:          locs$igreja de sao tiago/obs=em cova da fabrica
1106: 
1107:          sacr$sim
1108: 
1109:          oficios$1 de 9 licoes
1110: 
1111:          testamento$n
1112: 
1113:       obito$o1724.75/23/10/1724/fl.114v/celebrante__ vigario manuel rodrigues
1114: 
1115: obito$o1724.75
1115:          n$bras ferreira/m/id=o1724.75-per1
1116:             ls$residencia/areias
1117: 
1118:          locs$igreja de sao tiago/obs=em cova da fabrica
1119: 
1120:          sacr$sim/obs=excepto extrema uncao porque o nao procurou
1121: 
1122:          oficios$3 de 9 licoes
1123: 
1124:          testamento$n
1125: 
1126:       obito$o1724.76/2/11/1724/fl.114v-115/celebrante__ vigario manuel rodrigues
1127: 
1128: obito$o1724.76
1128:          n$domingas/f/id=o1724.76-per1
1129:             ls$idade_aprox/de maior idade
1130:             ls$ec/solteira
1131:             ls$residencia/sobral
1132: 
1133:             pai$antonio domingues/id=o1724.76-per1-per2
1134:                ls$residencia/sobral
1135:                ls$morto/antes
1136: 
1137:             mae$maria domingues/id=o1724.76-per1-per3
1138:                ls$residencia/sobral
1139: 
1140:          locs$adro
1141: 
1142:          sacr$sim
1143: 
1144:          oficios$1
1145: 
1146:          testamento$n
1147: 
1148:       obito$o1724.77/6/11/1724/fl.115/celebrante__ vigario manuel rodrigues
1149: 
1150: obito$o1724.77
1150:          n$antonio/m/id=1724-o77-antonio
1151:             ls$idade_aprox/recem nascido
1152:             ls$naturalidade/presa
1153: 
1154:             pai$manuel martins/id=1724-o77-manuel
1155:                ls$residencia/presa
1156: 
1157:          locs$adro
1158: 
1159:          referido$manuel antunes/id=o1724.77-per1
1160:             ls$residencia/presa
1161:             rel$sociabilidade/baptizou em necessidade/antonio/1724-o77-antonio
1162:             rel$parentesco/pai/manuel martins/1724-o77-manuel
1163: 
1164:       obito$o1724.78/7/11/1724/fl.115/celebrante__ vigario manuel rodrigues
1165: 
1166: obito$o1724.78
1166:          n$isabel simoes/f/id=o1724.78-per1
1167:             ls$ec/viuva
1168:             ls$residencia/alencarce de cima
1169: 
1170:          locs$ermida de santo tirso
1171: 
1172:          sacr$sim
1173: 
1174:          oficios$3
1175: 
1176:          testamento$s
1177: 
1178:       obito$o1724.79/9/11/1724/fl.115/celebrante__ vigario manuel rodrigues
1179: 
1180: obito$o1724.79
1180:          n$domingos/m/id=o1724.79-per1
1181:             ls$idade_aprox/2 anos
1182:             ls$residencia/corujeira
1183: 
1184:             pai$domingos ferreira/id=o1724.79-per1-per2
1185:                ls$residencia/corujeira
1186: 
1187:          locs$adro
1188: 
1189:       obito$o1724.80/7/11/1724/fl.115/celebrante__ vigario manuel rodrigues
1190: 
1191: obito$o1724.80
1191:          n$maria/f/id=o1724.80-per1
1192:             ls$idade_aprox/2 para 3 anos
1193:             ls$residencia/simoes
1194: 
1195:             pai$manuel jorge/id=o1724.80-per1-per2
1196:                ls$residencia/simoes
1197: 
1198:          locs$adro
1199: 
1200:       obito$o1724.81/10/11/1724/fl.115v/celebrante__ vigario manuel rodrigues
1201: 
1202: obito$o1724.81
1202:          n$antonia/f/id=o1724.81-per1
1203:             ls$idade_aprox/2 anos
1204:             ls$residencia/soure
1205: 
1206:             pai$luis da silva/id=o1724.81-per1-per2
1207:                ls$residencia/soure
1208: 
1209:          locs$ermida de nossa senhora dos anjos
1210: 
1211:       obito$o1724.82/16/11/1724/fl.115v/celebrante__ vigario manuel rodrigues
1212: 
1213: obito$o1724.82
1213:          n$maria joao/f/id=1724-o82-maria
1214:             ls$ec/viuva
1215:             ls$residencia/soure
1216: 
1217:          locs$igreja de sao tiago/obs=em cova da fabrica
1218: 
1219:          sacr$sim
1220: 
1221:          oficios$1
1222: 
1223:          testamento$n
1224: 
1225:          referido$matias gomes/id=o1724.82-per1
1226:             ls$residencia/soure
1227:             rel$parentesco/genro/maria joao/1724-o82-maria
1228: 
1229:       obito$o1724.83/13/11/1724/fl.115v-116/celebrante__ vigario manuel rodrigues
1230: 
1231: obito$o1724.83
1231:          n$joao/m/id=o1724.83-per1
1232:             ls$naturalidade/casa velha
1233: 
1234:             pai$manuel bras/id=o1724.83-per1-per2
1235:                ls$residencia/casa velha
1236: 
1237:          locf$lisboa
1238: 
1239:       obito$o1724.84/24/11/1724/fl.116/celebrante__ vigario manuel rodrigues
1240: 
1241: obito$o1724.84
1241:          n$manuel rodrigues/m/id=o1724.84-per1
1242:             ls$profissao/serralheiro
1243:             ls$residencia/soure
1244: 
1245:          locs$ermida de sao sebastiao
1246: 
1247:          sacr$sim/obs=excepto sagrado viatico porque o nao procurou
1248: 
1249:          oficios$1
1250: 
1251:          testamento$s
1252: 
1253:       obito$o1724.85/25/11/1724/fl.116/celebrante__ vigario manuel rodrigues
1254: 
1255: obito$o1724.85
1255:          n$maria jorge/f/id=o1724.85-per1
1256:             ls$residencia/alencarce de cima
1257: 
1258:             marido$manuel rodrigues ruivo/id=o1724.85-per1-per2
1259:                ls$residencia/alencarce de cima
1260: 
1261:          locs$igreja de sao tiago/obs=em cova da fabrica
1262: 
1263:          sacr$sim
1264: 
1265:          oficios$3
1266: 
1267:          testamento$n
1268: 
1269:       obito$o1724.86/27/11/1724/fl.116-116v/celebrante__ vigario manuel rodrigues
1270: 
1271: obito$o1724.86
1271:          n$manuel goncalves/m/id=o1724.86-per1
1272:             ls$ec/viuvo
1273:             ls$residencia/espirito santo
1274: 
1275:          locs$ermida do divino espirito santo
1276: 
1277:          sacr$sim/obs=excepto o sagrado viatico por nao poder comungar
1278: 
1279:          oficios$3
1280: 
1281:          testamento$n
1282: 
1283:       obito$o1724.87/28/11/1724/fl.116v/celebrante__ vigario manuel rodrigues
1284: 
1285: obito$o1724.87
1285:          n$aldonca/f/id=o1724.87-per1
1286:             ls$titulo/dona
1287:             ls$residencia/soure
1288: 
1289:             marido$geraldo pereira coutinho/id=o1724.87-per1-per2
1290:                ls$cargo/desembargador
1291:                ls$profissao/professor universitario/obs=lente de vespera de leis na universidade de coimbra
1292:                ls$residencia/soure
1293: 
1294:          locs$igreja de sao tiago/obs=sepultada na capela maior
1295: 
1296:          sacr$sim
1297: 
1298:          oficios$1 de 9 licoes
1299: 
1300:          testamento$n
1301: 
1302:       obito$o1724.88/12/12/1724/fl.116v/celebrante__ vigario manuel rodrigues
1303: 
1304: obito$o1724.88
1304:          n$maria henriques/f/id=o1724.88-per1
1305:             ls$residencia/casa velha
1306: 
1307:             marido$manuel pereira/id=o1724.88-per1-per2
1308:                ls$residencia/casa velha
1309: 
1310:          locs$ermida de nossa senhora das neves
1311: 
1312:          sacr$sim
1313: 
1314:          oficios$1
1315: 
1316:          testamento$n
1317: 
1318:       obito$o1724.89/15/12/1724/fl.116v-117/celebrante__ vigario manuel rodrigues
1319: 
1320: obito$o1724.89
1320:          n$joao martins/m/id=o1724.89-per1
1321:             ls$alcunha/o pissarra
1322:             ls$residencia/venda nova
1323: 
1324:          locs$igreja de tapeus/obs=por ter escolhido la ser sepultado
1325: 
1326:          sacr$sim
1327: 
1328:          oficios$1
1329: 
1330:          testamento$s
1331: 
1332:       obito$o1724.90/16/12/1724/fl.117/celebrante__ vigario manuel rodrigues
1333: 
1334: obito$o1724.90
1334:          n$maria da costa/f/id=o1724.90-per1
1335:             ls$ec/viuva
1336:             ls$residencia/casa velha
1337: 
1338:          locs$ermida de sao francisco
1339: 
1340:          sacr$sim
1341: 
1342:          oficios$3 de 9 licoes
1343: 
1344:          testamento$n
1345: 
1346:       obito$o1724.91/22/12/1724/fl.117/celebrante__ vigario manuel rodrigues
1347: 
1348: obito$o1724.91
1348:          n$josefa/f/id=o1724.91-per1
1349:             ls$idade_aprox/12 anos
1350:             ls$ec/solteira
1351:             ls$residencia/migalho
1352: 
1353:             pai$joao cardoso/id=o1724.91-per1-per2
1354:                ls$residencia/migalho
1355: 
1356:          locs$ermida de santo andre do casal novo
1357: 
1358:          oficios$1
1359: 
1360:       obito$o1724.92/28/12/1724/fl.117-117v/celebrante__ vigario manuel rodrigues
1361: 
1362: obito$o1724.92
1362:          n$maria gaspar/f/id=o1724.92-per1
1363:             ls$ec/viuva
1364:             ls$residencia/casal das brancas
1365: 
1366:          locs$ermida do espirito santo
1367: 
1368:          sacr$sim
1369: 
1370:          oficios$1
1371: 
1372:          testamento$n
1373: 
1374:       obito$o1724.93/30/12/1724/fl.117v/celebrante__ vigario manuel rodrigues
1375: 
1376: obito$o1724.93
1376:          n$madalena maria/f/id=o1724.93-per1
1377:             ls$ec/solteira
1378:             ls$residencia/casa velha
1379: 
1380:          locs$adro
1381: 
1382:          sacr$sim/obs=excepto a sagrada comunhao por o nao chamarem a tempo
1383: 
1384:          oficios$1
1385: 
1386:          testamento$n
1387: *** End of File
** Processed file- /Users/jrc/mhk-home/sources/soure/soure-sources/sources/soure_fase2/obi1724.cli
** Original file- /Users/jrc/mhk-home/sources/soure/soure-sources/sources/soure_fase2/obi1724.org
** Previous version- /Users/jrc/mhk-home/sources/soure/soure-sources/sources/soure_fase2/obi1724.old
** Temp file with ids- /Users/jrc/mhk-home/sources/soure/soure-sources/sources/soure_fase2/obi1724.ids
0  errors. 
0  warnings.
Translation finished.
