KleioTranslator - server version 2019.A1 - build 256 07/05/2020 17:41 
29-6-2020 9-33

Processing data file 1D-8-2-4.cli
-------------------------------------------
Generic Act translation module with geoentities (XML).
     Joaquim Ramos de Carvalho (joaquim@uc.pt) 
** New document: kleio
=========================
kleio translation started
=========================
Structure: gacto2.str
Prefix: 
Autorel: 
Translation count: 20
Obs: 
** Processing source fonte$n2.23
7: escritura$n.2.4.1
18: escritura$n.2.4.2
23: escritura$n.2.4.3
25: escritura$n.2.4.4
29: escritura$n.2.4.5
53: escritura$n.2.4.6
88: escritura$n.2.4.7
90: escritura$n.2.4.8
111: escritura$n.2.4.9bis
132: escritura$n.2.4.10bisbis
152: escritura$n.2.4.11
179: escritura$n.2.4.12
197: escritura$n.2.4.13
225: escritura$n.2.4.14
255: escritura$n.2.4.15
291: escritura$n.2.4.16
293: escritura$n.2.4.17
295: escritura$n.2.4.18
323: escritura$n.2.4.19
347: escritura$n.2.4.20
379: escritura$n.2.4.21
400: escritura$n.2.4.22
402: escritura$n.2.4.23
404: escritura$n.2.4.24
406: escritura$n.2.4.25
413: escritura$n.2.4.26
415: escritura$n.2.4.27
444: escritura$n.2.4.28
482: escritura$n.2.4.29
530: escritura$n.2.4.30bis
561: escritura$n.2.4.31
652: escritura$n.2.4.32
690: escritura$n.2.4.33
745: escritura$n.2.4.34
780: escritura$n.2.4.35
804: escritura$n.2.4.36
826: escritura$n.2.4.37
848: escritura$n.2.4.38
870: escritura$n.2.4.39
913: escritura$n.2.4.40
986: escritura$n.2.4.41
1007: escritura$n.2.4.42
1018: escritura$n.2.4.43
1037: escritura$n.2.4.44
1065: escritura$n.2.4.45
1096: escritura$n.2.4.46
1118: escritura$n.2.4.47
1141: escritura$n.2.4.48
1184: escritura$n.2.4.49
1226: escritura$n.2.4.50
1256: escritura$n.2.4.51
1277: escritura$n.2.4.52
1297: escritura$n.2.4.53
1325: escritura$n.2.4.54
1358: escritura$n.2.4.55
1367: escritura$n.2.4.56
1369: escritura$n.2.4.57
1371: escritura$n.2.4.58
1373: escritura$n.2.4.59
1375: escritura$n.2.4.60
1377: escritura$n.2.4.61
1379: escritura$n.2.4.62
1381: escritura$n.2.4.63
1383: escritura$n.2.4.64
1385: escritura$n.2.4.65
1387: escritura$n.2.4.66
1413: escritura$n.2.4.67
1415: escritura$n.2.4.68
1417: escritura$n.2.4.69
1419: escritura$n.2.4.70
1442: escritura$n.2.4.71
1484: escritura$n.2.4.72
*** End of File
** Processed file- /kleio-home/sources/soure-fontes/sources/1685-1720/notariais/1D-8-2-4.cli
** Original file- /kleio-home/sources/soure-fontes/sources/1685-1720/notariais/1D-8-2-4.org
** Previous version- /kleio-home/sources/soure-fontes/sources/1685-1720/notariais/1D-8-2-4.old
** Temp file with ids- /kleio-home/sources/soure-fontes/sources/1685-1720/notariais/1D-8-2-4.ids
** - /kleio-home/sources/soure-fontes/sources/1685-1720/notariais/1D-8-2-4.cli-renamed to- /kleio-home/sources/soure-fontes/sources/1685-1720/notariais/1D-8-2-4.old
** - /kleio-home/sources/soure-fontes/sources/1685-1720/notariais/1D-8-2-4.ids-renamed to- /kleio-home/sources/soure-fontes/sources/1685-1720/notariais/1D-8-2-4.cli
** Translation files closed.
0  errors. 
0  warnings.
Translation finished.
