KleioTranslator - server version 2021.A3 - build 1627 (quotes-in-kleio-134) 09/05/2021 18:21 
9-5-2021 10-47

Processing data file dev1705.cli
-------------------------------------------
Generic Act translation module with geoentities (XML).
     Joaquim Ramos de Carvalho (joaquim@uc.pt) 
** New document: kleio
=========================
kleio translation started
=========================
Structure: gacto2.str
Prefix: 
Autorel: 
Translation count: 
Obs: 
Translation count not set or invalid, counting as zero: 
** Processing source fonte$vp-1705
8: devassa$dev1705
*** End of File


** Processed file- /kleio-home/sources/soure-fontes/sources/1685-1720/in_progress/devassas/dev1705.cli
** Original file- /kleio-home/sources/soure-fontes/sources/1685-1720/in_progress/devassas/dev1705.org
** Previous version- /kleio-home/sources/soure-fontes/sources/1685-1720/in_progress/devassas/dev1705.old
** Temp file with ids- /kleio-home/sources/soure-fontes/sources/1685-1720/in_progress/devassas/dev1705.ids
** - /kleio-home/sources/soure-fontes/sources/1685-1720/in_progress/devassas/dev1705.cli-renamed to- /kleio-home/sources/soure-fontes/sources/1685-1720/in_progress/devassas/dev1705.org
** - /kleio-home/sources/soure-fontes/sources/1685-1720/in_progress/devassas/dev1705.ids-renamed to- /kleio-home/sources/soure-fontes/sources/1685-1720/in_progress/devassas/dev1705.cli
** Translation files closed.
0  errors. 
0  warnings.
Translation finished.
