ClioInput - version 2019.A1 - build 231 29/03/2020 16:14 
22-4-2020 23-48

Processing data file eleicoes3.cli
-------------------------------------------
Generic Act translation module with geoentities (XML).
     Joaquim Ramos de Carvalho (joaquim@uc.pt) 
** New document: kleio
=========================
kleio translation started
=========================
Structure: gacto2.str
Prefix: 
Autorel: 
Translation count: 11
Obs: 
** Processing source fonte$mis mesa3
6: amz$emz3-1
49: amz$emz3-2
90: amz$emz3-3
92: amz$emz3-4
137: amz$emz3-5
180: amz$emz3-6
182: amz$emz3-7
243: amz$emz3-8
*** End of File
** Processed file- /kleio-home/sources/soure-fontes/sources/soure_fase1/irmaos_misericordia/eleicoes3.cli
** Original file- /kleio-home/sources/soure-fontes/sources/soure_fase1/irmaos_misericordia/eleicoes3.org
** Previous version- /kleio-home/sources/soure-fontes/sources/soure_fase1/irmaos_misericordia/eleicoes3.old
** Temp file with ids- /kleio-home/sources/soure-fontes/sources/soure_fase1/irmaos_misericordia/eleicoes3.ids
0  errors. 
0  warnings.
Translation finished.
