KleioTranslator - server version 2019.A1 - build 256 07/05/2020 17:41 
13-5-2020 22-20

Processing data file c1695.cli
-------------------------------------------
Generic Act translation module with geoentities (XML).
     Joaquim Ramos de Carvalho (joaquim@uc.pt) 
** New document: kleio
=========================
kleio translation started
=========================
Structure: gacto.str
Prefix: 
Autorel: 
Translation count: 8
Obs: 
** Processing source fonte$casamentos 1695
6: cas$c1695-1
37: cas$c1695-2
66: cas$c1695-3
95: cas$c1695-4
124: cas$c1695-5
150: cas$c1695-6
179: cas$c1695-7
205: cas$c1695-8
232: cas$c1695-9
262: cas$c1695-10
298: cas$c1695-11
*** End of File
** Processed file- /kleio-home/sources/soure-fontes/sources/1685-1720/casamentos/c1695.cli
** Original file- /kleio-home/sources/soure-fontes/sources/1685-1720/casamentos/c1695.org
** Previous version- /kleio-home/sources/soure-fontes/sources/1685-1720/casamentos/c1695.old
** Temp file with ids- /kleio-home/sources/soure-fontes/sources/1685-1720/casamentos/c1695.ids
** - /kleio-home/sources/soure-fontes/sources/1685-1720/casamentos/c1695.cli-renamed to- /kleio-home/sources/soure-fontes/sources/1685-1720/casamentos/c1695.old
** - /kleio-home/sources/soure-fontes/sources/1685-1720/casamentos/c1695.ids-renamed to- /kleio-home/sources/soure-fontes/sources/1685-1720/casamentos/c1695.cli
** Translation files closed.
0  errors. 
0  warnings.
Translation finished.
