KleioTranslator - server version @@VERSION@@ - build @@BUILD@@ @@DATE@@
21-8-2020 17-11

Processing data file c1720.cli
-------------------------------------------
Generic Act translation module with geoentities (XML).
     Joaquim Ramos de Carvalho (joaquim@uc.pt) 
** New document: kleio
=========================
kleio translation started
=========================
Structure: gacto.str
Prefix: 
Autorel: 
Translation count: 8
Obs: 
** Processing source fonte$casamentos 1720
6: cas$c1720.1
44: cas$c1720.2
83: cas$c1720.3
113: cas$c1720.4
148: cas$c1720.5
176: cas$c1720.6
212: cas$c1720.7
247: cas$c1720.8
288: cas$c1720.9
329: cas$c1720.10
361: cas$c1720.11
391: cas$c1720.12
422: cas$c1720.13
453: cas$c1720.14
485: cas$c1720.15
518: cas$c1720.16
550: cas$c1720.17
579: cas$c1720.18
611: cas$c1720.19
640: cas$c1720.20
673: cas$c1720.21
707: cas$c1720.22
737: cas$c1720.23
767: cas$c1720.24
*** End of File


** Processed file- /Users/jrc/mhk-home/sources/soure-fontes/sources/1685-1720/casamentos/c1720.cli
** Original file- /Users/jrc/mhk-home/sources/soure-fontes/sources/1685-1720/casamentos/c1720.org
** Previous version- /Users/jrc/mhk-home/sources/soure-fontes/sources/1685-1720/casamentos/c1720.old
** Temp file with ids- /Users/jrc/mhk-home/sources/soure-fontes/sources/1685-1720/casamentos/c1720.ids
** - /Users/jrc/mhk-home/sources/soure-fontes/sources/1685-1720/casamentos/c1720.cli-renamed to- /Users/jrc/mhk-home/sources/soure-fontes/sources/1685-1720/casamentos/c1720.old
** - /Users/jrc/mhk-home/sources/soure-fontes/sources/1685-1720/casamentos/c1720.ids-renamed to- /Users/jrc/mhk-home/sources/soure-fontes/sources/1685-1720/casamentos/c1720.cli
** Translation files closed.
0  errors. 
0  warnings.
Translation finished.
