ClioInput - version 2019.A1 - build 507 15/07/2019 21:58 
7-4-2020 16-58

Processing data file c1686.cli
-------------------------------------------
Generic Act translation module with geoentities (XML).
     Joaquim Ramos de Carvalho (joaquim@uc.pt) 
** New document: kleio
=========================
kleio translation started
=========================
Structure: gacto2.str
Prefix: 
Autorel: 
Translation count: 3
Obs: 
** Processing source fonte$casamentos 1686
6: cas$c1686.1
41: cas$c1686.2
67: cas$c1686.3
98: cas$c1686.4
126: cas$c1686.5
147: cas$c1686.6
180: cas$c1686.7
216: cas$c1686.8
243: cas$c1686.9
276: cas$c1686.10
317: cas$c1686.11
*** End of File
** Processed file- /kleio-home/sources/soure-fontes/sources/soure_fase1/casamentos/c1686.cli
** Original file- /kleio-home/sources/soure-fontes/sources/soure_fase1/casamentos/c1686.org
** Previous version- /kleio-home/sources/soure-fontes/sources/soure_fase1/casamentos/c1686.old
** Temp file with ids- /kleio-home/sources/soure-fontes/sources/soure_fase1/casamentos/c1686.ids
0  errors. 
0  warnings.
Translation finished.
