ClioInput - version @@VERSION@@ - build @@BUILD@@ @@DATE@@
13-6-2019 22-48

Processing data file c1696.cli
-------------------------------------------
Generic Act translation module with geoentities (XML).
     Joaquim Ramos de Carvalho (joaquim@uc.pt) 
** New document: kleio
1: kleio$gacto.str/gactoxml.str/translations=1
=========================
kleio translation started
=========================
Structure: gacto.str
Prefix: 
Autorel: 
Translation count: 1
Obs: 
2:    fonte$casamentos 1696/tipo=reg paroquiais/data=16960000/localizacao=131
3: 
** Processing source fonte$casamentos 1696
4:       cas$c1696-12/8/1/1696/igreja matriz/luis alvares pinto
5: 
6: cas$c1696-12
6:          noivo$manuel alves/id=c12-1
7:             ls$residencia/casalinhos
8: 
9:             pnoivo$domingos alves/id=c12-2
10:                ls$residencia/casalinhos
11: 
12:             mnoivo$isabel duarte/id=c12-3
13:                ls$residencia/casalinhos
14: 
15:          noiva$margarida ferreira/id=c12-4
16:             ls$residencia/soure
17: 
18:             pnoiva$joao rodrigues/id=c12-5
19:                ls$residencia/soure
20: 
21:             mnoiva$isabel ferreira#miota?/f/id=c12-6
22: 
23:          test$joao da costa de vasconcelos/mesmo_que=c12-7/id=c1696-12-per1

WARNING: c1696.cli line 23 destination id of "same as" not found. Will check again at the end of file.
Near line: 23          test$joao da costa de vasconcelos/mesmo_que=c12-7/id=c1696-12-per1
Near line: 24             ls$residencia/soure

24:             ls$residencia/soure
25: 
26:          test$sebastiao machado da costa/id=c12-8
27:             ls$residencia/soure
28: 
29:       cas$c1696-13/13/1/1696/ermida de S.Francisco/jose pinto/obs=nao refere a mae da noiva. Noivo por procuracao
30: 
31: cas$c1696-13
31:          referido$jose pinto/id=c13-r1
32:             ls$profissao/padre/obs=celebra casamento em Soure em 13.1.1696
33: 
34:          noivo$felicio soares leite/id=c13-1
35:             ls$residencia/freguesia do rabacal
36:             ls$freguesia/rabacal
37: 
38:             pnoivo$antonio henriques soares/id=c13-2
39:                ls$residencia/freguesia do rabacal
40:                ls$freguesia/rabacal
41: 
42:             mnoivo$madalena barbosa leite/id=c13-3
43:                ls$residencia/freguesia do rabacal
44:                ls$freguesia/rabacal
45: 
46:          noiva$isabel leao brito/f/id=c13-4
47: 
48:             pnoiva$manuel goncalves de brito/id=c13-5
49:                ls$titulo/licenciado
50: 
51:             mnoiva$desconhecida/id=c13-6
52: 
53:          test$teodosio mendes/id=c13-7
54:             ls$profissao/padre
55:             ls$residencia/soure
56: 
57:          test$sebastiao/id=c13-8
58:             ls$residencia/soure
59:             rel$parentesco/filho/manuel jorge/c13-r2
60: 
61:          referido$manuel jorge/id=c13-r2
62:             ls$residencia/soure
63: 
64:          referido$alexandre mendes/id=c13-r3
65:             ls$residencia/soure
66:             rel$sociabilidade/procurador no casamento/felicio soares leite/c13-1/obs=procurador do noivo no casamento
67: 
68:       cas$c1696-14/23/1/1696/igreja matriz/luis alvares pinto
69: 
70: cas$c1696-14
70:          noivo$manuel francisco/id=c14-1
71:             ls$residencia/casal dos bechos
72: 
73:             pnoivo$joao francisco/id=c14-2
74:                ls$residencia/casal dos bechos
75: 
76:             mnoivo$sebastiana francisca/id=c14-3
77:                ls$morta/antes
78: 
79:          noiva$maria goncalves/id=c14-4
80:             ls$residencia/casal dos bechos
81: 
82:             pnoiva$manuel goncalves/id=c14-5
83:                ls$residencia/casal das brancas
84: 
85:             mnoiva$domingas francisca/id=c14-6
86: 
87:          test$bras ferreira/id=c14-7
88:             ls$residencia/casal dos bechos
89: 
90:          test$mateus carvalho/id=c14-8
91:             ls$residencia/casais#normalmente do espirito santo
92: 
93:       cas$c1696-15/5/2/1696/igreja matriz/luis alvares pinto
94: 
95: cas$c1696-15
95:          noivo$pascoal rodrigues/id=c15-1
96:             ls$residencia/chao dos carrascos, freguesia da Almagreira/obs=coord 339,152
97:             ls$freguesia/almagreira
98: 
99:             pnoivo$manuel lopes/id=c15-2
100:                ls$morto/antes
101:                ls$residencia/chao dos carrascos, freguesia da Almagreira/obs=coord 339,152
102:                ls$freguesia/almagreira
103: 
104:             mnoivo$maria rodrigues/id=c15-3
105:                ls$residencia/chao dos carrascos, freguesia da Almagreira/obs=coord 339,152
106:                ls$freguesia/almagreira
107: 
108:          noiva$catarina cordeira/id=c15-4
109:             ls$residencia/montais
110: 
111:             pnoiva$manuel cordeiro/id=c15-5
112:                ls$residencia/montais
113:                ls$morto/antes
114: 
115:             mnoiva$isabel pedroso/id=c15-6
116:                ls$morta/antes
117: 
118:          test$simao jorge/id=c15-7
119:             ls$residencia/casal de marzagao
120: 
121:          test$manuel luis/id=c15-8
122:             ls$residencia/santos, freguesia da Gesteira
123:             ls$freguesia/gesteira
124: 
125:          test$manuel jorge/id=c15-9
126:             ls$residencia/santos, freguesia da Gesteira
127:             ls$freguesia/gesteira
128:             ls$alcunha/novo
129: 
130:       cas$c1696-16/6/2/1696/igreja matriz/luis alvares pinto
131: 
132: cas$c1696-16
132:          noivo$manuel antunes/id=c16-1
133:             ls$residencia/casal das brancas
134: 
135:             pnoivo$domingos antunes/id=c16-2
136:                ls$residencia/casal das brancas
137:                ls$morto/antes
138: 
139:             mnoivo$maria mateus/id=c16-3
140:                ls$residencia/casal das brancas
141:                ls$morta/antes
142: 
143:          noiva$mariana rodrigues/id=c16-4
144:             ls$residencia/casal da fonte#junto do casal do espirito santo
145: 
146:             pnoiva$manuel rodrigues/id=c16-5
147:                ls$residencia/casal da fonte#junto do casal do espirito santo
148:                ls$morto/antes
149: 
150:             mnoiva$antonia agostinha/id=c16-6
151:                ls$residencia/casal da fonte#junto do casal do espirito santo
152:                ls$morta/antes
153: 
154:          test$luis ribeiro/id=c16-7
155:             ls$residencia/soure
156: 
157:          test$mateus carvalho/id=c16-8
158:             ls$residencia/casal das brancas
159: 
160:       cas$c1696-17/19/2/1696/igreja matriz/luis alvares pinto
161: 
162: cas$c1696-17
162:          noivo$manuel da silva/id=c17-1
163:             ls$residencia/freguesia da Redinha
164:             ls$freguesia/redinha
165: 
166:             pnoivo$manuel da silva/id=c17-2
167:                ls$residencia/freguesia da Redinha
168:                ls$freguesia/redinha
169:                ls$titulo/mestre
170: 
171:             mnoivo$domingas rodrigues/id=c17-3
172:                ls$residencia/freguesia da Redinha
173:                ls$freguesia/redinha
174:                ls$morto/antes
175: 
176:          noiva$josefa barros/id=c17-4
177:             ls$residencia/soure
178: 
179:             pnoiva$domingos cardoso/id=c17-5
180:                ls$residencia/soure
181: 
182:             mnoiva$ana barros/id=c17-6
183: 
184:          test$jose barbosa canais/id=c17-7
185:             ls$residencia/soure
186: 
187:          test$manuel rodrigues silva/id=c17-8
188:             ls$residencia/freguesia da Redinha
189: 
190:       cas$c1696-18/26/2/1696/igreja matriz/luis alvares pinto
191: 
192: cas$c1696-18
192:          noivo$pedro joao/id=c18-1
193:             ls$residencia/bonitos
194: 
195:             pnoivo$antonio joao/id=c18-2
196:                ls$residencia/bonitos
197: 
198:             mnoivo$maria domingues/id=c18-3
199: 
200:          noiva$catarina francisca/id=c18-4
201: 
202:             pnoiva$joao francisco/id=c18-5
203:                ls$residencia/casal da fonte da bica
204:                ls$morto/antes
205: 
206:             mnoiva$isabel jorge/id=c18-6
207:                ls$residencia/casal da fonte da bica
208: 
209:          test$manuel rodrigues/id=c18-7
210:             ls$residencia/netos, freguesia de Almagreira
211:             ls$freguesia/almagreira
212: 
213:          test$antonio joao/id=c18-8
214:             ls$residencia/casal da fonte da bica
215: 
216:       cas$c1696-19/24/4/1696/igreja matriz/luis alvares pinto
217: 
218: cas$c1696-19
218:          noivo$afonso rodrigues/id=c19-1
219:             ls$residencia/casal cimeiro, freguesia de Tapeus
220:             ls$freguesia/tapeus
221: 
222:             pnoivo$antonio rodrigues/id=c19-2
223:                ls$residencia/casal cimeiro, freguesia de Tapeus
224:                ls$freguesia/tapeus
225: 
226:             mnoivo$ana simoes/id=c19-3
227:                ls$residencia/casal cimeiro, freguesia de Tapeus
228:                ls$freguesia/tapeus
229: 
230:          noiva$maria simoes/id=c19-4
231: 
232:             pnoiva$manuel jorge/id=c19-5
233:                ls$ausente/agora
234:                ls$residencia/presa
235: 
236:             mnoiva$isabel simoes/id=c19-6
237:                ls$residencia/presa
238: 
239:          test$manuel francisco/id=c19-7
240:             ls$residencia/mogadouro
241: 
242:          test$manuel francisco/id=c19-8
243:             ls$residencia/presa
244: 
245:       cas$c1696-20/21/6/1696/igreja matriz/luis alvares pinto
246: 
247: cas$c1696-20
247:          noivo$joao coelho/id=c20-1
248:             ls$residencia/freguesia de Vila Nova de Ancos
249:             ls$freguesia/vila nova de ancos
250: 
251:             pnoivo$manuel mendes/id=c20-2
252:                ls$residencia/freguesia de Vila Nova de Ancos
253:                ls$morto/antes
254:                ls$freguesia/vila nova de ancos
255: 
256:             mnoivo$maria coelho/id=c20-3
257:                ls$residencia/freguesia de Vila Nova de Ancos
258:                ls$freguesia/vila nova de ancos
259: 
260:          noiva$maria cardoso/id=c20-4
261: 
262:             pnoiva$simao luis/id=c20-5
263:                ls$residencia/casal da corujeira
264: 
265:             mnoiva$maria simoes/id=c20-6
266: 
267:          test$manuel cardoso/id=c20-7
268:             ls$residencia/paleao
269: 
270:          test$carlos vaz/id=c20-8
271:             ls$residencia/freguesia de Vila Nova de Ancos
272:             ls$freguesia/vila nova de ancos
273:             ls$profissao/padre
274: 
275:       cas$c1696-21/21/6/1696/igreja matriz/luis alvares pinto
276: 
277: cas$c1696-21
277:          noivo$antonio goncalves/id=c21-1
278:             ls$residencia/mogadouro
279: 
280:             pnoivo$antonio goncalves/id=c21-2
281:                ls$residencia/mogadouro
282: 
283:             mnoivo$isabel martins/id=c21-3
284:                ls$morta/antes
285: 
286:          noiva$maria rodrigues/id=c21-4
287: 
288:             pnoiva$manuel francisco/id=c21-5
289:                ls$morto/antes
290:                ls$residencia/sobral
291: 
292:             mnoiva$isabel rodrigues/id=c21-6
293:                ls$residencia/sobral
294: 
295:          test$simao goncalves/id=c21-7
296:             ls$residencia/freguesia da almagreira
297:             ls$freguesia/almagreira
298: 
299:          test$domingos luis/id=c21-8
300:             ls$residencia/mogadouro
301: 
302:       cas$c1696-22/8/7/1696/igreja matriz/luis alvares pinto
303: 
304: cas$c1696-22
304:          noivo$francisco rodrigues/id=c22-1
305:             ls$residencia/moinhos do paleao
306: 
307:             pnoivo$antonio da gante/id=c22-2
308:                ls$residencia/moinhos do paleao
309: 
310:             mnoivo$maria rodrigues/id=c22-3
311: 
312:          noiva$ana pereira/id=c22-4
313: 
314:             pnoiva$manuel pereira/id=c22-5
315:                ls$residencia/paleao
316: 
317:             mnoiva$maria gomes/id=c22-6
318: 
319:          test$mateus jorge/id=c22-7
320:             ls$residencia/paleao
321: 
322:          test$joao cunha/id=c22-8
323:             ls$residencia/paleao
324: 
325:       cas$c1696-23/8/7/1696/igreja matriz/luis alvares pinto
326: 
327: cas$c1696-23
327:          noivo$domingos rodrigues/id=c23-1
328:             ls$residencia/bonitos
329: 
330:             pnoivo$francisco joao/id=c23-2
331:                ls$residencia/bonitos
332: 
333:             mnoivo$maria joao/id=c23-3
334: 
335:          noiva$domingas carvalho/id=c23-4
336: 
337:             pnoiva$manuel joao/id=c23-5
338:                ls$residencia/casais da misericordia
339:                ls$ec/v
340: 
341:             mnoiva$domingas carvalho/id=c23-6
342:                ls$morta/antes
343: 
344:          test$domingos luis/id=c23-7
345:             ls$residencia/mogadouro
346: 
347:          test$matias costa/id=c23-8
348:             ls$residencia/bonitos
349: 
350:       cas$c1696-24/10/7/1696/igreja matriz/luis alvares pinto
351: 
352: cas$c1696-24
352:          noivo$manuel rodrigues/id=c24-1
353:             ls$residencia/porto das cabras
354: 
355:             pnoivo$antonio simoes/id=c24-2
356:                ls$residencia/porto das cabras
357: 
358:             mnoivo$maria madeira/id=c24-3
359:                ls$morta/antes
360: 
361:          noiva$isabel rodrigues/id=c24-4
362: 
363:             pnoiva$mateus rodrigues/id=c24-5
364:                ls$residencia/porto coelheiro
365: 
366:             mnoiva$maria gomes/id=c24-6
367: 
368:          test$paulo ribeiro cabral/id=c24-7
369:             ls$residencia/soure
370:             ls$cargo/capitao-mor de Soure
371: 
372:          test$joao costa vasconcelos/id=c24-8/mesmo_que=c12-7

WARNING: c1696.cli line 372 destination id of "same as" not found. Will check again at the end of file.
Near line: 372          test$joao costa vasconcelos/id=c24-8/mesmo_que=c12-7
Near line: 373             ls$residencia/soure

373:             ls$residencia/soure
374: 
375:       cas$c1696-25/10/7/1696/igreja matriz/luis alvares pinto
376: 
377: cas$c1696-25
377:          noivo$antonio rodrigues/id=c25-1
378:             ls$residencia/porto das cabras
379: 
380:             pnoivo$antonio simoes/id=c25-2/mesmo_que=c24-2
381: 
382:             mnoivo$maria madeira/id=c25-3/mesmo_que=c24-3
383:                ls$morta/antes
384: 
385:          noiva$teresa rodrigues/id=c25-4
386: 
387:             pnoiva$mateus rodrigues/id=c25-5/mesmo_que=c24-5
388: 
389:             mnoiva$maria gomes/id=c25-6/mesmo_que=c24-6
390: 
391:          test$paulo ribeiro cabral/id=c25-7/mesmo_que=c24-7
392: 
393:          test$joao costa vasconcelos/id=c25-8/mesmo_que=c12-7
394: 

WARNING: c1696.cli line 394 destination id of "same as" not found. Will check again at the end of file.
Near line: 394 
Near line: 395       cas$c1696-26/15/7/1696/igreja matriz/jose pinto

395:       cas$c1696-26/15/7/1696/igreja matriz/jose pinto
396: 
397: cas$c1696-26
397:          noivo$jose ferreira/id=c26-1
398:             ls$residencia/casal dos bechos
399: 
400:             pnoivo$bras ferreira/id=c26-2
401:                ls$residencia/casal dos bechos
402: 
403:             mnoivo$maria jorge/id=c26-3
404: 
405:          noiva$maria jorge/id=c26-4
406: 
407:             pnoiva$manuel jorge/id=c26-5
408:                ls$residencia/casais do espirito santo
409: 
410:             mnoiva$mariana francisca/id=c26-6
411: 
412:          test$domingos goncalves/id=c26-7/mesmo_que=c2-7
413: 

WARNING: c1696.cli line 413 destination id of "same as" not found. Will check again at the end of file.
Near line: 413 
Near line: 414          test$luis cordeiro/id=c26-8

414:          test$luis cordeiro/id=c26-8
415:             ls$residencia/soure
416:             ls$cargo/tesoureiro da igreja de Soure%... da igreja matriz
417: 
418:       cas$c1696-27/22/7/1696/igreja matriz/luis alvares pinto
419: 
420: cas$c1696-27
420:          noivo$bartolomeu almeida/id=c27-1
421:             ls$residencia/freguesia de condeixa-a-velha
422:             ls$freguesia/condeixa-a-velha
423: 
424:             pnoivo$francisco almeida/id=c27-2
425:                ls$freguesia/condeixa-a-velha
426:                ls$residencia/freguesia de condeixa-a-nova
427: 
428:             mnoivo$antonia domingues/id=c27-3
429:                ls$freguesia/condeixa-a-velha
430:                ls$residencia/freguesia de condeixa-a-nova
431: 
432:          noiva$francisca rodrigues/id=c27-4
433: 
434:             pnoiva$pedro domingues/id=c27-5
435:                ls$residencia/paleao
436:                ls$morto/antes
437: 
438:             mnoiva$francisca rodrigues/id=c27-6
439:                ls$residencia/paleao
440: 
441:          test$manuel rodrigues alvaro/id=c27-7/mesmo_que=c2-8
442: 

WARNING: c1696.cli line 442 destination id of "same as" not found. Will check again at the end of file.
Near line: 442 
Near line: 443          test$simao jorge/id=c27-8

443:          test$simao jorge/id=c27-8
444:             ls$residencia/paleao
445: 
446:          test$joao oliveira/id=c27-9
447:             ls$residencia/paleao
448: 
449:       cas$c1696-28/6/8/1696/igreja matriz/luis alvares pinto
450: 
451: cas$c1696-28
451:          noivo$manuel lopes/id=c28-1
452:             ls$residencia/casal novo
453: 
454:             pnoivo$manuel lopes/id=c28-2
455:                ls$residencia/casal novo
456:                ls$morto/antes
457: 
458:             mnoivo$catarina francisca/id=c28-3
459:                ls$residencia/casal novo
460: 
461:          noiva$maria rodrigues/id=c28-4
462: 
463:             pnoiva$manuel simoes/id=c28-5
464:                ls$residencia/casa velha
465: 
466:             mnoiva$maria goncalves/id=c28-6
467:                ls$residencia/casa velha
468:                ls$morta/antes
469: 
470:          test$manuel simoes/id=c28-7/obs=provavelmente o mesmo que c7-7
471:             ls$residencia/casa velha
472:             ls$alcunha/moco
473: 
474:          test$manuel rodrigues/id=c28-8
475:             ls$residencia/casa velha
476:             ls$profissao/sapateiro
477: 
478:       cas$c1696-29/21/8/1696/igreja matriz/luis alvares pinto
479: 
480: cas$c1696-29
480:          noivo$domingos rodrigues/id=c29-1
481:             ls$residencia/casa velha
482: 
483:             pnoivo$manuel rodrigues cardeal?/id=c29-2
484:                ls$residencia/casa velha
485:                ls$morto/antes
486: 
487:             mnoivo$isabel francisca/id=c29-3
488:                ls$morta/antes
489: 
490:          noiva$isabel luis/id=c29-4
491: 
492:             pnoiva$manuel luis/id=c29-5
493:                ls$residencia/casa velha
494: 
495:             mnoiva$isabel francisca/id=c29-6
496: 
497:          test$domingos lopes/id=c29-7
498: 
499:          test$manuel simoes/id=c29-8/mesmo_que=c28-7
500: 
501:       cas$c1696-30/21/8/1696/igreja matriz/luis alvares pinto
502: 
503: cas$c1696-30
503:          noivo$manuel luis/id=c30-1
504:             ls$residencia/casconho
505: 
506:             pnoivo$manuel luis/id=c30-2
507:                ls$residencia/casconho
508: 
509:             mnoivo$isabel lopes/id=c30-3
510: 
511:          noiva$maria domingues/id=c30-4
512: 
513:             pnoiva$simao domingues/id=c30-5
514:                ls$residencia/casconho
515: 
516:             mnoiva$isabel simoes/id=c30-6
517: 
518:          test$pedro rodrigues/id=c30-7
519:             ls$residencia/casconho
520: 
521:          test$simao domingues#quase de certza irmao da noiva/m/id=c30-8
522:             ls$residencia/casconho
523: 
524:          test$manuel domingues/id=c30-9
525:             ls$residencia/casconho
526: 
527:       cas$c1696-31/21/8/1696/igreja matriz/luis alvares pinto
528: 
529: cas$c1696-31
529:          noivo$simao domingues/id=c31-1/mesmo_que=c30-8
530:             ls$residencia/casconho
531: 
532:             pnoivo$simao domingues/id=c31-2/mesmo_que=c30-5
533: 
534:             mnoivo$isabel simoes/id=c31-3/mesmo_que=c30-6
535: 
536:          noiva$isabel lopes/id=c31-4
537: 
538:             pnoiva$manuel luis/id=c31-5/mesmo_que=c30-2
539: 
540:             mnoiva$isabel lopes/id=c31-6/mesmo_que=c30-3
541: 
542:          test$pedro rodrigues/id=c31-7/mesmo_que=c30-7
543:             ls$residencia/casconho
544: 
545:          test$manuel rodrigues/id=c31-8
546:             ls$residencia/casconho
547: 
548:       cas$c1696-32/27/8/1696/igreja matriz/luis alvares pinto
549: 
550: cas$c1696-32
550:          noivo$manuel goncalves/id=c32-1
551:             ls$residencia/mogadouro
552: 
553:             pnoivo$gaspar francisco/id=c32-2
554:                ls$residencia/mogadouro
555: 
556:             mnoivo$maria madeira/id=c32-3
557: 
558:          noiva$ana rodrigues/id=c32-4
559:             ls$residencia/barrosas
560: 
561:             pnoiva$luis joao/id=c32-5
562:                ls$residencia/carvalhal, freguesia de Tapeus
563:                ls$freguesia/tapeus
564: 
565:             mnoiva$ana rodrigues/id=c32-6
566:                ls$residencia/carvalhal, freguesia de Tapeus
567:                ls$morta/antes
568:                ls$freguesia/tapeus
569: 
570:          test$joao rodrigues/id=c32-7
571:             ls$residencia/sobral
572: 
573:          test$domingos luis/id=c32-8
574:             ls$residencia/mogadouro
575: 
576:          test$antonio goncalves/id=c32-9
577:             ls$residencia/mogadouro
578: 
579:       cas$c1696-33/29/8/1696/igreja matriz/luis alvares pinto
580: 
581: cas$c1696-33
581:          noivo$antonio rodrigues/id=c33-1
582:             ls$residencia/alencarce
583: 
584:             pnoivo$manuel rodrigues/id=c33-2
585:                ls$residencia/alencarce
586: 
587:             mnoivo$maria rodrigues/id=c33-3
588:                ls$morta/antes
589: 
590:          noiva$maria simoes/id=c33-4
591: 
592:             pnoiva$manuel antunes/id=c33-5
593:                ls$residencia/alencarce
594:                ls$morto/antes
595: 
596:             mnoiva$isabel simoes/id=c33-6
597:                ls$morta/antes
598: 
599:          test$manuel alves/id=c33-7
600:             ls$residencia/alencarce de cima
601: 
602:          test$manuel rodrigues/id=c33-8
603:             ls$residencia/alencarce de cima
604: 
605:          test$luis rodrigues/id=c33-9
606:             ls$residencia/podengos
607: 
608:       cas$c1696-34/26/9/1696/igreja matriz/luis alvares pinto/obs=comparar com o casamento 19
609: 
610: cas$c1696-34
610:          noivo$joao rodrigues/id=c34-1
611:             ls$residencia/casal cimeiro, freguesia de Tapeus
612: 
613:             pnoivo$antonio rodrigues/id=c34-2/mesmo_que=c19-2
614: 
615:             mnoivo$ana simoes/id=c34-3/mesmo_que=c19-3
616: 
617:          noiva$maria mateus/id=c34-4
618: 
619:             pnoiva$manuel jorge/id=c34-5
620:                ls$residencia/casal da presa
621:                ls$morto/antes
622: 
623:             mnoiva$maria mateus/id=c34-6
624:                ls$morta/antes
625: 
626:          test$afonso rodrigues/id=c34-7/obs=provavelmente o mesmo que o noivo do casamento 19. Se assim for notar que os noivos ficaram a viver perto dos pais da noiva
627:             ls$residencia/presa
628: 
629:          test$manuel rodrigues alvaro/id=c34-8/mesmo_que=c2-8
630: 

WARNING: c1696.cli line 630 destination id of "same as" not found. Will check again at the end of file.
Near line: 630 
Near line: 631          test$joao/id=c34-9

631:          test$joao/id=c34-9
632:             ls$residencia/soure
633:             ls$cargo/tesoureiro da igreja de soure
634: 
635:       cas$c1696-35/30/9/1696/igreja matriz/luis alvares pinto
636: 
637: cas$c1696-35
637:          noivo$jose gomes/id=c35-1
638:             ls$residencia/loureira, freguesia de Abiul
639: 
640:             pnoivo$manuel fernandes/id=c35-2
641:                ls$residencia/loureira, freguesia de Abiul
642: 
643:             mnoivo$helena luis/id=c35-3
644:                ls$residencia/loureira, freguesia de Abiul
645: 
646:          noiva$maria simoes/id=c35-4
647: 
648:             pnoiva$antonio ferreira/id=c35-5
649:                ls$residencia/paleao
650: 
651:             mnoiva$maria simoes/id=c35-6
652: 
653:          test$antonio mendes#sera manhos? verificar/m/id=c35-7
654:             ls$residencia/paleao
655: 
656:          test$joao soares/id=c35-8
657:             ls$residencia/paleao
658: 
659:          test$manuel gomes/id=c35-9
660:             ls$residencia/paleao
661:             ls$profissao/sapateiro
662: 
663:       cas$c1696-36/7/10/1696/igreja matriz/luis alvares pinto
664: 
665: cas$c1696-36
665:          noivo$manuel ferreira/id=c36-1
666:             ls$residencia/soure
667: 
668:             pnoivo$joao ferreira/id=c36-2
669:                ls$residencia/soure
670: 
671:             mnoivo$francisca rodrigues/id=c36-3
672:                ls$morta/antes
673: 
674:          noiva$antonia rodrigues/id=c36-4
675: 
676:             pnoiva$antonio goncalves cavacho/id=c36-5
677:                ls$morto/antes
678:                ls$residencia/alencarce de cima
679: 
680:             mnoiva$maria isabel goncalves/id=c36-6
681:                ls$morta/antes
682: 
683:          test$paulo ribeiro cabral/id=c36-7/mesmo_que=c24-7
684: 
685:          test$manuel rodrigues alvaro/id=c36-8/mesmo_que=c2-8
686: 

WARNING: c1696.cli line 686 destination id of "same as" not found. Will check again at the end of file.
Near line: 686 
Near line: 687          test$francisco ferreira/id=c36-9

687:          test$francisco ferreira/id=c36-9
688:             ls$residencia/soure
689: 
690:       cas$c1696-37/7/10/1696/igreja da misericordia/padre frei manuel duarte de morais#capelao da misericordia
691: 
692: cas$c1696-37
692:          referido$manuel duarte de morais/id=c37-r1
693:             ls$profissao/padre
694:             ls$titulo/frei
695:             ls$cargo/capelao da misericordia
696: 
697:          noivo$manuel gomes/id=c37-1
698:             ls$residencia/soure
699: 
700:             pnoivo$simao gomes/id=c37-2
701:                ls$residencia/soure
702: 
703:             mnoivo$isabel ferreira/id=c37-3
704: 
705:          noiva$antonia dias/id=c37-4
706: 
707:             pnoiva$manuel tome/id=c37-5
708:                ls$residencia/casal da charneca
709:                ls$morto/antes
710: 
711:             mnoiva$maria dias/id=c37-6
712:                ls$residencia/casal da charneca
713:                ls$ec/v
714: 
715:          test$luis manhos de abreu/id=c37-7
716:             ls$residencia/soure
717: 
718:          test$luis coelho dos reis/id=c37-8
719:             ls$residencia/soure
720: 
721:          test$simao gomes/id=c37-9
722:             ls$residencia/soure
723: 
724:       cas$c1696-38/22/10/1696/igreja matriz/luis alvares pinto
725: 
726: cas$c1696-38
726:          noivo$miguel costa/id=c38-1
727:             ls$residencia/formoselha, freguesia de santo varao
728:             ls$freguesia/santo varao
729: 
730:             pnoivo$joao costa/id=c38-2
731:                ls$residencia/formoselha, freguesia de santo varao
732:                ls$freguesia/santo varao
733:                ls$morto/antes
734: 
735:             mnoivo$catarina jorge/id=c38-3
736:                ls$residencia/formoselha, freguesia de santo varao
737:                ls$freguesia/santo varao
738:                ls$morta/antes
739: 
740:          noiva$maria aires/id=c38-4
741: 
742:             pnoiva$manuel aires/id=c38-5
743:                ls$residencia/paleao
744:                ls$morto/antes
745: 
746:             mnoiva$antonia rodrigues/id=c38-6
747:                ls$morta/antes
748:                ls$residencia/paleao
749: 
750:          test$manuel gomes derreado?/id=c38-7
751:             ls$residencia/paleao
752: 
753:          test$manuel gomes#ver test.a 3 do cas. 35/m/id=c38-8
754:             ls$residencia/paleao
755:             ls$profissao/sapateiro
756: 
757:          test$manuel/id=c38-9
758:             ls$cargo/tesoureiro
759: 
760:       cas$c1696-39/24/10/1696/Coimbra, freguesia de S.Joao de Almedina/Padre Pedro Cardoso, da freguesia de Almedina de Coimbra#por certidao do paroco Pedro Cardoso
761: 
762: cas$c1696-39
762:          noivo$jose mendes/id=c39-1
763:             ls$residencia/soure
764: 
765:             pnoivo$joao mendes/id=c39-2
766: 
767:             mnoivo$maria coelho/id=c39-3
768: 
769:          noiva$maria ribeiro/id=c39-4/obs=quase de certeza ilegitima
770:             ls$residencia/soure
771: 
772:             pnoiva$joao ribeiro/id=c39-5
773:                ls$residencia/freguesia da redinha
774:                ls$freguesia/redinha
775: 
776:             mnoiva$francisca silveira/id=c39-6
777:                ls$residencia/soure
778: 
779:       cas$c1696-40/12/11/1696/igreja da misericordia/frei manuel Duarte, capela da misericordia
780: 
781: cas$c1696-40
781:          noivo$manuel martins/id=c40-1
782:             ls$residencia/casal do paul
783: 
784:             pnoivo$manuel martins/id=c40-2
785:                ls$residencia/casal do paul
786:                ls$morto/antes
787: 
788:             mnoivo$isabel simoes/id=c40-3
789:                ls$residencia/casal do paul
790: 
791:          noiva$antonia simoes/id=c40-4
792: 
793:             pnoiva$manuel vaz/id=c40-5
794:                ls$residencia/pinheiro
795:                ls$morto/antes
796: 
797:             mnoiva$domingas simoes/id=c40-6
798:                ls$residencia/pinheiro
799: 
800:          test$luis manhos de abreu/id=c40-7/mesmo_que=c37-7
801: 
802:          test$paulo ribeiro cabral/id=c40-8/mesmo_que=c24-7
803: 
804:          test$antonio manhos/id=c40-9/mesmo_que=c5-7
805: 

WARNING: c1696.cli line 805 destination id of "same as" not found. Will check again at the end of file.
Near line: 805 
Near line: 806       cas$c1696-41/22/11/1696/igreja matriz/padre Manuel Rodrigues Alvaro

806:       cas$c1696-41/22/11/1696/igreja matriz/padre Manuel Rodrigues Alvaro
807: 
808: cas$c1696-41
808:          referido$manuel rodrigues alvaro/id=c41-r1/mesmo_que=c2-8

WARNING: c1696.cli line 808 destination id of "same as" not found. Will check again at the end of file.
Near line: 808          referido$manuel rodrigues alvaro/id=c41-r1/mesmo_que=c2-8
Near line: 809             ls$profissao/padre/obs=celebra o casamento 41 em 22-11-1696

809:             ls$profissao/padre/obs=celebra o casamento 41 em 22-11-1696
810: 
811:          noivo$jose vieira/id=c41-1
812:             ls$residencia/soure
813: 
814:             pnoivo$francisco carvao?/id=c41-2
815:                ls$residencia/soure
816: 
817:             mnoivo$maria vieira/id=c41-3
818:                ls$residencia/soure
819:                ls$morta/antes
820: 
821:          noiva$natalia rodrigues/id=c41-4
822: 
823:             pnoiva$antonio goncalves/id=c41-5
824:                ls$residencia/soure
825: 
826:             mnoiva$maria rodrigues/id=c41-6
827: 
828:          test$antonio machado/id=c41-7
829:             ls$residencia/soure
830: 
831:          test$jose rodrigues/id=c41-8
832:             ls$residencia/soure
833:             ls$profissao/barbeiro
834: 
835:          test$manuel carvalho vieira/id=c41-9/obs=deve ter relacao com a familia do noivo no casamento 41
836:             ls$residencia/soure
837: 
838:       cas$c1696-42/23/11/1696/igreja matriz/luis alvares pinto
839: 
840: cas$c1696-42
840:          noivo$lourenco rodrigues/id=c42-1
841:             ls$residencia/formigal, freguesia de vinha da rainha
842:             ls$freguesia/vinha da rainha
843: 
844:             pnoivo$manuel domingues/id=c42-2
845:                ls$residencia/formigal, freguesia de vinha da rainha
846:                ls$freguesia/vinha da rainha
847: 
848:             mnoivo$maria rodrigues/id=c42-3
849:                ls$residencia/formigal, freguesia vinha da rainha
850:                ls$freguesia/vinha da rainha
851:                ls$morta/antes
852: 
853:          noiva$maria rodrigues/id=c42-4
854: 
855:             pnoiva$manuel rodrigues/id=c42-5
856:                ls$residencia/vale da borra
857: 
858:             mnoiva$maria goncalves/id=c42-6
859: 
860:          test$joao simoes/id=c42-7
861:             ls$residencia/vale da borra
862: 
863:          test$domingos goncalves vargas/id=c42-8
864:             ls$residencia/vale da borra
865: 
866:          test$manuel jorge/id=c42-9
867:             ls$residencia/santo isidoro, freguesia de vinha da rainha
868:             ls$freguesia/vinha da rainha
869:             ls$alcunha/moco#mosso
870: 
871:       cas$c1696-43/28/11/1696/ermida de s.tome#por um despacho da mesa episcopal/luis alvares pinto
872: 
873: cas$c1696-43
873:          noivo$joao mesquita da silva/id=c43-1
874:             ls$residencia/freguesia de torres novas, bispado de lisboa
875:             ls$freguesia/torres novas
876:             ls$bispado/lisboa
877: 
878:             pnoivo$jorge mesquita da silva/id=c43-2
879:                ls$residencia/freguesia de torres novas, bispado de lisboa
880:                ls$freguesia/torres novas
881:                ls$bispado/lisboa
882: 
883:             mnoivo$catarina borges freire/id=c43-3
884:                ls$residencia/freguesia de torres novas bispado de lisboa
885:                ls$freguesia/torres novas
886:                ls$bispado/lisboa
887:                ls$morta/antes
888:                ls$titulo/dona
889: 
890:          noiva$helena da silva e vasconcelos?#REVER/f/id=c43-4
891: 
892:             pnoiva$paulo ribeiro cabral/id=c43-5/mesmo_que=c24-7
893:                ls$residencia/quinta de s.tome
894: 
895:             mnoiva$maria da gante de vasconcelos/id=c43-6
896:                ls$titulo/dona
897: 
898:          test$joao costa vasconcelos/id=c43-7/mesmo_que=c12-7

WARNING: c1696.cli line 898 destination id of "same as" not found. Will check again at the end of file.
Near line: 898          test$joao costa vasconcelos/id=c43-7/mesmo_que=c12-7
Near line: 899             ls$residencia/soure

899:             ls$residencia/soure
900: 
901:          test$luis ribeiro/id=c43-8
902:             ls$residencia/soure
903:             ls$profissao/padre
904: 
905:          test$nuno alvares/id=c43-9
906:             ls$residencia/freguesia de vila nova de ancos
907:             ls$freguesia/vila nova de ancos
908: 
909:          test$joao fonseca/id=c43-10
910:             ls$residencia/abiul, freguesia de abiul
911:             ls$freguesia/abiul
912: 
913:       cas$c1696-44/10/12/1696/igreja matriz/luis alvares pinto/obs=falta aqui um assento que foi transcrito fora de ordem mais adiante
914: 
915: cas$c1696-44
915:          noivo$manuel madeira/id=c44-1
916:             ls$residencia/casal do pinheiro
917: 
918:             pnoivo$manuel madeira/id=c44-2
919:                ls$residencia/casal do pinheiro
920:                ls$morto/antes
921: 
922:             mnoivo$antonia francisca/id=c44-3
923:                ls$residencia/casal do pinheiro
924: 
925:          noiva$maria jorge/id=c44-4
926: 
927:             pnoiva$manuel vaz/id=c44-5
928:                ls$residencia/casal das galinhas
929: 
930:             mnoiva$maria jorge/id=c44-6
931: 
932:          test$mateus mendes/id=c44-7
933:             ls$residencia/casal do pinheiro
934: 
935:          test$antonio martins/id=c44-8
936:             ls$residencia/casal do pinheiro
937: 
938:          test$francisco lopes/id=c44-9
939:             ls$residencia/casal do pinheiro
940: 
941:       cas$c1696-45/10/12/1696/igreja matriz/luis alvares pinto
942: 
943: cas$c1696-45
943:          noivo$antonio bras/id=c45-1
944:             ls$residencia/casal do gabriel
945: 
946:             pnoivo$gabriel bras/id=c45-2
947:                ls$residencia/casal do gabriel
948:                ls$morto/antes
949: 
950:             mnoivo$isabel rodrigues/id=c45-3
951:                ls$residencia/casal do gabriel
952: 
953:          noiva$antonia goncalves/id=c45-4
954:             ls$residencia/carvalheira de baixo
955: 
956:             pnoiva$domingos pires/id=c45-5
957:                ls$residencia/carvalheira de baixo
958:                ls$morto/antes
959: 
960:             mnoiva$isabel joao/id=c45-6
961:                ls$residencia/carvalheira de baixo
962:                ls$morta/antes
963: 
964:          test$antonio ferreira/id=c45-7
965:             ls$residencia/casal do leonel
966: 
967:          test$manuel goncalves/id=c45-8
968:             ls$residencia/casal do leonel
969: 
970:          test$manuel rodrigues alvaro/id=c45-9/mesmo_que=c2-8

WARNING: c1696.cli line 970 destination id of "same as" not found. Will check again at the end of file.
Near line: 970          test$manuel rodrigues alvaro/id=c45-9/mesmo_que=c2-8
Near line: 971             ls$residencia/soure

971:             ls$residencia/soure
972: 
973:       cas$c1696-46/17/12/1696/igreja matriz/luis alvares pinto
974: 
975: cas$c1696-46
975:          noivo$alexandre rodrigues/id=c46-1
976:             ls$residencia/casais do espirito santo
977: 
978:             pnoivo$manuel rodrigues/id=c46-2
979:                ls$residencia/casais do espirito santo
980:                ls$morto/antes
981: 
982:             mnoivo$antonia agostinha/id=c46-3
983:                ls$morta/antes
984: 
985:          noiva$luisa mateus/id=c46-4
986:             ls$residencia/casal das brancas
987: 
988:             pnoiva$domingos antunes/id=c46-5
989:                ls$residencia/casal das brancas
990:                ls$morto/antes
991: 
992:             mnoiva$maria mateus/id=c46-6
993:                ls$residencia/casal das brancas
994:                ls$morta/antes
995: 
996:          test$domingos goncalves/id=c46-7/mesmo_que=c2-7

WARNING: c1696.cli line 996 destination id of "same as" not found. Will check again at the end of file.
Near line: 996          test$domingos goncalves/id=c46-7/mesmo_que=c2-7
Near line: 997             ls$residencia/casais do espirito santo

997:             ls$residencia/casais do espirito santo
998: 
999:          test$manuel rodrigues alvaro/id=c46-8/mesmo_que=c2-8

WARNING: c1696.cli line 999 destination id of "same as" not found. Will check again at the end of file.
Near line: 999          test$manuel rodrigues alvaro/id=c46-8/mesmo_que=c2-8
Near line: 1000             ls$residencia/soure

1000:             ls$residencia/soure
1001: 
1002:          test$antonio rodrigues/id=c46-9
1003:             ls$residencia/miraflores
1004: *** End of File
ERROR:  Could not find same_as id c12-7 referred in line 24. If  original reference is on another file use xsame_as

ERROR:  Could not find same_as id c12-7 referred in line 373. If  original reference is on another file use xsame_as

ERROR:  Could not find same_as id c12-7 referred in line 395. If  original reference is on another file use xsame_as

ERROR:  Could not find same_as id c2-7 referred in line 414. If  original reference is on another file use xsame_as

ERROR:  Could not find same_as id c2-8 referred in line 443. If  original reference is on another file use xsame_as

ERROR:  Could not find same_as id c2-8 referred in line 631. If  original reference is on another file use xsame_as

ERROR:  Could not find same_as id c2-8 referred in line 687. If  original reference is on another file use xsame_as

ERROR:  Could not find same_as id c5-7 referred in line 806. If  original reference is on another file use xsame_as

ERROR:  Could not find same_as id c2-8 referred in line 809. If  original reference is on another file use xsame_as

ERROR:  Could not find same_as id c12-7 referred in line 899. If  original reference is on another file use xsame_as

ERROR:  Could not find same_as id c2-8 referred in line 971. If  original reference is on another file use xsame_as

ERROR:  Could not find same_as id c2-7 referred in line 997. If  original reference is on another file use xsame_as

ERROR:  Could not find same_as id c2-8 referred in line 1000. If  original reference is on another file use xsame_as

13  errors. 
13  warnings.
Translation finished.
