ClioInput - version 2019.A1 - build 507 15/07/2019 21:58 
7-4-2020 17-46

Processing data file c1698.cli
-------------------------------------------
Generic Act translation module with geoentities (XML).
     Joaquim Ramos de Carvalho (joaquim@uc.pt) 
** New document: kleio
=========================
kleio translation started
=========================
Structure: gacto.str
Prefix: 
Autorel: 
Translation count: 3
Obs: 
** Processing source fonte$casamentos 1698
6: cas$c1698-95
36: cas$c1698-96
70: cas$c1698-97
99: cas$c1698-98
129: cas$c1698-99
166: cas$c1698-100
194: cas$c1698-101
225: cas$c1698-102
253: cas$c1698-103
277: cas$c1698-104
301: cas$c1698-105
332: cas$c1698-106
356: cas$c1698-107
381: cas$c1698-108
405: cas$c1698-109
433: cas$c1698-110
468: cas$c1698-111
492: cas$c1698-112
526: cas$c1698-113
557: cas$c1698-114
579: cas$c1698-115
612: cas$c1698-116
642: cas$c1698-117
672: cas$c1698-118
689: cas$c1698-119
716: cas$c1698-120
741: cas$c1698-121
770: cas$c1698-120a
*** End of File
** Processed file- /kleio-home/sources/soure-fontes/sources/soure_fase1/casamentos/c1698.cli
** Original file- /kleio-home/sources/soure-fontes/sources/soure_fase1/casamentos/c1698.org
** Previous version- /kleio-home/sources/soure-fontes/sources/soure_fase1/casamentos/c1698.old
** Temp file with ids- /kleio-home/sources/soure-fontes/sources/soure_fase1/casamentos/c1698.ids
0  errors. 
0  warnings.
Translation finished.
