ClioInput - version @@VERSION@@ - build @@BUILD@@ @@DATE@@
10-8-2018 14-4

Processing data file /Users/jrc/mhk-home/sources/soure/documents/casamentos/c1693.cli
-------------------------------------------
Generic Act translation module with geoentities (XML).
     Joaquim Ramos de Carvalho (joaquim@uc.pt) 
** New document: kleio
=========================
kleio translation started
=========================
Structure: gacto.str
Prefix: 
Autorel: 
Translation count: 1
Obs: 
** Processing source fonte$casamentos 1693
6: cas$c1693.1
31: cas$c1693.2
54: cas$c1693.3

/Users/jrc/mhk-home/sources/soure/documents/casamentos/c1693.cli:76:destination id of "same as" not found. Will check again at the end of file.


WARNING: c1693.cli line 75 destination id of "same as" not found. Will check again at the end of file.
Near line: 75 
Near line: 76       cas$c1693.4/1/2/1693/igreja matriz/luis alvares pinto

78: cas$c1693.4
100: cas$c1693.5
126: cas$c1693.6

/Users/jrc/mhk-home/sources/soure/documents/casamentos/c1693.cli:148:destination id of "same as" not found. Will check again at the end of file.


WARNING: c1693.cli line 147 destination id of "same as" not found. Will check again at the end of file.
Near line: 147          test$joao/mesmo_que=joaotesoura/id=c1693.6-per9
Near line: 148             ls$residencia/soure

152: cas$c1693.7
178: cas$c1693.8
201: cas$c1693.9
226: cas$c1693.10

/Users/jrc/mhk-home/sources/soure/documents/casamentos/c1693.cli:228:destination id of "same as" not found. Will check again at the end of file.


WARNING: c1693.cli line 227 destination id of "same as" not found. Will check again at the end of file.
Near line: 227 
Near line: 228             pnoivo$rodrigo homem de quadros/id=c1693.10-per2


/Users/jrc/mhk-home/sources/soure/documents/casamentos/c1693.cli:236:destination id of "same as" not found. Will check again at the end of file.


WARNING: c1693.cli line 235 destination id of "same as" not found. Will check again at the end of file.
Near line: 235          noiva$isabel maria de castelo branco/mesmo_que=c6-7-isa/id=c1693.10-per4
Near line: 236             ls$nome/isabel maria de castelo branco

253: cas$c1693.11
276: cas$c1693.12

/Users/jrc/mhk-home/sources/soure/documents/casamentos/c1693.cli:292:destination id of "same as" not found. Will check again at the end of file.


WARNING: c1693.cli line 291 destination id of "same as" not found. Will check again at the end of file.
Near line: 291          test$sebastiao machado da costa/mesmo_que=c12-8/id=c1693.12-per7
Near line: 292             ls$nome/sebastiao machado


/Users/jrc/mhk-home/sources/soure/documents/casamentos/c1693.cli:297:destination id of "same as" not found. Will check again at the end of file.


WARNING: c1693.cli line 296 destination id of "same as" not found. Will check again at the end of file.
Near line: 296 
Near line: 297       cas$c1693.13/17/5/1693/igreja matriz/jose pinto

299: cas$c1693.13

/Users/jrc/mhk-home/sources/soure/documents/casamentos/c1693.cli:321:destination id of "same as" not found. Will check again at the end of file.


WARNING: c1693.cli line 320 destination id of "same as" not found. Will check again at the end of file.
Near line: 320          test$joao/mesmo_que=joaotesoura/id=c1693.13-per9
Near line: 321             ls$residencia/soure

325: cas$c1693.14
347: cas$c1693.15
370: cas$c1693.16
392: cas$c1693.17
416: cas$c1693.18
441: cas$c1693.19
470: cas$c1693.20
496: cas$c1693.21
522: cas$c1693.22
546: cas$c1693.23
572: cas$c1693.24
598: cas$c1693.25
625: cas$c1693.26

/Users/jrc/mhk-home/sources/soure/documents/casamentos/c1693.cli:647:destination id of "same as" not found. Will check again at the end of file.


WARNING: c1693.cli line 646 destination id of "same as" not found. Will check again at the end of file.
Near line: 646 
Near line: 647       cas$c1693.27/10/9/1693/ermida de s.mateus/manuel duarte de porto panelas

649: cas$c1693.27

/Users/jrc/mhk-home/sources/soure/documents/casamentos/c1693.cli:651:destination id of "same as" not found. Will check again at the end of file.


WARNING: c1693.cli line 650 destination id of "same as" not found. Will check again at the end of file.
Near line: 650 
Near line: 651             pnoivo$manuel da cunha homem/id=c1693.27-per2

681: cas$c1693.28
704: cas$c1693.29
729: cas$c1693.30

/Users/jrc/mhk-home/sources/soure/documents/casamentos/c1693.cli:747:destination id of "same as" not found. Will check again at the end of file.


WARNING: c1693.cli line 746 destination id of "same as" not found. Will check again at the end of file.
Near line: 746          test$joao/mesmo_que=joaotesoura/id=c1693.30-per7
Near line: 747             ls$residencia/soure

755: cas$c1693.31

/Users/jrc/mhk-home/sources/soure/documents/casamentos/c1693.cli:773:destination id of "same as" not found. Will check again at the end of file.


WARNING: c1693.cli line 772 destination id of "same as" not found. Will check again at the end of file.
Near line: 772          test$domingos goncalves/mesmo_que=c2-7/id=c1693.31-per8
Near line: 773             ls$residencia/casais do espirito santo

777: cas$c1693.32

/Users/jrc/mhk-home/sources/soure/documents/casamentos/c1693.cli:793:destination id of "same as" not found. Will check again at the end of file.


WARNING: c1693.cli line 792 destination id of "same as" not found. Will check again at the end of file.
Near line: 792          test$domingos goncalves/mesmo_que=c2-7/id=c1693.32-per6
Near line: 793             ls$residencia/casais

800: cas$c1693.33
822: cas$c1693.34

/Users/jrc/mhk-home/sources/soure/documents/casamentos/c1693.cli:840:destination id of "same as" not found. Will check again at the end of file.


WARNING: c1693.cli line 839 destination id of "same as" not found. Will check again at the end of file.
Near line: 839          test$domingos goncalves/mesmo_que=c2-7/id=c1693.34-per8
Near line: 840             ls$residencia/casais do espirito santo

844: cas$c1693.35

/Users/jrc/mhk-home/sources/soure/documents/casamentos/c1693.cli:862:destination id of "same as" not found. Will check again at the end of file.


WARNING: c1693.cli line 861 destination id of "same as" not found. Will check again at the end of file.
Near line: 861          test$domingos goncalves/mesmo_que=c2-7/id=c1693.35-per8
Near line: 862             ls$residencia/casais do espirito santo

866: cas$c1693.36

/Users/jrc/mhk-home/sources/soure/documents/casamentos/c1693.cli:882:destination id of "same as" not found. Will check again at the end of file.


WARNING: c1693.cli line 881 destination id of "same as" not found. Will check again at the end of file.
Near line: 881          test$joao da costa de vasconcelos/mesmo_que=c12-7/id=c1693.36-per7
Near line: 882             ls$residencia/soure

889: cas$c1693.37
913: cas$c1693.38
935: cas$c1693.39

/Users/jrc/mhk-home/sources/soure/documents/casamentos/c1693.cli:951:destination id of "same as" not found. Will check again at the end of file.


WARNING: c1693.cli line 950 destination id of "same as" not found. Will check again at the end of file.
Near line: 950          test$sebastiao soares coelho/mesmo_que=sscoelho/id=c1693.39-per7
Near line: 951             ls$residencia/soure

958: cas$c1693.40
981: cas$c1693.41
*** End of File
ERROR:  Could not find same_as id joaotesoura referred in line 76. If  original reference is on another file use xsame_as

ERROR:  Could not find same_as id joaotesoura referred in line 148. If  original reference is on another file use xsame_as

ERROR:  Could not find same_as id c6-7 referred in line 228. If  original reference is on another file use xsame_as

ERROR:  Could not find same_as id c6-7-isa referred in line 236. If  original reference is on another file use xsame_as

ERROR:  Could not find same_as id c12-8 referred in line 292. If  original reference is on another file use xsame_as

ERROR:  Could not find same_as id joaotesoura referred in line 297. If  original reference is on another file use xsame_as

ERROR:  Could not find same_as id joaotesoura referred in line 321. If  original reference is on another file use xsame_as

ERROR:  Could not find same_as id joaotesoura referred in line 647. If  original reference is on another file use xsame_as

ERROR:  Could not find same_as id c180-7 referred in line 651. If  original reference is on another file use xsame_as

ERROR:  Could not find same_as id joaotesoura referred in line 747. If  original reference is on another file use xsame_as

ERROR:  Could not find same_as id c2-7 referred in line 773. If  original reference is on another file use xsame_as

ERROR:  Could not find same_as id c2-7 referred in line 793. If  original reference is on another file use xsame_as

ERROR:  Could not find same_as id c2-7 referred in line 840. If  original reference is on another file use xsame_as

ERROR:  Could not find same_as id c2-7 referred in line 862. If  original reference is on another file use xsame_as

ERROR:  Could not find same_as id c12-7 referred in line 882. If  original reference is on another file use xsame_as

ERROR:  Could not find same_as id sscoelho referred in line 951. If  original reference is on another file use xsame_as

16  errors. 
16  warnings.
Translation finished.
