ClioInput - version 2019.A1 - build 507 15/07/2019 21:58 
17-2-2020 10-53

Processing data file c1696.cli
-------------------------------------------
Generic Act translation module with geoentities (XML).
     Joaquim Ramos de Carvalho (joaquim@uc.pt) 
** New document: kleio
=========================
kleio translation started
=========================
Structure: gacto.str
Prefix: 
Autorel: 
Translation count: 2
Obs: 
** Processing source fonte$casamentos 1696
6: cas$c1696-12
31: cas$c1696-13
70: cas$c1696-14
95: cas$c1696-15
132: cas$c1696-16
162: cas$c1696-17
192: cas$c1696-18
218: cas$c1696-19
247: cas$c1696-20
277: cas$c1696-21
304: cas$c1696-22
327: cas$c1696-23
352: cas$c1696-24
377: cas$c1696-25
397: cas$c1696-26
420: cas$c1696-27
451: cas$c1696-28
480: cas$c1696-29
503: cas$c1696-30
529: cas$c1696-31
550: cas$c1696-32
581: cas$c1696-33
610: cas$c1696-34
637: cas$c1696-35
665: cas$c1696-36
692: cas$c1696-37
726: cas$c1696-38
762: cas$c1696-39
781: cas$c1696-40
808: cas$c1696-41
840: cas$c1696-42
873: cas$c1696-43
915: cas$c1696-44
943: cas$c1696-45
975: cas$c1696-46
*** End of File

WARNING: c1696.cli line 372  "SAME AS" TO EXTERNAL REFERENCE EXPORTED (c12-7) CHECK IF IT EXISTS BEFORE IMPORTING THIS FILE.
Near lines: 372 Near line: 373 

WARNING: c1696.cli line 394  "SAME AS" TO EXTERNAL REFERENCE EXPORTED (c12-7) CHECK IF IT EXISTS BEFORE IMPORTING THIS FILE.
Near lines: 394 Near line: 395 

WARNING: c1696.cli line 413  "SAME AS" TO EXTERNAL REFERENCE EXPORTED (c2-7) CHECK IF IT EXISTS BEFORE IMPORTING THIS FILE.
Near lines: 413 Near line: 414 

WARNING: c1696.cli line 442  "SAME AS" TO EXTERNAL REFERENCE EXPORTED (c2-8) CHECK IF IT EXISTS BEFORE IMPORTING THIS FILE.
Near lines: 442 Near line: 443 

WARNING: c1696.cli line 616  "SAME AS" TO EXTERNAL REFERENCE EXPORTED (c19-3) CHECK IF IT EXISTS BEFORE IMPORTING THIS FILE.
Near lines: 616 Near line: 617 

WARNING: c1696.cli line 630  "SAME AS" TO EXTERNAL REFERENCE EXPORTED (c2-8) CHECK IF IT EXISTS BEFORE IMPORTING THIS FILE.
Near lines: 630 Near line: 631 

WARNING: c1696.cli line 686  "SAME AS" TO EXTERNAL REFERENCE EXPORTED (c2-8) CHECK IF IT EXISTS BEFORE IMPORTING THIS FILE.
Near lines: 686 Near line: 687 

WARNING: c1696.cli line 805  "SAME AS" TO EXTERNAL REFERENCE EXPORTED (c5-7) CHECK IF IT EXISTS BEFORE IMPORTING THIS FILE.
Near lines: 805 Near line: 806 

WARNING: c1696.cli line 808  "SAME AS" TO EXTERNAL REFERENCE EXPORTED (c2-8) CHECK IF IT EXISTS BEFORE IMPORTING THIS FILE.
Near lines: 808 Near line: 809 

WARNING: c1696.cli line 892  "SAME AS" TO EXTERNAL REFERENCE EXPORTED (c24-7) CHECK IF IT EXISTS BEFORE IMPORTING THIS FILE.
Near lines: 892 Near line: 893 

WARNING: c1696.cli line 898  "SAME AS" TO EXTERNAL REFERENCE EXPORTED (c12-7) CHECK IF IT EXISTS BEFORE IMPORTING THIS FILE.
Near lines: 898 Near line: 899 

WARNING: c1696.cli line 970  "SAME AS" TO EXTERNAL REFERENCE EXPORTED (c2-8) CHECK IF IT EXISTS BEFORE IMPORTING THIS FILE.
Near lines: 970 Near line: 971 

WARNING: c1696.cli line 996  "SAME AS" TO EXTERNAL REFERENCE EXPORTED (c2-7) CHECK IF IT EXISTS BEFORE IMPORTING THIS FILE.
Near lines: 996 Near line: 997 

WARNING: c1696.cli line 999  "SAME AS" TO EXTERNAL REFERENCE EXPORTED (c2-8) CHECK IF IT EXISTS BEFORE IMPORTING THIS FILE.
Near lines: 999 Near line: 1000 
** Processed file- /kleio-home/sources/soure/soure-sources/sources/soure_fase1/casamentos/c1696.cli
** Original file- /kleio-home/sources/soure/soure-sources/sources/soure_fase1/casamentos/c1696.org
** Previous version- /kleio-home/sources/soure/soure-sources/sources/soure_fase1/casamentos/c1696.old
** Temp file with ids- /kleio-home/sources/soure/soure-sources/sources/soure_fase1/casamentos/c1696.ids
0  errors. 
14  warnings.
Translation finished.
