ClioInput - version @@VERSION@@ - build @@BUILD@@ @@DATE@@
10-8-2018 14-19

Processing data file /Users/jrc/mhk-home/sources/soure/documents/casamentos/c1719.cli
-------------------------------------------
Generic Act translation module with geoentities (XML).
     Joaquim Ramos de Carvalho (joaquim@uc.pt) 
** New document: kleio
=========================
kleio translation started
=========================
Structure: gacto.str
Prefix: 
Autorel: 
Translation count: 1
Obs: 
** Processing source fonte$casamentos 1719
6: cas$c1719.1
36: cas$c1719.2
65: cas$c1719.3

/Users/jrc/mhk-home/sources/soure/documents/casamentos/c1719.cli:97:destination id of "same as" not found. Will check again at the end of file.


WARNING: c1719.cli line 96 destination id of "same as" not found. Will check again at the end of file.
Near line: 96 
Near line: 97       cas$c1719.4/20/2/1719/nossa senhora de finisterra/manuel rodrigues (vigario)

99: cas$c1719.4
129: cas$c1719.5
157: cas$c1719.6
193: cas$c1719.7

/Users/jrc/mhk-home/sources/soure/documents/casamentos/c1719.cli:209:destination id of "same as" not found. Will check again at the end of file.


WARNING: c1719.cli line 208 destination id of "same as" not found. Will check again at the end of file.
Near line: 208 
Near line: 209          referida$isabel da silva/mesmo_que=c6-7-isa/id=c1719.7-per8


/Users/jrc/mhk-home/sources/soure/documents/casamentos/c1719.cli:210:destination id of "same as" not found. Will check again at the end of file.


WARNING: c1719.cli line 209 destination id of "same as" not found. Will check again at the end of file.
Near line: 209          referida$isabel da silva/mesmo_que=c6-7-isa/id=c1719.7-per8
Near line: 210             ls$titulo/dona

225: cas$c1719.8
258: cas$c1719.9
289: cas$c1719.10
325: cas$c1719.11
356: cas$c1719.12
384: cas$c1719.13

/Users/jrc/mhk-home/sources/soure/documents/casamentos/c1719.cli:400:destination id of "same as" not found. Will check again at the end of file.


WARNING: c1719.cli line 399 destination id of "same as" not found. Will check again at the end of file.
Near line: 399          test$vicente colaco de morais/mesmo_que=c104-7/id=c1719.13-per7
Near line: 400             ls$residencia/soure


/Users/jrc/mhk-home/sources/soure/documents/casamentos/c1719.cli:409:destination id of "same as" not found. Will check again at the end of file.


WARNING: c1719.cli line 408 destination id of "same as" not found. Will check again at the end of file.
Near line: 408          test$sebastiao machado da costa/mesmo_que=c12-8/id=c1719.13-per10
Near line: 409             ls$residencia/soure

413: cas$c1719.14
464: cas$c1719.15

/Users/jrc/mhk-home/sources/soure/documents/casamentos/c1719.cli:476:destination id of "same as" not found. Will check again at the end of file.


WARNING: c1719.cli line 475 destination id of "same as" not found. Will check again at the end of file.
Near line: 475             pnoiva$sebastiao colaco leitao/mesmo_que=c68-7/id=c1719.15-per3
Near line: 476                ls$morto/antes


/Users/jrc/mhk-home/sources/soure/documents/casamentos/c1719.cli:483:destination id of "same as" not found. Will check again at the end of file.


WARNING: c1719.cli line 482 destination id of "same as" not found. Will check again at the end of file.
Near line: 482 
Near line: 483          test$joao colaco de morais/id=ctest19071719


/Users/jrc/mhk-home/sources/soure/documents/casamentos/c1719.cli:492:destination id of "same as" not found. Will check again at the end of file.


WARNING: c1719.cli line 491 destination id of "same as" not found. Will check again at the end of file.
Near line: 491          referido$vicente colaco de morais/mesmo_que=c104-7/id=c1719.15-per8
Near line: 492             rel$parentesco/tio/leogarda maria pessoa da silva/cnoiva19071719

497: cas$c1719.16

/Users/jrc/mhk-home/sources/soure/documents/casamentos/c1719.cli:513:destination id of "same as" not found. Will check again at the end of file.


WARNING: c1719.cli line 512 destination id of "same as" not found. Will check again at the end of file.
Near line: 512          test$manuel rodrigues alvaro/mesmo_que=padre_alvaro/id=c1719.16-per7
Near line: 513             ls$cargo/tesoureiro da igreja

529: cas$c1719.17
576: cas$c1719.18
603: cas$c1719.19
633: cas$c1719.20
663: cas$c1719.21

/Users/jrc/mhk-home/sources/soure/documents/casamentos/c1719.cli:685:destination id of "same as" not found. Will check again at the end of file.


WARNING: c1719.cli line 684 destination id of "same as" not found. Will check again at the end of file.
Near line: 684          test$domingos goncalves galhardo/mesmo_que=dggalhardo/id=c1719.21-per7
Near line: 685             ls$residencia/soure

699: cas$c1719.22
737: cas$c1719.23
770: cas$c1719.24
*** End of File
ERROR:  Could not find same_as id padre_alvaro referred in line 97. If  original reference is on another file use xsame_as

ERROR:  Could not find same_as id c6-7-ped referred in line 209. If  original reference is on another file use xsame_as

ERROR:  Could not find same_as id c6-7-isa referred in line 210. If  original reference is on another file use xsame_as

ERROR:  Could not find same_as id c104-7 referred in line 400. If  original reference is on another file use xsame_as

ERROR:  Could not find same_as id c12-8 referred in line 409. If  original reference is on another file use xsame_as

ERROR:  Could not find same_as id c68-7 referred in line 476. If  original reference is on another file use xsame_as

ERROR:  Could not find same_as id ppessoa referred in line 483. If  original reference is on another file use xsame_as

ERROR:  Could not find same_as id c104-7 referred in line 492. If  original reference is on another file use xsame_as

ERROR:  Could not find same_as id padre_alvaro referred in line 513. If  original reference is on another file use xsame_as

ERROR:  Could not find same_as id dggalhardo referred in line 685. If  original reference is on another file use xsame_as

10  errors. 
10  warnings.
Translation finished.
