ClioInput - version @@VERSION@@ - build @@BUILD@@ @@DATE@@
10-8-2018 14-16

Processing data file /Users/jrc/mhk-home/sources/soure/documents/casamentos/c1718.cli
-------------------------------------------
Generic Act translation module with geoentities (XML).
     Joaquim Ramos de Carvalho (joaquim@uc.pt) 
** New document: kleio
=========================
kleio translation started
=========================
Structure: gacto.str
Prefix: 
Autorel: 
Translation count: 1
Obs: 
** Processing source fonte$casamentos 1718
6: cas$c1718.1
37: cas$c1718.2
66: cas$c1718.3
98: cas$c1718.4

/Users/jrc/mhk-home/sources/soure/documents/casamentos/c1718.cli:119:destination id of "same as" not found. Will check again at the end of file.


WARNING: c1718.cli line 118 destination id of "same as" not found. Will check again at the end of file.
Near line: 118 
Near line: 119          test$joao rodrigues alvaro/id=c1718.4-per10

125: cas$c1718.5

/Users/jrc/mhk-home/sources/soure/documents/casamentos/c1718.cli:152:destination id of "same as" not found. Will check again at the end of file.


WARNING: c1718.cli line 151 destination id of "same as" not found. Will check again at the end of file.
Near line: 151          test$manuel rodrigues alvaro/mesmo_que=padre_alvaro/id=c1718.5-per10
Near line: 152             ls$cargo/tesoureiro da igreja de soure

165: cas$c1718.6

/Users/jrc/mhk-home/sources/soure/documents/casamentos/c1718.cli:187:destination id of "same as" not found. Will check again at the end of file.


WARNING: c1718.cli line 186 destination id of "same as" not found. Will check again at the end of file.
Near line: 186          test$luis manhos de abreu/mesmo_que=lmabreu/id=c1718.6-per7
Near line: 187             ls$cargo/capitao


/Users/jrc/mhk-home/sources/soure/documents/casamentos/c1718.cli:191:destination id of "same as" not found. Will check again at the end of file.


WARNING: c1718.cli line 190 destination id of "same as" not found. Will check again at the end of file.
Near line: 190 
Near line: 191          test$tome velho/id=c1718.6-per9

199: cas$c1718.7
237: cas$c1718.8
267: cas$c1718.9
296: cas$c1718.10
329: cas$c1718.11

/Users/jrc/mhk-home/sources/soure/documents/casamentos/c1718.cli:353:destination id of "same as" not found. Will check again at the end of file.


WARNING: c1718.cli line 352 destination id of "same as" not found. Will check again at the end of file.
Near line: 352          test$manuel rodrigues alvaro/mesmo_que=padre_alvaro/id=c1718.11-per10
Near line: 353             ls$cargo/tesoureiro

357: cas$c1718.12
385: cas$c1718.13

/Users/jrc/mhk-home/sources/soure/documents/casamentos/c1718.cli:404:destination id of "same as" not found. Will check again at the end of file.


WARNING: c1718.cli line 403 destination id of "same as" not found. Will check again at the end of file.
Near line: 403             pnoiva$joao gomes carrasco/mesmo_que=jgcarrasco/id=c1718.13-per8
Near line: 404                ls$residencia/casal da venda

422: cas$c1718.14
456: cas$c1718.15

/Users/jrc/mhk-home/sources/soure/documents/casamentos/c1718.cli:459:destination id of "same as" not found. Will check again at the end of file.


WARNING: c1718.cli line 458 destination id of "same as" not found. Will check again at the end of file.
Near line: 458             pnoivo$jose da cunha e sa/mesmo_que=c180-7/id=c1718.15-per2
Near line: 459                ls$nome/jose da cunha

495: cas$c1718.16
533: cas$c1718.17
573: cas$c1718.18
603: cas$c1718.19
638: cas$c1718.20
674: cas$c1718.21
704: cas$c1718.22
734: cas$c1718.23
763: cas$c1718.24
793: cas$c1718.25
822: cas$c1718.26

/Users/jrc/mhk-home/sources/soure/documents/casamentos/c1718.cli:842:destination id of "same as" not found. Will check again at the end of file.


WARNING: c1718.cli line 841 destination id of "same as" not found. Will check again at the end of file.
Near line: 841          test$domingos goncalves galhardo/mesmo_que=dggalhardo/id=c1718.26-per6
Near line: 842             ls$titulo/licenciado


/Users/jrc/mhk-home/sources/soure/documents/casamentos/c1718.cli:846:destination id of "same as" not found. Will check again at the end of file.


WARNING: c1718.cli line 845 destination id of "same as" not found. Will check again at the end of file.
Near line: 845 
Near line: 846          test$francisco da trindade/id=c1718.26-per8

858: cas$c1718.27
898: cas$c1718.28
*** End of File
ERROR:  Could not find same_as id padre_alvaro referred in line 119. If  original reference is on another file use xsame_as

ERROR:  Could not find same_as id padre_alvaro referred in line 152. If  original reference is on another file use xsame_as

ERROR:  Could not find same_as id lmabreu referred in line 187. If  original reference is on another file use xsame_as

ERROR:  Could not find same_as id lsc1 referred in line 191. If  original reference is on another file use xsame_as

ERROR:  Could not find same_as id padre_alvaro referred in line 353. If  original reference is on another file use xsame_as

ERROR:  Could not find same_as id jgcarrasco referred in line 404. If  original reference is on another file use xsame_as

ERROR:  Could not find same_as id c180-7 referred in line 459. If  original reference is on another file use xsame_as

ERROR:  Could not find same_as id dggalhardo referred in line 842. If  original reference is on another file use xsame_as

ERROR:  Could not find same_as id c12-8 referred in line 846. If  original reference is on another file use xsame_as

9  errors. 
9  warnings.
Translation finished.
