ClioInput - version @@VERSION@@ - build @@BUILD@@ @@DATE@@
10-8-2018 14-19

Processing data file /Users/jrc/mhk-home/sources/soure/documents/casamentos/c1720.cli
-------------------------------------------
Generic Act translation module with geoentities (XML).
     Joaquim Ramos de Carvalho (joaquim@uc.pt) 
** New document: kleio
=========================
kleio translation started
=========================
Structure: gacto.str
Prefix: 
Autorel: 
Translation count: 1
Obs: 
** Processing source fonte$casamentos 1720
6: cas$c1720.1
44: cas$c1720.2
83: cas$c1720.3
113: cas$c1720.4
148: cas$c1720.5
176: cas$c1720.6
212: cas$c1720.7
247: cas$c1720.8

/Users/jrc/mhk-home/sources/soure/documents/casamentos/c1720.cli:279:destination id of "same as" not found. Will check again at the end of file.


WARNING: c1720.cli line 278 destination id of "same as" not found. Will check again at the end of file.
Near line: 278          test$manuel rodrigues alvaro/mesmo_que=padre_alvaro/id=c1720.8-per12
Near line: 279             ls$cargo/tesoureiro

287: cas$c1720.9
328: cas$c1720.10
360: cas$c1720.11
390: cas$c1720.12
421: cas$c1720.13
452: cas$c1720.14
484: cas$c1720.15

/Users/jrc/mhk-home/sources/soure/documents/casamentos/c1720.cli:502:destination id of "same as" not found. Will check again at the end of file.


WARNING: c1720.cli line 501 destination id of "same as" not found. Will check again at the end of file.
Near line: 501 
Near line: 502          test$joao gaspar/id=c1720.15-per8


/Users/jrc/mhk-home/sources/soure/documents/casamentos/c1720.cli:512:destination id of "same as" not found. Will check again at the end of file.


WARNING: c1720.cli line 511 destination id of "same as" not found. Will check again at the end of file.
Near line: 511          test$manuel rodrigues alvaro/mesmo_que=padre_alvaro/id=c1720.15-per10
Near line: 512             ls$cargo/tesoureiro

516: cas$c1720.16
548: cas$c1720.17
577: cas$c1720.18
609: cas$c1720.19
638: cas$c1720.20
671: cas$c1720.21
705: cas$c1720.22
735: cas$c1720.23
765: cas$c1720.24
*** End of File
ERROR:  Could not find same_as id padre_alvaro referred in line 279. If  original reference is on another file use xsame_as

ERROR:  Could not find same_as id c6-7-rod referred in line 502. If  original reference is on another file use xsame_as

ERROR:  Could not find same_as id padre_alvaro referred in line 512. If  original reference is on another file use xsame_as

3  errors. 
3  warnings.
Translation finished.
